Component: ARM Compiler 5.06 update 5 (build 528) Tool: armlink [4d35e2]

==============================================================================

Section Cross References

    mbed/TARGET_LPC1768/TOOLCHAIN_ARM_STD/analogin_api.o(i.analogin_init) refers to mbed/TARGET_LPC1768/TOOLCHAIN_ARM_STD/mbed.ar(mbed_pinmap_common.o)(i.pinmap_peripheral) for pinmap_peripheral
    mbed/TARGET_LPC1768/TOOLCHAIN_ARM_STD/analogin_api.o(i.analogin_init) refers to mbed/TARGET_LPC1768/TOOLCHAIN_ARM_STD/mbed.ar(mbed_assert.o)(i.mbed_assert_internal) for mbed_assert_internal
    mbed/TARGET_LPC1768/TOOLCHAIN_ARM_STD/analogin_api.o(i.analogin_init) refers to mbed/TARGET_LPC1768/TOOLCHAIN_ARM_STD/mbed.ar(mbed_pinmap_common.o)(i.pinmap_pinout) for pinmap_pinout
    mbed/TARGET_LPC1768/TOOLCHAIN_ARM_STD/analogin_api.o(i.analogin_init) refers to mbed/TARGET_LPC1768/TOOLCHAIN_ARM_STD/analogin_api.o(.constdata) for .constdata
    mbed/TARGET_LPC1768/TOOLCHAIN_ARM_STD/analogin_api.o(i.analogin_init) refers to mbed/TARGET_LPC1768/TOOLCHAIN_ARM_STD/analogin_api.o(.conststring) for .conststring
    mbed/TARGET_LPC1768/TOOLCHAIN_ARM_STD/analogin_api.o(i.analogin_init) refers to mbed/TARGET_LPC1768/TOOLCHAIN_ARM_STD/system_LPC17xx.o(.data) for SystemCoreClock
    mbed/TARGET_LPC1768/TOOLCHAIN_ARM_STD/analogin_api.o(i.analogin_read) refers to D:\Keil_v5\ARM\ARMCC\Bin\..\lib\armlib\fz_ws.l(fflt_clz.o)(x$fpl$ffltu) for __aeabi_ui2f
    mbed/TARGET_LPC1768/TOOLCHAIN_ARM_STD/analogin_api.o(i.analogin_read) refers to D:\Keil_v5\ARM\ARMCC\Bin\..\lib\armlib\fz_ws.l(fmul.o)(x$fpl$fmul) for __aeabi_fmul
    mbed/TARGET_LPC1768/TOOLCHAIN_ARM_STD/analogout_api.o(i.analogout_init) refers to mbed/TARGET_LPC1768/TOOLCHAIN_ARM_STD/mbed.ar(mbed_pinmap_common.o)(i.pinmap_peripheral) for pinmap_peripheral
    mbed/TARGET_LPC1768/TOOLCHAIN_ARM_STD/analogout_api.o(i.analogout_init) refers to mbed/TARGET_LPC1768/TOOLCHAIN_ARM_STD/mbed.ar(mbed_assert.o)(i.mbed_assert_internal) for mbed_assert_internal
    mbed/TARGET_LPC1768/TOOLCHAIN_ARM_STD/analogout_api.o(i.analogout_init) refers to mbed/TARGET_LPC1768/TOOLCHAIN_ARM_STD/mbed.ar(mbed_pinmap_common.o)(i.pinmap_pinout) for pinmap_pinout
    mbed/TARGET_LPC1768/TOOLCHAIN_ARM_STD/analogout_api.o(i.analogout_init) refers to mbed/TARGET_LPC1768/TOOLCHAIN_ARM_STD/analogout_api.o(.constdata) for .constdata
    mbed/TARGET_LPC1768/TOOLCHAIN_ARM_STD/analogout_api.o(i.analogout_init) refers to mbed/TARGET_LPC1768/TOOLCHAIN_ARM_STD/analogout_api.o(.conststring) for .conststring
    mbed/TARGET_LPC1768/TOOLCHAIN_ARM_STD/analogout_api.o(i.analogout_read) refers to D:\Keil_v5\ARM\ARMCC\Bin\..\lib\armlib\fz_ws.l(fflt_clz.o)(x$fpl$ffltu) for __aeabi_ui2f
    mbed/TARGET_LPC1768/TOOLCHAIN_ARM_STD/analogout_api.o(i.analogout_read) refers to D:\Keil_v5\ARM\ARMCC\Bin\..\lib\armlib\fz_ws.l(fmul.o)(x$fpl$fmul) for __aeabi_fmul
    mbed/TARGET_LPC1768/TOOLCHAIN_ARM_STD/analogout_api.o(i.analogout_write) refers to D:\Keil_v5\ARM\ARMCC\Bin\..\lib\armlib\fz_ws.l(fmul.o)(x$fpl$fmul) for __aeabi_fmul
    mbed/TARGET_LPC1768/TOOLCHAIN_ARM_STD/analogout_api.o(i.analogout_write) refers to D:\Keil_v5\ARM\ARMCC\Bin\..\lib\armlib\fz_ws.l(ffix.o)(x$fpl$ffix) for __aeabi_f2iz
    mbed/TARGET_LPC1768/TOOLCHAIN_ARM_STD/can_api.o(i.can_frequency) refers to mbed/TARGET_LPC1768/TOOLCHAIN_ARM_STD/system_LPC17xx.o(.data) for SystemCoreClock
    mbed/TARGET_LPC1768/TOOLCHAIN_ARM_STD/can_api.o(i.can_frequency) refers to mbed/TARGET_LPC1768/TOOLCHAIN_ARM_STD/can_api.o(.constdata) for .constdata
    mbed/TARGET_LPC1768/TOOLCHAIN_ARM_STD/can_api.o(i.can_init) refers to mbed/TARGET_LPC1768/TOOLCHAIN_ARM_STD/mbed.ar(mbed_pinmap_common.o)(i.pinmap_peripheral) for pinmap_peripheral
    mbed/TARGET_LPC1768/TOOLCHAIN_ARM_STD/can_api.o(i.can_init) refers to mbed/TARGET_LPC1768/TOOLCHAIN_ARM_STD/mbed.ar(mbed_pinmap_common.o)(i.pinmap_merge) for pinmap_merge
    mbed/TARGET_LPC1768/TOOLCHAIN_ARM_STD/can_api.o(i.can_init) refers to mbed/TARGET_LPC1768/TOOLCHAIN_ARM_STD/mbed.ar(mbed_assert.o)(i.mbed_assert_internal) for mbed_assert_internal
    mbed/TARGET_LPC1768/TOOLCHAIN_ARM_STD/can_api.o(i.can_init) refers to mbed/TARGET_LPC1768/TOOLCHAIN_ARM_STD/mbed.ar(mbed_pinmap_common.o)(i.pinmap_pinout) for pinmap_pinout
    mbed/TARGET_LPC1768/TOOLCHAIN_ARM_STD/can_api.o(i.can_init) refers to mbed/TARGET_LPC1768/TOOLCHAIN_ARM_STD/can_api.o(i.can_frequency) for can_frequency
    mbed/TARGET_LPC1768/TOOLCHAIN_ARM_STD/can_api.o(i.can_init) refers to mbed/TARGET_LPC1768/TOOLCHAIN_ARM_STD/can_api.o(.constdata) for .constdata
    mbed/TARGET_LPC1768/TOOLCHAIN_ARM_STD/can_api.o(i.can_init) refers to mbed/TARGET_LPC1768/TOOLCHAIN_ARM_STD/can_api.o(.conststring) for .conststring
    mbed/TARGET_LPC1768/TOOLCHAIN_ARM_STD/can_api.o(i.can_init) refers to mbed/TARGET_LPC1768/TOOLCHAIN_ARM_STD/can_api.o(i.can_init_freq) for i.can_init_freq
[...]
    0x0000042a   0x0000042a   0x00000000   Code   RO         3506    .ARM.Collect$$libinit$$00000017  D:\Keil_v5\ARM\ARMCC\Bin\..\lib\armlib\c_w.l(libinit2.o)
    0x0000042a   0x0000042a   0x00000000   Code   RO         3508    .ARM.Collect$$libinit$$00000019  D:\Keil_v5\ARM\ARMCC\Bin\..\lib\armlib\c_w.l(libinit2.o)
    0x0000042a   0x0000042a   0x00000000   Code   RO         3510    .ARM.Collect$$libinit$$0000001B  D:\Keil_v5\ARM\ARMCC\Bin\..\lib\armlib\c_w.l(libinit2.o)
    0x0000042a   0x0000042a   0x00000000   Code   RO         3512    .ARM.Collect$$libinit$$0000001D  D:\Keil_v5\ARM\ARMCC\Bin\..\lib\armlib\c_w.l(libinit2.o)
    0x0000042a   0x0000042a   0x00000000   Code   RO         3514    .ARM.Collect$$libinit$$0000001F  D:\Keil_v5\ARM\ARMCC\Bin\..\lib\armlib\c_w.l(libinit2.o)
    0x0000042a   0x0000042a   0x00000000   Code   RO         3516    .ARM.Collect$$libinit$$00000021  D:\Keil_v5\ARM\ARMCC\Bin\..\lib\armlib\c_w.l(libinit2.o)
    0x0000042a   0x0000042a   0x00000000   Code   RO         3518    .ARM.Collect$$libinit$$00000023  D:\Keil_v5\ARM\ARMCC\Bin\..\lib\armlib\c_w.l(libinit2.o)
    0x0000042a   0x0000042a   0x00000004   Code   RO         3519    .ARM.Collect$$libinit$$00000024  D:\Keil_v5\ARM\ARMCC\Bin\..\lib\armlib\c_w.l(libinit2.o)
    0x0000042e   0x0000042e   0x00000000   Code   RO         3520    .ARM.Collect$$libinit$$00000025  D:\Keil_v5\ARM\ARMCC\Bin\..\lib\armlib\c_w.l(libinit2.o)
    0x0000042e   0x0000042e   0x00000000   Code   RO         3524    .ARM.Collect$$libinit$$0000002C  D:\Keil_v5\ARM\ARMCC\Bin\..\lib\armlib\c_w.l(libinit2.o)
    0x0000042e   0x0000042e   0x00000000   Code   RO         3526    .ARM.Collect$$libinit$$0000002E  D:\Keil_v5\ARM\ARMCC\Bin\..\lib\armlib\c_w.l(libinit2.o)
    0x0000042e   0x0000042e   0x00000000   Code   RO         3528    .ARM.Collect$$libinit$$00000030  D:\Keil_v5\ARM\ARMCC\Bin\..\lib\armlib\c_w.l(libinit2.o)
    0x0000042e   0x0000042e   0x00000004   Code   RO         3529    .ARM.Collect$$libinit$$00000031  D:\Keil_v5\ARM\ARMCC\Bin\..\lib\armlib\c_w.l(libinit2.o)
    0x00000432   0x00000432   0x00000000   Code   RO         3530    .ARM.Collect$$libinit$$00000032  D:\Keil_v5\ARM\ARMCC\Bin\..\lib\armlib\c_w.l(libinit2.o)
    0x00000432   0x00000432   0x00000002   Code   RO         3531    .ARM.Collect$$libinit$$00000033  D:\Keil_v5\ARM\ARMCC\Bin\..\lib\armlib\c_w.l(libinit2.o)
    0x00000434   0x00000434   0x00000000   Code   RO         3737    .ARM.Collect$$libshutdown$$00000004  D:\Keil_v5\ARM\ARMCC\Bin\..\lib\armlib\c_w.l(libshutdown2.o)
    0x00000434   0x00000434   0x00000000   Code   RO         3336    .ARM.Collect$$rtentry$$00000000  D:\Keil_v5\ARM\ARMCC\Bin\..\lib\armlib\c_w.l(__rtentry.o)
    0x00000434   0x00000434   0x00000000   Code   RO         3597    .ARM.Collect$$rtentry$$00000002  D:\Keil_v5\ARM\ARMCC\Bin\..\lib\armlib\c_w.l(__rtentry2.o)
    0x00000434   0x00000434   0x00000006   Code   RO         3609    .ARM.Collect$$rtentry$$00000004  D:\Keil_v5\ARM\ARMCC\Bin\..\lib\armlib\c_w.l(__rtentry4.o)
    0x0000043a   0x0000043a   0x00000008   Code   RO         3598    .ARM.Collect$$rtentry$$00000008  D:\Keil_v5\ARM\ARMCC\Bin\..\lib\armlib\c_w.l(__rtentry2.o)
    0x00000442   0x00000442   0x00000004   Code   RO         3600    .ARM.Collect$$rtentry$$0000000A  D:\Keil_v5\ARM\ARMCC\Bin\..\lib\armlib\c_w.l(__rtentry2.o)
    0x00000446   0x00000446   0x00000000   Code   RO         3602    .ARM.Collect$$rtentry$$0000000C  D:\Keil_v5\ARM\ARMCC\Bin\..\lib\armlib\c_w.l(__rtentry2.o)
    0x00000446   0x00000446   0x00000008   Code   RO         3603    .ARM.Collect$$rtentry$$0000000D  D:\Keil_v5\ARM\ARMCC\Bin\..\lib\armlib\c_w.l(__rtentry2.o)
    0x0000044e   0x0000044e   0x00000002   PAD
    0x00000450   0x00000450   0x00000000   Code   RO         3622    .emb_text           D:\Keil_v5\ARM\ARMCC\Bin\..\lib\armlib\c_w.l(maybetermalloc1.o)
    0x00000450   0x00000450   0x00000024   Code   RO          567    .text               mbed/TARGET_LPC1768/TOOLCHAIN_ARM_STD/startup_LPC17xx.o
    0x00000474   0x00000474   0x00000008   Code   RO         2953    .text               D:\Keil_v5\ARM\ARMCC\Bin\..\lib\armlib\c_w.l(rt_errno_addr.o)
    0x0000047c   0x0000047c   0x0000005e   Code   RO         2962    .text               D:\Keil_v5\ARM\ARMCC\Bin\..\lib\armlib\c_w.l(h1_alloc.o)
    0x000004da   0x000004da   0x0000004e   Code   RO         2964    .text               D:\Keil_v5\ARM\ARMCC\Bin\..\lib\armlib\c_w.l(h1_free.o)
    0x00000528   0x00000528   0x000000ee   Code   RO         3020    .text               D:\Keil_v5\ARM\ARMCC\Bin\..\lib\armlib\c_w.l(lludivv7m.o)
    0x00000616   0x00000616   0x00000026   Code   RO         3022    .text               D:\Keil_v5\ARM\ARMCC\Bin\..\lib\armlib\c_w.l(llshl.o)
    0x0000063c   0x0000063c   0x00000034   Code   RO         3024    .text               D:\Keil_v5\ARM\ARMCC\Bin\..\lib\armlib\c_w.l(vsnprintf.o)
    0x00000670   0x00000670   0x0000000a   Code   RO         3026    .text               D:\Keil_v5\ARM\ARMCC\Bin\..\lib\armlib\c_w.l(c89vfprintf.o)
    0x0000067a   0x0000067a   0x00000002   PAD
    0x0000067c   0x0000067c   0x00000018   Code   RO         3028    .text               D:\Keil_v5\ARM\ARMCC\Bin\..\lib\armlib\c_w.l(__2printf.o)
    0x00000694   0x00000694   0x00000188   Code   RO         3051    .text               D:\Keil_v5\ARM\ARMCC\Bin\..\lib\armlib\c_w.l(__printf_flags_ss_wp.o)
    0x0000081c   0x0000081c   0x00000064   Code   RO         3062    .text               D:\Keil_v5\ARM\ARMCC\Bin\..\lib\armlib\c_w.l(fflush.o)
    0x00000880   0x00000880   0x000000ec   Code   RO         3076    .text               D:\Keil_v5\ARM\ARMCC\Bin\..\lib\armlib\c_w.l(fopen.o)
    0x0000096c   0x0000096c   0x00000014   Code   RO         3078    .text               D:\Keil_v5\ARM\ARMCC\Bin\..\lib\armlib\c_w.l(setbuf.o)
    0x00000980   0x00000980   0x0000004c   Code   RO         3086    .text               D:\Keil_v5\ARM\ARMCC\Bin\..\lib\armlib\c_w.l(fclose.o)
    0x000009cc   0x000009cc   0x0000003e   Code   RO         3098    .text               D:\Keil_v5\ARM\ARMCC\Bin\..\lib\armlib\c_w.l(strlen.o)
    0x00000a0a   0x00000a0a   0x00000096   Code   RO         3100    .text               D:\Keil_v5\ARM\ARMCC\Bin\..\lib\armlib\c_w.l(strncmp.o)
    0x00000aa0   0x00000aa0   0x00000064   Code   RO         3104    .text               D:\Keil_v5\ARM\ARMCC\Bin\..\lib\armlib\c_w.l(rt_memcpy_w.o)
    0x00000b04   0x00000b04   0x0000004e   Code   RO         3108    .text               D:\Keil_v5\ARM\ARMCC\Bin\..\lib\armlib\c_w.l(rt_memclr_w.o)
    0x00000b52   0x00000b52   0x00000002   PAD
    0x00000b54   0x00000b54   0x00000080   Code   RO         3110    .text               D:\Keil_v5\ARM\ARMCC\Bin\..\lib\armlib\c_w.l(strcmpv7m.o)
    0x00000bd4   0x00000bd4   0x00000024   Code   RO         3117    .text               D:\Keil_v5\ARM\ARMCC\Bin\..\lib\armlib\c_w.l(init_aeabi.o)
    0x00000bf8   0x00000bf8   0x00000022   Code   RO         3232    .text               D:\Keil_v5\ARM\ARMCC\Bin\..\lib\cpplib\cpprt_w.l(aeabi_vec_dtor_noexceptions.o)
    0x00000c1a   0x00000c1a   0x00000002   PAD
    0x00000c1c   0x00000c1c   0x00000008   Code   RO         3341    .text               D:\Keil_v5\ARM\ARMCC\Bin\..\lib\armlib\c_w.l(rt_heap_descriptor.o)
    0x00000c24   0x00000c24   0x00000004   Code   RO         3346    .text               D:\Keil_v5\ARM\ARMCC\Bin\..\lib\armlib\c_w.l(hguard.o)
    0x00000c28   0x00000c28   0x0000008a   Code   RO         3348    .text               D:\Keil_v5\ARM\ARMCC\Bin\..\lib\armlib\c_w.l(init_alloc.o)
    0x00000cb2   0x00000cb2   0x0000000e   Code   RO         3352    .text               D:\Keil_v5\ARM\ARMCC\Bin\..\lib\armlib\c_w.l(h1_init.o)
    0x00000cc0   0x00000cc0   0x00000016   Code   RO         3366    .text               D:\Keil_v5\ARM\ARMCC\Bin\..\lib\armlib\c_w.l(_rserrno.o)
    0x00000cd6   0x00000cd6   0x0000004e   Code   RO         3368    .text               D:\Keil_v5\ARM\ARMCC\Bin\..\lib\armlib\c_w.l(_printf_pad.o)
    0x00000d24   0x00000d24   0x00000024   Code   RO         3370    .text               D:\Keil_v5\ARM\ARMCC\Bin\..\lib\armlib\c_w.l(_printf_truncate.o)
    0x00000d48   0x00000d48   0x00000052   Code   RO         3372    .text               D:\Keil_v5\ARM\ARMCC\Bin\..\lib\armlib\c_w.l(_printf_str.o)
    0x00000d9a   0x00000d9a   0x00000002   PAD
    0x00000d9c   0x00000d9c   0x00000078   Code   RO         3374    .text               D:\Keil_v5\ARM\ARMCC\Bin\..\lib\armlib\c_w.l(_printf_dec.o)
    0x00000e14   0x00000e14   0x00000028   Code   RO         3376    .text               D:\Keil_v5\ARM\ARMCC\Bin\..\lib\armlib\c_w.l(_printf_charcount.o)
    0x00000e3c   0x00000e3c   0x0000041e   Code   RO         3378    .text               D:\Keil_v5\ARM\ARMCC\Bin\..\lib\armlib\c_w.l(_printf_fp_dec.o)
    0x0000125a   0x0000125a   0x00000002   PAD
    0x0000125c   0x0000125c   0x00000030   Code   RO         3380    .text               D:\Keil_v5\ARM\ARMCC\Bin\..\lib\armlib\c_w.l(_printf_char_common.o)
    0x0000128c   0x0000128c   0x0000000a   Code   RO         3382    .text               D:\Keil_v5\ARM\ARMCC\Bin\..\lib\armlib\c_w.l(_sputc.o)
    0x00001296   0x00001296   0x00000010   Code   RO         3384    .text               D:\Keil_v5\ARM\ARMCC\Bin\..\lib\armlib\c_w.l(_snputc.o)
    0x000012a6   0x000012a6   0x00000002   PAD
    0x000012a8   0x000012a8   0x00000024   Code   RO         3386    .text               D:\Keil_v5\ARM\ARMCC\Bin\..\lib\armlib\c_w.l(_printf_char_file.o)
    0x000012cc   0x000012cc   0x000000bc   Code   RO         3388    .text               D:\Keil_v5\ARM\ARMCC\Bin\..\lib\armlib\c_w.l(_printf_wctomb.o)
    0x00001388   0x00001388   0x0000007c   Code   RO         3391    .text               D:\Keil_v5\ARM\ARMCC\Bin\..\lib\armlib\c_w.l(_printf_longlong_dec.o)
    0x00001404   0x00001404   0x00000070   Code   RO         3397    .text               D:\Keil_v5\ARM\ARMCC\Bin\..\lib\armlib\c_w.l(_printf_oct_int_ll.o)
    0x00001474   0x00001474   0x00000094   Code   RO         3417    .text               D:\Keil_v5\ARM\ARMCC\Bin\..\lib\armlib\c_w.l(_printf_hex_int_ll_ptr.o)
    0x00001508   0x00001508   0x00000008   Code   RO         3460    .text               D:\Keil_v5\ARM\ARMCC\Bin\..\lib\armlib\c_w.l(ferror.o)
    0x00001510   0x00001510   0x0000023a   Code   RO         3462    .text               D:\Keil_v5\ARM\ARMCC\Bin\..\lib\armlib\c_w.l(filbuf.o)
    0x0000174a   0x0000174a   0x000001d6   Code   RO         3464    .text               D:\Keil_v5\ARM\ARMCC\Bin\..\lib\armlib\c_w.l(flsbuf.o)
    0x00001920   0x00001920   0x000000f8   Code   RO         3466    .text               D:\Keil_v5\ARM\ARMCC\Bin\..\lib\armlib\c_w.l(fseek.o)
    0x00001a18   0x00001a18   0x00000046   Code   RO         3468    .text               D:\Keil_v5\ARM\ARMCC\Bin\..\lib\armlib\c_w.l(setvbuf.o)
    0x00001a5e   0x00001a5e   0x00000002   PAD
    0x00001a60   0x00001a60   0x000000f0   Code   RO         3470    .text               D:\Keil_v5\ARM\ARMCC\Bin\..\lib\armlib\c_w.l(stdio.o)
    0x00001b50   0x00001b50   0x00000138   Code   RO         3473    .text               D:\Keil_v5\ARM\ARMCC\Bin\..\lib\armlib\c_w.l(initio.o)
    0x00001c88   0x00001c88   0x0000000e   Code   RO         3481    .text               D:\Keil_v5\ARM\ARMCC\Bin\..\lib\armlib\c_w.l(defsig_pvfn_outer.o)
    0x00001c96   0x00001c96   0x00000002   PAD
    0x00001c98   0x00001c98   0x00000008   Code   RO         3615    .text               D:\Keil_v5\ARM\ARMCC\Bin\..\lib\armlib\c_w.l(rt_locale.o)
    0x00001ca0   0x00001ca0   0x00000034   Code   RO         3624    .text               D:\Keil_v5\ARM\ARMCC\Bin\..\lib\armlib\c_w.l(h1_extend.o)
    0x00001cd4   0x00001cd4   0x0000008a   Code   RO         3628    .text               D:\Keil_v5\ARM\ARMCC\Bin\..\lib\armlib\c_w.l(lludiv10.o)
    0x00001d5e   0x00001d5e   0x000000b2   Code   RO         3632    .text               D:\Keil_v5\ARM\ARMCC\Bin\..\lib\armlib\c_w.l(_printf_intcommon.o)
    0x00001e10   0x00001e10   0x000002fc   Code   RO         3634    .text               D:\Keil_v5\ARM\ARMCC\Bin\..\lib\armlib\c_w.l(_printf_fp_hex.o)
    0x0000210c   0x0000210c   0x00000080   Code   RO         3637    .text               D:\Keil_v5\ARM\ARMCC\Bin\..\lib\armlib\c_w.l(_printf_fp_infnan.o)
    0x0000218c   0x0000218c   0x0000002c   Code   RO         3641    .text               D:\Keil_v5\ARM\ARMCC\Bin\..\lib\armlib\c_w.l(_printf_char.o)
    0x000021b8   0x000021b8   0x0000002c   Code   RO         3645    .text               D:\Keil_v5\ARM\ARMCC\Bin\..\lib\armlib\c_w.l(_printf_wchar.o)
    0x000021e4   0x000021e4   0x000000e4   Code   RO         3655    .text               D:\Keil_v5\ARM\ARMCC\Bin\..\lib\armlib\c_w.l(bigflt0.o)
    0x000022c8   0x000022c8   0x00000042   Code   RO         3682    .text               D:\Keil_v5\ARM\ARMCC\Bin\..\lib\armlib\c_w.l(ftell.o)
    0x0000230a   0x0000230a   0x00000002   PAD
    0x0000230c   0x0000230c   0x00000038   Code   RO         3690    .text               D:\Keil_v5\ARM\ARMCC\Bin\..\lib\armlib\c_w.l(flushlinebuffered.o)
    0x00002344   0x00002344   0x00000040   Code   RO         3708    .text               D:\Keil_v5\ARM\ARMCC\Bin\..\lib\armlib\c_w.l(_wcrtomb.o)
    0x00002384   0x00002384   0x0000000a   Code   RO         3713    .text               D:\Keil_v5\ARM\ARMCC\Bin\..\lib\armlib\c_w.l(defsig_exit.o)
    0x0000238e   0x0000238e   0x0000000e   Code   RO         3715    .text               D:\Keil_v5\ARM\ARMCC\Bin\..\lib\armlib\c_w.l(defsig_rtred_outer.o)
    0x0000239c   0x0000239c   0x0000000e   Code   RO         3719    .text               D:\Keil_v5\ARM\ARMCC\Bin\..\lib\armlib\c_w.l(defsig_rtmem_outer.o)
    0x000023aa   0x000023aa   0x00000002   PAD
    0x000023ac   0x000023ac   0x00000030   Code   RO         3723    .text               D:\Keil_v5\ARM\ARMCC\Bin\..\lib\armlib\c_w.l(defsig_pvfn_inner.o)
    0x000023dc   0x000023dc   0x00000050   Code   RO         3727    .text               D:\Keil_v5\ARM\ARMCC\Bin\..\lib\armlib\c_w.l(heapauxa.o)
    0x0000242c   0x0000242c   0x0000000c   Code   RO         3774    .text               D:\Keil_v5\ARM\ARMCC\Bin\..\lib\armlib\c_w.l(sys_exit.o)
    0x00002438   0x00002438   0x00000010   Code   RO         3776    .text               D:\Keil_v5\ARM\ARMCC\Bin\..\lib\armlib\c_w.l(rt_ctype_table.o)
    0x00002448   0x00002448   0x00000032   Code   RO         3791    .text               D:\Keil_v5\ARM\ARMCC\Bin\..\lib\armlib\c_w.l(defsig_general.o)
    0x0000247a   0x0000247a   0x00000002   PAD
    0x0000247c   0x0000247c   0x00000034   Code   RO         3797    .text               D:\Keil_v5\ARM\ARMCC\Bin\..\lib\armlib\c_w.l(defsig_rtred_inner.o)
    0x000024b0   0x000024b0   0x00000050   Code   RO         3799    .text               D:\Keil_v5\ARM\ARMCC\Bin\..\lib\armlib\c_w.l(defsig_rtmem_inner.o)
    0x00002500   0x00002500   0x0000000e   Code   RO         3837    .text               D:\Keil_v5\ARM\ARMCC\Bin\..\lib\armlib\c_w.l(sys_wrch.o)
    0x0000250e   0x0000250e   0x00000002   Code   RO         3839    .text               D:\Keil_v5\ARM\ARMCC\Bin\..\lib\armlib\c_w.l(use_no_semi.o)
    0x00002510   0x00002510   0x00000000   Code   RO         3841    .text               D:\Keil_v5\ARM\ARMCC\Bin\..\lib\armlib\c_w.l(indicate_semi.o)
    0x00002510   0x00002510   0x0000003e   Code   RO         3658    CL$$btod_d2e        D:\Keil_v5\ARM\ARMCC\Bin\..\lib\armlib\c_w.l(btod.o)
    0x0000254e   0x0000254e   0x00000046   Code   RO         3660    CL$$btod_d2e_denorm_low  D:\Keil_v5\ARM\ARMCC\Bin\..\lib\armlib\c_w.l(btod.o)
    0x00002594   0x00002594   0x00000060   Code   RO         3659    CL$$btod_d2e_norm_op1  D:\Keil_v5\ARM\ARMCC\Bin\..\lib\armlib\c_w.l(btod.o)
    0x000025f4   0x000025f4   0x00000338   Code   RO         3668    CL$$btod_div_common  D:\Keil_v5\ARM\ARMCC\Bin\..\lib\armlib\c_w.l(btod.o)
    0x0000292c   0x0000292c   0x000000dc   Code   RO         3665    CL$$btod_e2e        D:\Keil_v5\ARM\ARMCC\Bin\..\lib\armlib\c_w.l(btod.o)
    0x00002a08   0x00002a08   0x0000002a   Code   RO         3662    CL$$btod_ediv       D:\Keil_v5\ARM\ARMCC\Bin\..\lib\armlib\c_w.l(btod.o)
    0x00002a32   0x00002a32   0x0000002a   Code   RO         3661    CL$$btod_emul       D:\Keil_v5\ARM\ARMCC\Bin\..\lib\armlib\c_w.l(btod.o)
    0x00002a5c   0x00002a5c   0x00000244   Code   RO         3667    CL$$btod_mult_common  D:\Keil_v5\ARM\ARMCC\Bin\..\lib\armlib\c_w.l(btod.o)
    0x00002ca0   0x00002ca0   0x0000000e   Code   RO          387    i.$Sub$$main        mbed/TARGET_LPC1768/TOOLCHAIN_ARM_STD/mbed_sdk_boot.o
    0x00002cae   0x00002cae   0x0000000c   Code   RO         2384    i.<Func1>           mbed/TARGET_LPC1768/TOOLCHAIN_ARM_STD/mbed.ar(SerialBase.o)
    0x00002cba   0x00002cba   0x00000002   PAD
    0x00002cbc   0x00002cbc   0x000000a0   Code   RO          573    i.SystemInit        mbed/TARGET_LPC1768/TOOLCHAIN_ARM_STD/system_LPC17xx.o
    0x00002d5c   0x00002d5c   0x0000000c   Code   RO         1682    i._Z14stopRegulateurv  .\build\robot.o
    0x00002d68   0x00002d68   0x00000038   Code   RO         2079    i._Z14waitForArduinov  .\build\main.o
    0x00002da0   0x00002da0   0x0000001c   Code   RO         1683    i._Z4signf          .\build\robot.o
    0x00002dbc   0x00002dbc   0x0000002c   Code   RO         2080    i._Z9stopMatchv     .\build\main.o
    0x00002de8   0x00002de8   0x0000000c   Code   RO         1490    i._ZN3QEI5indexEv   .\build\qei.o
    0x00002df4   0x00002df4   0x000000c2   Code   RO         1492    i._ZN3QEI6encodeEv  .\build\qei.o
    0x00002eb6   0x00002eb6   0x00000008   Code   RO         1493    i._ZN3QEI9getPulsesEv  .\build\qei.o
    0x00002ebe   0x00002ebe   0x00000002   PAD
    0x00002ec0   0x00002ec0   0x000000c0   Code   RO         1494    i._ZN3QEIC1E7PinNameS0_S0_iNS_8EncodingE  .\build\qei.o
    0x00002f80   0x00002f80   0x00000026   Code   RO         1793    i._ZN3QEID1Ev       .\build\robot.o
    0x00002fa6   0x00002fa6   0x00000034   Code   RO         2915    i._ZN4mbed10FileHandle4sizeEv  mbed/TARGET_LPC1768/TOOLCHAIN_ARM_STD/mbed.ar(FileHandle.o)
    0x00002fda   0x00002fda   0x00000004   Code   RO         2936    i._ZN4mbed10FileHandle6isattyEv  mbed/TARGET_LPC1768/TOOLCHAIN_ARM_STD/mbed.ar(FileHandle.o)
    0x00002fde   0x00002fde   0x00000006   Code   RO         2385    i._ZN4mbed10SerialBase10_base_getcEv  mbed/TARGET_LPC1768/TOOLCHAIN_ARM_STD/mbed.ar(SerialBase.o)
    0x00002fe4   0x00002fe4   0x0000000e   Code   RO         2386    i._ZN4mbed10SerialBase10_base_putcEi  mbed/TARGET_LPC1768/TOOLCHAIN_ARM_STD/mbed.ar(SerialBase.o)
    0x00002ff2   0x00002ff2   0x00000012   Code   RO         2388    i._ZN4mbed10SerialBase12_irq_handlerEj9SerialIrq  mbed/TARGET_LPC1768/TOOLCHAIN_ARM_STD/mbed.ar(SerialBase.o)
    0x00003004   0x00003004   0x00000002   Code   RO         2391    i._ZN4mbed10SerialBase4lockEv  mbed/TARGET_LPC1768/TOOLCHAIN_ARM_STD/mbed.ar(SerialBase.o)
    0x00003006   0x00003006   0x00000002   Code   RO         2394    i._ZN4mbed10SerialBase6unlockEv  mbed/TARGET_LPC1768/TOOLCHAIN_ARM_STD/mbed.ar(SerialBase.o)
    0x00003008   0x00003008   0x00000020   Code   RO         2395    i._ZN4mbed10SerialBase8readableEv  mbed/TARGET_LPC1768/TOOLCHAIN_ARM_STD/mbed.ar(SerialBase.o)
    0x00003028   0x00003028   0x000000a8   Code   RO         2397    i._ZN4mbed10SerialBaseC1E7PinNameS1_i  mbed/TARGET_LPC1768/TOOLCHAIN_ARM_STD/mbed.ar(SerialBase.o)
    0x000030d0   0x000030d0   0x00000104   Code   RO         2399    i._ZN4mbed10SerialBaseD1Ev  mbed/TARGET_LPC1768/TOOLCHAIN_ARM_STD/mbed.ar(SerialBase.o)
    0x000031d4   0x000031d4   0x00000014   Code   RO         2347    i._ZN4mbed10TimerEvent15insert_absoluteEy  mbed/TARGET_LPC1768/TOOLCHAIN_ARM_STD/mbed.ar(TimerEvent.o)
    0x000031e8   0x000031e8   0x00000006   Code   RO         2348    i._ZN4mbed10TimerEvent3irqEj  mbed/TARGET_LPC1768/TOOLCHAIN_ARM_STD/mbed.ar(TimerEvent.o)
    0x000031ee   0x000031ee   0x0000000c   Code   RO         2350    i._ZN4mbed10TimerEvent6removeEv  mbed/TARGET_LPC1768/TOOLCHAIN_ARM_STD/mbed.ar(TimerEvent.o)
    0x000031fa   0x000031fa   0x00000002   PAD
    0x000031fc   0x000031fc   0x0000002c   Code   RO         2352    i._ZN4mbed10TimerEventC2Ev  mbed/TARGET_LPC1768/TOOLCHAIN_ARM_STD/mbed.ar(TimerEvent.o)
    0x00003228   0x00003228   0x0000001c   Code   RO         2354    i._ZN4mbed10TimerEventD2Ev  mbed/TARGET_LPC1768/TOOLCHAIN_ARM_STD/mbed.ar(TimerEvent.o)
    0x00003244   0x00003244   0x0000002c   Code   RO         2192    i._ZN4mbed11InterruptIn12_irq_handlerEj14gpio_irq_event  mbed/TARGET_LPC1768/TOOLCHAIN_ARM_STD/mbed.ar(InterruptIn.o)
    0x00003270   0x00003270   0x00000094   Code   RO         2193    i._ZN4mbed11InterruptIn4fallENS_8CallbackIFvvEEE  mbed/TARGET_LPC1768/TOOLCHAIN_ARM_STD/mbed.ar(InterruptIn.o)
    0x00003304   0x00003304   0x00000040   Code   RO         2195    i._ZN4mbed11InterruptIn4readEv  mbed/TARGET_LPC1768/TOOLCHAIN_ARM_STD/mbed.ar(InterruptIn.o)
    0x00003344   0x00003344   0x00000094   Code   RO         2196    i._ZN4mbed11InterruptIn4riseENS_8CallbackIFvvEEE  mbed/TARGET_LPC1768/TOOLCHAIN_ARM_STD/mbed.ar(InterruptIn.o)
    0x000033d8   0x000033d8   0x00000050   Code   RO         2197    i._ZN4mbed11InterruptInC1E7PinName  mbed/TARGET_LPC1768/TOOLCHAIN_ARM_STD/mbed.ar(InterruptIn.o)
    0x00003428   0x00003428   0x00000034   Code   RO         2199    i._ZN4mbed11InterruptInD1Ev  mbed/TARGET_LPC1768/TOOLCHAIN_ARM_STD/mbed.ar(InterruptIn.o)
    0x0000345c   0x0000345c   0x00000032   Code   RO          223    i._ZN4mbed11mbed_fdopenEPNS_10FileHandleEPKc  mbed/TARGET_LPC1768/TOOLCHAIN_ARM_STD/mbed_retarget.o
    0x0000348e   0x0000348e   0x00000002   PAD
    0x00003490   0x00003490   0x00000070   Code   RO          224    i._ZN4mbed17remove_filehandleEPNS_10FileHandleE  mbed/TARGET_LPC1768/TOOLCHAIN_ARM_STD/mbed_retarget.o
    0x00003500   0x00003500   0x00000006   Code   RO          225    i._ZN4mbed26mbed_set_unbuffered_streamEPSt6__FILE  mbed/TARGET_LPC1768/TOOLCHAIN_ARM_STD/mbed_retarget.o
    0x00003506   0x00003506   0x00000036   Code   RO         2485    i._ZN4mbed5TimerC1Ev  mbed/TARGET_LPC1768/TOOLCHAIN_ARM_STD/mbed.ar(Timer.o)
    0x0000353c   0x0000353c   0x00000022   Code   RO         2486    i._ZN4mbed5TimerD1Ev  mbed/TARGET_LPC1768/TOOLCHAIN_ARM_STD/mbed.ar(Timer.o)
    0x0000355e   0x0000355e   0x00000028   Code   RO          632    i._ZN4mbed6PwmOut5writeEf  .\build\moteur.o
    0x00003586   0x00003586   0x00000018   Code   RO          650    i._ZN4mbed6PwmOut9period_usEi  .\build\moteur.o
    0x0000359e   0x0000359e   0x0000001e   Code   RO          638    i._ZN4mbed6PwmOutC1E7PinName  .\build\moteur.o
    0x000035bc   0x000035bc   0x00000022   Code   RO         1787    i._ZN4mbed6PwmOutD1Ev  .\build\robot.o
    0x000035de   0x000035de   0x00000012   Code   RO          644    i._ZN4mbed6PwmOutaSEf  .\build\moteur.o
    0x000035f0   0x000035f0   0x00000002   Code   RO         2238    i._ZN4mbed6Serial4lockEv  mbed/TARGET_LPC1768/TOOLCHAIN_ARM_STD/mbed.ar(Serial.o)
    0x000035f2   0x000035f2   0x00000002   Code   RO         2241    i._ZN4mbed6Serial6unlockEv  mbed/TARGET_LPC1768/TOOLCHAIN_ARM_STD/mbed.ar(Serial.o)
    0x000035f4   0x000035f4   0x00000014   Code   RO         1847    i._ZN4mbed6Serial8readableEv  .\build\robot.o
    0x00003608   0x00003608   0x00000024   Code   RO         2243    i._ZN4mbed6SerialC1E7PinNameS1_i  mbed/TARGET_LPC1768/TOOLCHAIN_ARM_STD/mbed.ar(Serial.o)
    0x0000362c   0x0000362c   0x00000024   Code   RO         2274    i._ZN4mbed6SerialD1Ev  mbed/TARGET_LPC1768/TOOLCHAIN_ARM_STD/mbed.ar(Serial.o)
    0x00003650   0x00003650   0x00000026   Code   RO         2728    i._ZN4mbed6Stream4getcEv  mbed/TARGET_LPC1768/TOOLCHAIN_ARM_STD/mbed.ar(Stream.o)
    0x00003676   0x00003676   0x00000002   Code   RO         2809    i._ZN4mbed6Stream4lockEv  mbed/TARGET_LPC1768/TOOLCHAIN_ARM_STD/mbed.ar(Stream.o)
    0x00003678   0x00003678   0x0000003c   Code   RO         2732    i._ZN4mbed6Stream4readEPvj  mbed/TARGET_LPC1768/TOOLCHAIN_ARM_STD/mbed.ar(Stream.o)
    0x000036b4   0x000036b4   0x00000004   Code   RO         2733    i._ZN4mbed6Stream4seekEli  mbed/TARGET_LPC1768/TOOLCHAIN_ARM_STD/mbed.ar(Stream.o)
    0x000036b8   0x000036b8   0x00000004   Code   RO         2734    i._ZN4mbed6Stream4sizeEv  mbed/TARGET_LPC1768/TOOLCHAIN_ARM_STD/mbed.ar(Stream.o)
    0x000036bc   0x000036bc   0x00000004   Code   RO         2737    i._ZN4mbed6Stream5closeEv  mbed/TARGET_LPC1768/TOOLCHAIN_ARM_STD/mbed.ar(Stream.o)
    0x000036c0   0x000036c0   0x0000003c   Code   RO         2739    i._ZN4mbed6Stream5writeEPKvj  mbed/TARGET_LPC1768/TOOLCHAIN_ARM_STD/mbed.ar(Stream.o)
    0x000036fc   0x000036fc   0x00000004   Code   RO         2740    i._ZN4mbed6Stream6isattyEv  mbed/TARGET_LPC1768/TOOLCHAIN_ARM_STD/mbed.ar(Stream.o)
    0x00003700   0x00003700   0x00000032   Code   RO         2741    i._ZN4mbed6Stream6printfEPKcz  mbed/TARGET_LPC1768/TOOLCHAIN_ARM_STD/mbed.ar(Stream.o)
    0x00003732   0x00003732   0x00000002   Code   RO         2812    i._ZN4mbed6Stream6unlockEv  mbed/TARGET_LPC1768/TOOLCHAIN_ARM_STD/mbed.ar(Stream.o)
    0x00003734   0x00003734   0x00000070   Code   RO         2745    i._ZN4mbed6StreamC2EPKc  mbed/TARGET_LPC1768/TOOLCHAIN_ARM_STD/mbed.ar(Stream.o)
    0x000037a4   0x000037a4   0x00000020   Code   RO         2747    i._ZN4mbed6StreamD2Ev  mbed/TARGET_LPC1768/TOOLCHAIN_ARM_STD/mbed.ar(Stream.o)
    0x000037c4   0x000037c4   0x00000032   Code   RO         2320    i._ZN4mbed6Ticker5setupEy  mbed/TARGET_LPC1768/TOOLCHAIN_ARM_STD/mbed.ar(Ticker.o)
    0x000037f6   0x000037f6   0x00000002   PAD
    0x000037f8   0x000037f8   0x00000040   Code   RO         1808    i._ZN4mbed6Ticker6attachENS_8CallbackIFvvEEEf  .\build\robot.o
    0x00003838   0x00003838   0x00000064   Code   RO         2321    i._ZN4mbed6Ticker6detachEv  mbed/TARGET_LPC1768/TOOLCHAIN_ARM_STD/mbed.ar(Ticker.o)
    0x0000389c   0x0000389c   0x0000002a   Code   RO         2322    i._ZN4mbed6Ticker7handlerEv  mbed/TARGET_LPC1768/TOOLCHAIN_ARM_STD/mbed.ar(Ticker.o)
    0x000038c6   0x000038c6   0x0000005e   Code   RO         1157    i._ZN4mbed6Ticker9attach_usENS_8CallbackIFvvEEEy  .\build\odometry.o
    0x00003924   0x00003924   0x00000060   Code   RO         1163    i._ZN4mbed6TickerC1Ev  .\build\odometry.o
    0x00003984   0x00003984   0x00000088   Code   RO         2334    i._ZN4mbed6TickerD1Ev  mbed/TARGET_LPC1768/TOOLCHAIN_ARM_STD/mbed.ar(Ticker.o)
    0x00003a0c   0x00003a0c   0x00000004   Code   RO         2916    i._ZN4mbed6fdopenEPNS_10FileHandleEPKc  mbed/TARGET_LPC1768/TOOLCHAIN_ARM_STD/mbed.ar(FileHandle.o)
    0x00003a10   0x00003a10   0x0000002c   Code   RO         2455    i._ZN4mbed7Timeout7handlerEv  mbed/TARGET_LPC1768/TOOLCHAIN_ARM_STD/mbed.ar(Timeout.o)
    0x00003a3c   0x00003a3c   0x0000002c   Code   RO         2463    i._ZN4mbed7TimeoutD1Ev  mbed/TARGET_LPC1768/TOOLCHAIN_ARM_STD/mbed.ar(Timeout.o)
    0x00003a68   0x00003a68   0x00000004   Code   RO         2878    i._ZN4mbed8FileBase11getPathTypeEv  mbed/TARGET_LPC1768/TOOLCHAIN_ARM_STD/mbed.ar(FileBase.o)
    0x00003a6c   0x00003a6c   0x0000006c   Code   RO         2880    i._ZN4mbed8FileBase6lookupEPKcj  mbed/TARGET_LPC1768/TOOLCHAIN_ARM_STD/mbed.ar(FileBase.o)
    0x00003ad8   0x00003ad8   0x00000040   Code   RO         2882    i._ZN4mbed8FileBaseC1EPKcNS_8PathTypeE  mbed/TARGET_LPC1768/TOOLCHAIN_ARM_STD/mbed.ar(FileBase.o)
    0x00003b18   0x00003b18   0x00000054   Code   RO         2884    i._ZN4mbed8FileBaseD1Ev  mbed/TARGET_LPC1768/TOOLCHAIN_ARM_STD/mbed.ar(FileBase.o)
    0x00003b6c   0x00003b6c   0x0000001e   Code   RO         2615    i._ZN4mbed8FilePath10fileSystemEv  mbed/TARGET_LPC1768/TOOLCHAIN_ARM_STD/mbed.ar(FilePath.o)
    0x00003b8a   0x00003b8a   0x0000001c   Code   RO         2617    i._ZN4mbed8FilePath4fileEv  mbed/TARGET_LPC1768/TOOLCHAIN_ARM_STD/mbed.ar(FilePath.o)
    0x00003ba6   0x00003ba6   0x0000000a   Code   RO         2618    i._ZN4mbed8FilePath6existsEv  mbed/TARGET_LPC1768/TOOLCHAIN_ARM_STD/mbed.ar(FilePath.o)
    0x00003bb0   0x00003bb0   0x00000018   Code   RO         2619    i._ZN4mbed8FilePath6isFileEv  mbed/TARGET_LPC1768/TOOLCHAIN_ARM_STD/mbed.ar(FilePath.o)
    0x00003bc8   0x00003bc8   0x00000004   Code   RO         2620    i._ZN4mbed8FilePath8fileNameEv  mbed/TARGET_LPC1768/TOOLCHAIN_ARM_STD/mbed.ar(FilePath.o)
    0x00003bcc   0x00003bcc   0x00000040   Code   RO         2621    i._ZN4mbed8FilePathC1EPKc  mbed/TARGET_LPC1768/TOOLCHAIN_ARM_STD/mbed.ar(FilePath.o)
    0x00003c0c   0x00003c0c   0x00000088   Code   RO         2119    i._ZN4mbed9DigitalIncviEv  .\build\main.o
    0x00003c94   0x00003c94   0x00000004   Code   RO          226    i._ZN4mbed9mbed_getcEPSt6__FILE  mbed/TARGET_LPC1768/TOOLCHAIN_ARM_STD/mbed_retarget.o
    0x00003c98   0x00003c98   0x00000044   Code   RO         1684    i._ZN5Robot11positionnerEfffbfii  .\build\robot.o
    0x00003cdc   0x00003cdc   0x000001dc   Code   RO         1688    i._ZN5Robot21vitesseAngulaireVouluERfS0_  .\build\robot.o
    0x00003eb8   0x00003eb8   0x00000014   Code   RO         1689    i._ZN5Robot4stopEv  .\build\robot.o
    0x00003ecc   0x00003ecc   0x00000684   Code   RO         1690    i._ZN5Robot5allerEffbfii  .\build\robot.o
    0x00004550   0x00004550   0x0000007a   Code   RO         1691    i._ZN5Robot7avancerEfbfi  .\build\robot.o
    0x000045ca   0x000045ca   0x0000000c   Code   RO         1817    i._ZN5Robot7getPosXEv  .\build\robot.o
    0x000045d6   0x000045d6   0x0000000c   Code   RO         1823    i._ZN5Robot7getPosYEv  .\build\robot.o
    0x000045e2   0x000045e2   0x00000002   PAD
    0x000045e4   0x000045e4   0x0000030c   Code   RO         1692    i._ZN5Robot7tournerEfbifi  .\build\robot.o
    0x000048f0   0x000048f0   0x0000000c   Code   RO         1829    i._ZN5Robot8getAngleEv  .\build\robot.o
    0x000048fc   0x000048fc   0x000000ac   Code   RO         1693    i._ZN5RobotC1E7PinNameS0_S0_S0_S0_S0_S0_S0_  .\build\robot.o
    0x000049a8   0x000049a8   0x00000064   Code   RO         1695    i._ZN5RobotD1Ev     .\build\robot.o
    0x00004a0c   0x00004a0c   0x00000018   Code   RO          602    i._ZN6Moteur4stopEv  .\build\moteur.o
    0x00004a24   0x00004a24   0x0000004e   Code   RO          603    i._ZN6Moteur8controleEf  .\build\moteur.o
    0x00004a72   0x00004a72   0x00000048   Code   RO          604    i._ZN6MoteurC1E7PinNameS0_  .\build\moteur.o
    0x00004aba   0x00004aba   0x0000001a   Code   RO         1814    i._ZN6MoteurD1Ev    .\build\robot.o
    0x00004ad4   0x00004ad4   0x00000008   Code   RO         1069    i._ZN8Odometry6setPosEfff  .\build\odometry.o
    0x00004adc   0x00004adc   0x00000008   Code   RO         1070    i._ZN8Odometry6setVitEfff  .\build\odometry.o
    0x00004ae4   0x00004ae4   0x00000164   Code   RO         1071    i._ZN8Odometry6updateEv  .\build\odometry.o
    0x00004c48   0x00004c48   0x00000006   Code   RO         1073    i._ZN8Odometry9setVitPhiEff  .\build\odometry.o
    0x00004c4e   0x00004c4e   0x00000002   PAD
    0x00004c50   0x00004c50   0x0000014c   Code   RO         1074    i._ZN8OdometryC1EP3QEIS1_fff  .\build\odometry.o
    0x00004d9c   0x00004d9c   0x0000000a   Code   RO         1835    i._ZSt3absf         .\build\robot.o
    0x00004da6   0x00004da6   0x0000000c   Code   RO         1853    i._ZSt4sqrtf        .\build\robot.o
    0x00004db2   0x00004db2   0x00000010   Code   RO         1841    i._ZSt5atan2ff      .\build\robot.o
    0x00004dc2   0x00004dc2   0x00000002   Code   RO         2244    i._ZThn48_N4mbed6Serial4lockEv  mbed/TARGET_LPC1768/TOOLCHAIN_ARM_STD/mbed.ar(Serial.o)
    0x00004dc4   0x00004dc4   0x00000006   Code   RO         2245    i._ZThn48_N4mbed6Serial5_getcEv  mbed/TARGET_LPC1768/TOOLCHAIN_ARM_STD/mbed.ar(Serial.o)
    0x00004dca   0x00004dca   0x00000006   Code   RO         2246    i._ZThn48_N4mbed6Serial5_putcEi  mbed/TARGET_LPC1768/TOOLCHAIN_ARM_STD/mbed.ar(Serial.o)
    0x00004dd0   0x00004dd0   0x00000002   Code   RO         2247    i._ZThn48_N4mbed6Serial6unlockEv  mbed/TARGET_LPC1768/TOOLCHAIN_ARM_STD/mbed.ar(Serial.o)
    0x00004dd2   0x00004dd2   0x00000004   Code   RO          229    i._ZdlPv            mbed/TARGET_LPC1768/TOOLCHAIN_ARM_STD/mbed_retarget.o
    0x00004dd6   0x00004dd6   0x00000002   PAD
    0x00004dd8   0x00004dd8   0x00000034   Code   RO          232    i._Znwj             mbed/TARGET_LPC1768/TOOLCHAIN_ARM_STD/mbed_retarget.o
    0x00004e0c   0x00004e0c   0x00000028   Code   RO         3772    i.__ARM_fpclassify  D:\Keil_v5\ARM\ARMCC\Bin\..\lib\armlib\m_ws.l(fpclassify.o)
    0x00004e34   0x00004e34   0x00000026   Code   RO         3577    i.__ARM_fpclassifyf  D:\Keil_v5\ARM\ARMCC\Bin\..\lib\armlib\m_ws.l(fpclassifyf.o)
    0x00004e5a   0x00004e5a   0x00000004   Code   RO          234    i.__aeabi_atexit    mbed/TARGET_LPC1768/TOOLCHAIN_ARM_STD/mbed_retarget.o
    0x00004e5e   0x00004e5e   0x00000024   Code   RO         3229    i.__aeabi_vec_ctor_nocookie_nodtor  D:\Keil_v5\ARM\ARMCC\Bin\..\lib\cpplib\cpprt_w.l(aeabi_vec_ctor_nocookie_nodtor.o)
    0x00004e82   0x00004e82   0x00000006   Code   RO         3120    i.__cxa_pure_virtual  D:\Keil_v5\ARM\ARMCC\Bin\..\lib\cpplib\cpprt_w.l(pure_virt.o)
    0x00004e88   0x00004e88   0x00000006   Code   RO         3580    i.__mathlib_flt_infnan  D:\Keil_v5\ARM\ARMCC\Bin\..\lib\armlib\m_ws.l(funder.o)
    0x00004e8e   0x00004e8e   0x00000004   Code   RO         3581    i.__mathlib_flt_infnan2  D:\Keil_v5\ARM\ARMCC\Bin\..\lib\armlib\m_ws.l(funder.o)
    0x00004e92   0x00004e92   0x00000008   Code   RO         3582    i.__mathlib_flt_invalid  D:\Keil_v5\ARM\ARMCC\Bin\..\lib\armlib\m_ws.l(funder.o)
    0x00004e9a   0x00004e9a   0x0000000a   Code   RO         3585    i.__mathlib_flt_underflow  D:\Keil_v5\ARM\ARMCC\Bin\..\lib\armlib\m_ws.l(funder.o)
    0x00004ea4   0x00004ea4   0x00000168   Code   RO         3593    i.__mathlib_rredf2  D:\Keil_v5\ARM\ARMCC\Bin\..\lib\armlib\m_ws.l(rredf.o)
    0x0000500c   0x0000500c   0x000000d8   Code   RO         2081    i.__sti___8_main_cpp_monRobot  .\build\main.o
    0x000050e4   0x000050e4   0x00000080   Code   RO         1696    i.__sti___9_Robot_cpp__Z4signf  .\build\robot.o
    0x00005164   0x00005164   0x00000008   Code   RO          240    i.__user_setup_stackheap  mbed/TARGET_LPC1768/TOOLCHAIN_ARM_STD/mbed_retarget.o
    0x0000516c   0x0000516c   0x0000000e   Code   RO         3044    i._is_digit         D:\Keil_v5\ARM\ARMCC\Bin\..\lib\armlib\c_w.l(__printf_wp.o)
    0x0000517a   0x0000517a   0x00000002   PAD
    0x0000517c   0x0000517c   0x00000010   Code   RO          241    i._mbed_user_setup_stackheap  mbed/TARGET_LPC1768/TOOLCHAIN_ARM_STD/mbed_retarget.o
    0x0000518c   0x0000518c   0x0000001c   Code   RO          388    i._platform_post_stackheap_init  mbed/TARGET_LPC1768/TOOLCHAIN_ARM_STD/mbed_sdk_boot.o
    0x000051a8   0x000051a8   0x0000004c   Code   RO          242    i._sys_close        mbed/TARGET_LPC1768/TOOLCHAIN_ARM_STD/mbed_retarget.o
    0x000051f4   0x000051f4   0x0000004c   Code   RO          245    i._sys_flen         mbed/TARGET_LPC1768/TOOLCHAIN_ARM_STD/mbed_retarget.o
    0x00005240   0x00005240   0x00000040   Code   RO          246    i._sys_istty        mbed/TARGET_LPC1768/TOOLCHAIN_ARM_STD/mbed_retarget.o
    0x00005280   0x00005280   0x00000208   Code   RO          247    i._sys_open         mbed/TARGET_LPC1768/TOOLCHAIN_ARM_STD/mbed_retarget.o
    0x00005488   0x00005488   0x00000074   Code   RO          248    i._sys_read         mbed/TARGET_LPC1768/TOOLCHAIN_ARM_STD/mbed_retarget.o
    0x000054fc   0x000054fc   0x00000050   Code   RO          249    i._sys_seek         mbed/TARGET_LPC1768/TOOLCHAIN_ARM_STD/mbed_retarget.o
    0x0000554c   0x0000554c   0x00000080   Code   RO          250    i._sys_write        mbed/TARGET_LPC1768/TOOLCHAIN_ARM_STD/mbed_retarget.o
    0x000055cc   0x000055cc   0x0000025c   Code   RO         3296    i.atan2f            D:\Keil_v5\ARM\ARMCC\Bin\..\lib\armlib\m_ws.l(atan2f.o)
    0x00005828   0x00005828   0x0000001a   Code   RO         2656    i.core_util_atomic_decr_u16  mbed/TARGET_LPC1768/TOOLCHAIN_ARM_STD/mbed.ar(mbed_critical.o)
    0x00005842   0x00005842   0x0000001a   Code   RO         2660    i.core_util_atomic_incr_u16  mbed/TARGET_LPC1768/TOOLCHAIN_ARM_STD/mbed.ar(mbed_critical.o)
    0x0000585c   0x0000585c   0x0000008c   Code   RO         2663    i.core_util_critical_section_enter  mbed/TARGET_LPC1768/TOOLCHAIN_ARM_STD/mbed.ar(mbed_critical.o)
    0x000058e8   0x000058e8   0x00000058   Code   RO         2664    i.core_util_critical_section_exit  mbed/TARGET_LPC1768/TOOLCHAIN_ARM_STD/mbed.ar(mbed_critical.o)
    0x00005940   0x00005940   0x0000017c   Code   RO         3304    i.cosf              D:\Keil_v5\ARM\ARMCC\Bin\..\lib\armlib\m_ws.l(cosf.o)
    0x00005abc   0x00005abc   0x00000028   Code   RO         2690    i.error             mbed/TARGET_LPC1768/TOOLCHAIN_ARM_STD/mbed.ar(mbed_error.o)
    0x00005ae4   0x00005ae4   0x0000002c   Code   RO          253    i.exit              mbed/TARGET_LPC1768/TOOLCHAIN_ARM_STD/mbed_retarget.o
    0x00005b10   0x00005b10   0x00000018   Code   RO         3065    i.fgetc             D:\Keil_v5\ARM\ARMCC\Bin\..\lib\armlib\c_w.l(fgetc.o)
    0x00005b28   0x00005b28   0x0000001a   Code   RO         3071    i.fputc             D:\Keil_v5\ARM\ARMCC\Bin\..\lib\armlib\c_w.l(fputc.o)
    0x00005b42   0x00005b42   0x00000002   PAD
    0x00005b44   0x00005b44   0x00000008   Code   RO         2550    i.get_us_ticker_data  mbed/TARGET_LPC1768/TOOLCHAIN_ARM_STD/mbed.ar(mbed_us_ticker_api.o)
    0x00005b4c   0x00005b4c   0x00000054   Code   RO          137    i.gpio_dir          mbed/TARGET_LPC1768/TOOLCHAIN_ARM_STD/gpio_api.o
    0x00005ba0   0x00005ba0   0x0000003a   Code   RO          138    i.gpio_init         mbed/TARGET_LPC1768/TOOLCHAIN_ARM_STD/gpio_api.o
    0x00005bda   0x00005bda   0x00000028   Code   RO         2518    i.gpio_init_in      mbed/TARGET_LPC1768/TOOLCHAIN_ARM_STD/mbed.ar(mbed_gpio.o)
    0x00005c02   0x00005c02   0x00000002   PAD
    0x00005c04   0x00005c04   0x00000048   Code   RO         2521    i.gpio_init_out     mbed/TARGET_LPC1768/TOOLCHAIN_ARM_STD/mbed.ar(mbed_gpio.o)
    0x00005c4c   0x00005c4c   0x00000068   Code   RO         2522    i.gpio_init_out_ex  mbed/TARGET_LPC1768/TOOLCHAIN_ARM_STD/mbed.ar(mbed_gpio.o)
    0x00005cb4   0x00005cb4   0x00000010   Code   RO          154    i.gpio_irq_free     mbed/TARGET_LPC1768/TOOLCHAIN_ARM_STD/gpio_irq_api.o
    0x00005cc4   0x00005cc4   0x000000a8   Code   RO          155    i.gpio_irq_init     mbed/TARGET_LPC1768/TOOLCHAIN_ARM_STD/gpio_irq_api.o
    0x00005d6c   0x00005d6c   0x000000c8   Code   RO          156    i.gpio_irq_set      mbed/TARGET_LPC1768/TOOLCHAIN_ARM_STD/gpio_irq_api.o
    0x00005e34   0x00005e34   0x00000006   Code   RO          139    i.gpio_mode         mbed/TARGET_LPC1768/TOOLCHAIN_ARM_STD/gpio_api.o
    0x00005e3a   0x00005e3a   0x00000002   PAD
    0x00005e3c   0x00005e3c   0x000000f0   Code   RO          157    i.handle_interrupt_in  mbed/TARGET_LPC1768/TOOLCHAIN_ARM_STD/gpio_irq_api.o
    0x00005f2c   0x00005f2c   0x000000d4   Code   RO         2585    i.initialize        mbed/TARGET_LPC1768/TOOLCHAIN_ARM_STD/mbed.ar(mbed_ticker_api.o)
    0x00006000   0x00006000   0x000002c0   Code   RO         2082    i.main              .\build\main.o
    0x000062c0   0x000062c0   0x00000054   Code   RO         2642    i.mbed_assert_internal  mbed/TARGET_LPC1768/TOOLCHAIN_ARM_STD/mbed.ar(mbed_assert.o)
    0x00006314   0x00006314   0x000000bc   Code   RO          209    i.mbed_die          mbed/TARGET_LPC1768/TOOLCHAIN_ARM_STD/mbed_board.o
    0x000063d0   0x000063d0   0x00000058   Code   RO          210    i.mbed_error_printf  mbed/TARGET_LPC1768/TOOLCHAIN_ARM_STD/mbed_board.o
    0x00006428   0x00006428   0x00000054   Code   RO          211    i.mbed_error_vfprintf  mbed/TARGET_LPC1768/TOOLCHAIN_ARM_STD/mbed_board.o
    0x0000647c   0x0000647c   0x00000004   Code   RO         2706    i.mbed_interface_connected  mbed/TARGET_LPC1768/TOOLCHAIN_ARM_STD/mbed.ar(mbed_interface.o)
    0x00006480   0x00006480   0x00000002   Code   RO          390    i.mbed_main         mbed/TARGET_LPC1768/TOOLCHAIN_ARM_STD/mbed_sdk_boot.o
    0x00006482   0x00006482   0x00000002   Code   RO          391    i.mbed_sdk_init     mbed/TARGET_LPC1768/TOOLCHAIN_ARM_STD/mbed_sdk_boot.o
    0x00006484   0x00006484   0x0000005c   Code   RO          405    i.pin_function      mbed/TARGET_LPC1768/TOOLCHAIN_ARM_STD/pinmap.o
    0x000064e0   0x000064e0   0x00000090   Code   RO          406    i.pin_mode          mbed/TARGET_LPC1768/TOOLCHAIN_ARM_STD/pinmap.o
    0x00006570   0x00006570   0x00000022   Code   RO         2567    i.pinmap_find_peripheral  mbed/TARGET_LPC1768/TOOLCHAIN_ARM_STD/mbed.ar(mbed_pinmap_common.o)
    0x00006592   0x00006592   0x00000002   PAD
    0x00006594   0x00006594   0x0000003c   Code   RO         2569    i.pinmap_merge      mbed/TARGET_LPC1768/TOOLCHAIN_ARM_STD/mbed.ar(mbed_pinmap_common.o)
    0x000065d0   0x000065d0   0x0000005c   Code   RO         2570    i.pinmap_peripheral  mbed/TARGET_LPC1768/TOOLCHAIN_ARM_STD/mbed.ar(mbed_pinmap_common.o)
    0x0000662c   0x0000662c   0x00000058   Code   RO         2571    i.pinmap_pinout     mbed/TARGET_LPC1768/TOOLCHAIN_ARM_STD/mbed.ar(mbed_pinmap_common.o)
    0x00006684   0x00006684   0x00000100   Code   RO          435    i.pwmout_init       mbed/TARGET_LPC1768/TOOLCHAIN_ARM_STD/pwmout_api.o
    0x00006784   0x00006784   0x00000038   Code   RO          438    i.pwmout_period_us  mbed/TARGET_LPC1768/TOOLCHAIN_ARM_STD/pwmout_api.o
    0x000067bc   0x000067bc   0x00000050   Code   RO          443    i.pwmout_write      mbed/TARGET_LPC1768/TOOLCHAIN_ARM_STD/pwmout_api.o
    0x0000680c   0x0000680c   0x000000e4   Code   RO         2586    i.schedule_interrupt  mbed/TARGET_LPC1768/TOOLCHAIN_ARM_STD/mbed.ar(mbed_ticker_api.o)
    0x000068f0   0x000068f0   0x00000010   Code   RO         2839    i.semihost_connected  mbed/TARGET_LPC1768/TOOLCHAIN_ARM_STD/mbed.ar(mbed_semihost_api.o)
    0x00006900   0x00006900   0x0000000c   Code   RO         2842    i.semihost_exit     mbed/TARGET_LPC1768/TOOLCHAIN_ARM_STD/mbed.ar(mbed_semihost_api.o)
    0x0000690c   0x0000690c   0x000001c4   Code   RO          479    i.serial_baud       mbed/TARGET_LPC1768/TOOLCHAIN_ARM_STD/serial_api.o
    0x00006ad0   0x00006ad0   0x00000038   Code   RO          485    i.serial_getc       mbed/TARGET_LPC1768/TOOLCHAIN_ARM_STD/serial_api.o
    0x00006b08   0x00006b08   0x00000180   Code   RO          486    i.serial_init       mbed/TARGET_LPC1768/TOOLCHAIN_ARM_STD/serial_api.o
    0x00006c88   0x00006c88   0x0000001c   Code   RO          487    i.serial_irq_handler  mbed/TARGET_LPC1768/TOOLCHAIN_ARM_STD/serial_api.o
    0x00006ca4   0x00006ca4   0x0000001c   Code   RO          488    i.serial_irq_set    mbed/TARGET_LPC1768/TOOLCHAIN_ARM_STD/serial_api.o
    0x00006cc0   0x00006cc0   0x000000f8   Code   RO          489    i.serial_irq_set_internal  mbed/TARGET_LPC1768/TOOLCHAIN_ARM_STD/serial_api.o
    0x00006db8   0x00006db8   0x00000068   Code   RO          491    i.serial_putc       mbed/TARGET_LPC1768/TOOLCHAIN_ARM_STD/serial_api.o
    0x00006e20   0x00006e20   0x0000000a   Code   RO          492    i.serial_readable   mbed/TARGET_LPC1768/TOOLCHAIN_ARM_STD/serial_api.o
    0x00006e2a   0x00006e2a   0x00000002   PAD
    0x00006e2c   0x00006e2c   0x0000010c   Code   RO          493    i.serial_set_flow_control  mbed/TARGET_LPC1768/TOOLCHAIN_ARM_STD/serial_api.o
    0x00006f38   0x00006f38   0x00000188   Code   RO         3316    i.sinf              D:\Keil_v5\ARM\ARMCC\Bin\..\lib\armlib\m_ws.l(sinf.o)
    0x000070c0   0x000070c0   0x00000060   Code   RO         2536    i.sleep_manager_lock_deep_sleep  mbed/TARGET_LPC1768/TOOLCHAIN_ARM_STD/mbed.ar(mbed_sleep_manager.o)
    0x00007120   0x00007120   0x00000054   Code   RO         2538    i.sleep_manager_unlock_deep_sleep  mbed/TARGET_LPC1768/TOOLCHAIN_ARM_STD/mbed.ar(mbed_sleep_manager.o)
    0x00007174   0x00007174   0x0000002c   Code   RO         3324    i.sqrtf             D:\Keil_v5\ARM\ARMCC\Bin\..\lib\armlib\m_ws.l(sqrtf.o)
    0x000071a0   0x000071a0   0x00000070   Code   RO         2589    i.ticker_insert_event_us  mbed/TARGET_LPC1768/TOOLCHAIN_ARM_STD/mbed.ar(mbed_ticker_api.o)
    0x00007210   0x00007210   0x00000046   Code   RO         2590    i.ticker_irq_handler  mbed/TARGET_LPC1768/TOOLCHAIN_ARM_STD/mbed.ar(mbed_ticker_api.o)
    0x00007256   0x00007256   0x00000014   Code   RO         2591    i.ticker_read       mbed/TARGET_LPC1768/TOOLCHAIN_ARM_STD/mbed.ar(mbed_ticker_api.o)
    0x0000726a   0x0000726a   0x00000016   Code   RO         2592    i.ticker_read_us    mbed/TARGET_LPC1768/TOOLCHAIN_ARM_STD/mbed.ar(mbed_ticker_api.o)
    0x00007280   0x00007280   0x00000038   Code   RO         2593    i.ticker_remove_event  mbed/TARGET_LPC1768/TOOLCHAIN_ARM_STD/mbed.ar(mbed_ticker_api.o)
    0x000072b8   0x000072b8   0x00000010   Code   RO         2594    i.ticker_set_handler  mbed/TARGET_LPC1768/TOOLCHAIN_ARM_STD/mbed.ar(mbed_ticker_api.o)
    0x000072c8   0x000072c8   0x00000014   Code   RO          495    i.uart0_irq         mbed/TARGET_LPC1768/TOOLCHAIN_ARM_STD/serial_api.o
    0x000072dc   0x000072dc   0x00000014   Code   RO          496    i.uart1_irq         mbed/TARGET_LPC1768/TOOLCHAIN_ARM_STD/serial_api.o
    0x000072f0   0x000072f0   0x00000014   Code   RO          497    i.uart2_irq         mbed/TARGET_LPC1768/TOOLCHAIN_ARM_STD/serial_api.o
    0x00007304   0x00007304   0x00000014   Code   RO          498    i.uart3_irq         mbed/TARGET_LPC1768/TOOLCHAIN_ARM_STD/serial_api.o
    0x00007318   0x00007318   0x00000068   Code   RO          499    i.uart_irq          mbed/TARGET_LPC1768/TOOLCHAIN_ARM_STD/serial_api.o
    0x00007380   0x00007380   0x00000104   Code   RO         2595    i.update_present_time  mbed/TARGET_LPC1768/TOOLCHAIN_ARM_STD/mbed.ar(mbed_ticker_api.o)
    0x00007484   0x00007484   0x0000000c   Code   RO          583    i.us_ticker_clear_interrupt  mbed/TARGET_LPC1768/TOOLCHAIN_ARM_STD/us_ticker.o
    0x00007490   0x00007490   0x00000010   Code   RO          584    i.us_ticker_disable_interrupt  mbed/TARGET_LPC1768/TOOLCHAIN_ARM_STD/us_ticker.o
    0x000074a0   0x000074a0   0x0000000c   Code   RO          585    i.us_ticker_fire_interrupt  mbed/TARGET_LPC1768/TOOLCHAIN_ARM_STD/us_ticker.o
    0x000074ac   0x000074ac   0x00000008   Code   RO          265    i.us_ticker_get_info  mbed/TARGET_LPC1768/TOOLCHAIN_ARM_STD/mbed_retarget.o
    0x000074b4   0x000074b4   0x00000068   Code   RO          586    i.us_ticker_init    mbed/TARGET_LPC1768/TOOLCHAIN_ARM_STD/us_ticker.o
    0x0000751c   0x0000751c   0x00000018   Code   RO         2552    i.us_ticker_irq_handler  mbed/TARGET_LPC1768/TOOLCHAIN_ARM_STD/mbed.ar(mbed_us_ticker_api.o)
    0x00007534   0x00007534   0x00000064   Code   RO          587    i.us_ticker_read    mbed/TARGET_LPC1768/TOOLCHAIN_ARM_STD/us_ticker.o
    0x00007598   0x00007598   0x00000014   Code   RO          588    i.us_ticker_set_interrupt  mbed/TARGET_LPC1768/TOOLCHAIN_ARM_STD/us_ticker.o
    0x000075ac   0x000075ac   0x00000024   Code   RO         2827    i.wait_ms           mbed/TARGET_LPC1768/TOOLCHAIN_ARM_STD/mbed.ar(mbed_wait_api_no_rtos.o)
    0x000075d0   0x000075d0   0x0000002c   Code   RO         3711    locale$$code        D:\Keil_v5\ARM\ARMCC\Bin\..\lib\armlib\c_w.l(lc_numeric_c.o)
    0x000075fc   0x000075fc   0x0000002c   Code   RO         3851    locale$$code        D:\Keil_v5\ARM\ARMCC\Bin\..\lib\armlib\c_w.l(lc_ctype_c.o)
    0x00007628   0x00007628   0x0000002c   Code   RO         2905    t._ZN12SingletonPtrI13PlatformMutexEptEv  mbed/TARGET_LPC1768/TOOLCHAIN_ARM_STD/mbed.ar(FileBase.o)
    0x00007654   0x00007654   0x0000002e   Code   RO         1555    t._ZN4mbed11InterruptIn4fallI3QEIMS2_FvvEEEvPT_T0_  .\build\qei.o
    0x00007682   0x00007682   0x0000002e   Code   RO         1549    t._ZN4mbed11InterruptIn4riseI3QEIMS2_FvvEEEvPT_T0_  .\build\qei.o
    0x000076b0   0x000076b0   0x00000030   Code   RO         1568    t._ZN4mbed8CallbackIFvvEE13function_callINS2_14method_contextI3QEIMS5_FvvEEEEEvPKv  .\build\qei.o
    0x000076e0   0x000076e0   0x00000030   Code   RO         1189    t._ZN4mbed8CallbackIFvvEE13function_callINS2_14method_contextI8OdometryMS5_FvvEEEEEvPKv  .\build\odometry.o
    0x00007710   0x00007710   0x0000000a   Code   RO         1171    t._ZN4mbed8CallbackIFvvEE13function_callIPS1_EEvPKv  .\build\odometry.o
    0x0000771a   0x0000771a   0x00000002   Code   RO         1580    t._ZN4mbed8CallbackIFvvEE13function_dtorINS2_14method_contextI3QEIMS5_FvvEEEEEvPv  .\build\qei.o
    0x0000771c   0x0000771c   0x00000002   Code   RO         1201    t._ZN4mbed8CallbackIFvvEE13function_dtorINS2_14method_contextI8OdometryMS5_FvvEEEEEvPv  .\build\odometry.o
    0x0000771e   0x0000771e   0x00000002   Code   RO         1183    t._ZN4mbed8CallbackIFvvEE13function_dtorIPS1_EEvPv  .\build\odometry.o
    0x00007720   0x00007720   0x00000014   Code   RO         1574    t._ZN4mbed8CallbackIFvvEE13function_moveINS2_14method_contextI3QEIMS5_FvvEEEEEvPvPKv  .\build\qei.o
    0x00007734   0x00007734   0x00000014   Code   RO         1195    t._ZN4mbed8CallbackIFvvEE13function_moveINS2_14method_contextI8OdometryMS5_FvvEEEEEvPvPKv  .\build\odometry.o
    0x00007748   0x00007748   0x0000000e   Code   RO         1177    t._ZN4mbed8CallbackIFvvEE13function_moveIPS1_EEvPvPKv  .\build\odometry.o
    0x00007756   0x00007756   0x00000002   PAD
    0x00007758   0x00007758   0x00000038   Code   RO         1802    t._ZN4mbed8CallbackIFvvEEC1EPS1_  .\build\robot.o
    0x00007790   0x00007790   0x0000001c   Code   RO         1139    t._ZN4mbed8CallbackIFvvEEC1ERKS2_  .\build\odometry.o
    0x000077ac   0x000077ac   0x00000048   Code   RO         1561    t._ZN4mbed8CallbackIFvvEEC1I3QEIS4_EEPT0_MT_FvvE  .\build\qei.o
    0x000077f4   0x000077f4   0x00000048   Code   RO         1151    t._ZN4mbed8CallbackIFvvEEC1I8OdometryS4_EEPT0_MT_FvvE  .\build\odometry.o
    0x0000783c   0x0000783c   0x00000012   Code   RO         2445    t._ZN4mbed8CallbackIFvvEED1Ev  mbed/TARGET_LPC1768/TOOLCHAIN_ARM_STD/mbed.ar(SerialBase.o)
    0x0000784e   0x0000784e   0x00000016   Code   RO         1543    t._ZN4mbed8callbackI3QEIS1_vEENS_8CallbackIFT1_vEEEPT0_MT_FS3_vE  .\build\qei.o
    0x00007864   0x00007864   0x00000016   Code   RO         1133    t._ZN4mbed8callbackI8OdometryS1_vEENS_8CallbackIFT1_vEEEPT0_MT_FS3_vE  .\build\odometry.o
    0x0000787a   0x0000787a   0x00000002   PAD
    0x0000787c   0x0000787c   0x00000062   Code   RO         3235    x$fpl$d2f           D:\Keil_v5\ARM\ARMCC\Bin\..\lib\armlib\fz_ws.l(d2f.o)
    0x000078de   0x000078de   0x00000002   PAD
    0x000078e0   0x000078e0   0x00000150   Code   RO         3237    x$fpl$dadd          D:\Keil_v5\ARM\ARMCC\Bin\..\lib\armlib\fz_ws.l(daddsub_clz.o)
    0x00007a30   0x00007a30   0x00000018   Code   RO         3552    x$fpl$dcmpinf       D:\Keil_v5\ARM\ARMCC\Bin\..\lib\armlib\fz_ws.l(dcmpi.o)
    0x00007a48   0x00007a48   0x000002b0   Code   RO         3244    x$fpl$ddiv          D:\Keil_v5\ARM\ARMCC\Bin\..\lib\armlib\fz_ws.l(ddiv.o)
    0x00007cf8   0x00007cf8   0x00000078   Code   RO         3251    x$fpl$dleqf         D:\Keil_v5\ARM\ARMCC\Bin\..\lib\armlib\fz_ws.l(dleqf.o)
    0x00007d70   0x00007d70   0x00000154   Code   RO         3253    x$fpl$dmul          D:\Keil_v5\ARM\ARMCC\Bin\..\lib\armlib\fz_ws.l(dmul.o)
    0x00007ec4   0x00007ec4   0x0000009c   Code   RO         3554    x$fpl$dnaninf       D:\Keil_v5\ARM\ARMCC\Bin\..\lib\armlib\fz_ws.l(dnaninf.o)
    0x00007f60   0x00007f60   0x0000000c   Code   RO         3556    x$fpl$dretinf       D:\Keil_v5\ARM\ARMCC\Bin\..\lib\armlib\fz_ws.l(dretinf.o)
    0x00007f6c   0x00007f6c   0x0000006c   Code   RO         3255    x$fpl$drleqf        D:\Keil_v5\ARM\ARMCC\Bin\..\lib\armlib\fz_ws.l(drleqf.o)
    0x00007fd8   0x00007fd8   0x000001d4   Code   RO         3239    x$fpl$dsub          D:\Keil_v5\ARM\ARMCC\Bin\..\lib\armlib\fz_ws.l(daddsub_clz.o)
    0x000081ac   0x000081ac   0x00000056   Code   RO         3257    x$fpl$f2d           D:\Keil_v5\ARM\ARMCC\Bin\..\lib\armlib\fz_ws.l(f2d.o)
    0x00008202   0x00008202   0x00000002   PAD
    0x00008204   0x00008204   0x000000c4   Code   RO         3259    x$fpl$fadd          D:\Keil_v5\ARM\ARMCC\Bin\..\lib\armlib\fz_ws.l(faddsub_clz.o)
    0x000082c8   0x000082c8   0x0000000c   Code   RO         3819    x$fpl$fcheck1       D:\Keil_v5\ARM\ARMCC\Bin\..\lib\armlib\fz_ws.l(fcheck1.o)
    0x000082d4   0x000082d4   0x00000018   Code   RO         3558    x$fpl$fcmpinf       D:\Keil_v5\ARM\ARMCC\Bin\..\lib\armlib\fz_ws.l(fcmpi.o)
    0x000082ec   0x000082ec   0x00000184   Code   RO         3266    x$fpl$fdiv          D:\Keil_v5\ARM\ARMCC\Bin\..\lib\armlib\fz_ws.l(fdiv.o)
    0x00008470   0x00008470   0x00000036   Code   RO         3269    x$fpl$ffix          D:\Keil_v5\ARM\ARMCC\Bin\..\lib\armlib\fz_ws.l(ffix.o)
    0x000084a6   0x000084a6   0x00000002   PAD
    0x000084a8   0x000084a8   0x0000003e   Code   RO         3273    x$fpl$ffixu         D:\Keil_v5\ARM\ARMCC\Bin\..\lib\armlib\fz_ws.l(ffixu.o)
    0x000084e6   0x000084e6   0x00000002   PAD
    0x000084e8   0x000084e8   0x00000030   Code   RO         3282    x$fpl$fflt          D:\Keil_v5\ARM\ARMCC\Bin\..\lib\armlib\fz_ws.l(fflt_clz.o)
    0x00008518   0x00008518   0x00000026   Code   RO         3281    x$fpl$ffltu         D:\Keil_v5\ARM\ARMCC\Bin\..\lib\armlib\fz_ws.l(fflt_clz.o)
    0x0000853e   0x0000853e   0x00000002   PAD
    0x00008540   0x00008540   0x00000068   Code   RO         3287    x$fpl$fleqf         D:\Keil_v5\ARM\ARMCC\Bin\..\lib\armlib\fz_ws.l(fleqf.o)
    0x000085a8   0x000085a8   0x00000102   Code   RO         3289    x$fpl$fmul          D:\Keil_v5\ARM\ARMCC\Bin\..\lib\armlib\fz_ws.l(fmul.o)
    0x000086aa   0x000086aa   0x0000008c   Code   RO         3560    x$fpl$fnaninf       D:\Keil_v5\ARM\ARMCC\Bin\..\lib\armlib\fz_ws.l(fnaninf.o)
    0x00008736   0x00008736   0x0000000a   Code   RO         3562    x$fpl$fretinf       D:\Keil_v5\ARM\ARMCC\Bin\..\lib\armlib\fz_ws.l(fretinf.o)
    0x00008740   0x00008740   0x00000062   Code   RO         3291    x$fpl$frleqf        D:\Keil_v5\ARM\ARMCC\Bin\..\lib\armlib\fz_ws.l(frleqf.o)
    0x000087a2   0x000087a2   0x00000002   PAD
    0x000087a4   0x000087a4   0x00000060   Code   RO         3564    x$fpl$frnd          D:\Keil_v5\ARM\ARMCC\Bin\..\lib\armlib\fz_ws.l(frnd.o)
    0x00008804   0x00008804   0x00000014   Code   RO         3260    x$fpl$frsb          D:\Keil_v5\ARM\ARMCC\Bin\..\lib\armlib\fz_ws.l(faddsub_clz.o)
    0x00008818   0x00008818   0x00000110   Code   RO         3566    x$fpl$fsqrt         D:\Keil_v5\ARM\ARMCC\Bin\..\lib\armlib\fz_ws.l(fsqrt.o)
    0x00008928   0x00008928   0x000000ea   Code   RO         3261    x$fpl$fsub          D:\Keil_v5\ARM\ARMCC\Bin\..\lib\armlib\fz_ws.l(faddsub_clz.o)
    0x00008a12   0x00008a12   0x00000002   PAD
    0x00008a14   0x00008a14   0x0000005c   Code   RO         3277    x$fpl$llufromf      D:\Keil_v5\ARM\ARMCC\Bin\..\lib\armlib\fz_ws.l(ffixull.o)
    0x00008a70   0x00008a70   0x00000004   Code   RO         3293    x$fpl$printf1       D:\Keil_v5\ARM\ARMCC\Bin\..\lib\armlib\fz_ws.l(printf1.o)
    0x00008a74   0x00008a74   0x00000004   Code   RO         3568    x$fpl$printf2       D:\Keil_v5\ARM\ARMCC\Bin\..\lib\armlib\fz_ws.l(printf2.o)
    0x00008a78   0x00008a78   0x00000064   Code   RO         3865    x$fpl$retnan        D:\Keil_v5\ARM\ARMCC\Bin\..\lib\armlib\fz_ws.l(retnan.o)
    0x00008adc   0x00008adc   0x0000004c   Code   RO         3770    x$fpl$scalbnf       D:\Keil_v5\ARM\ARMCC\Bin\..\lib\armlib\fz_ws.l(scalbnf.o)
    0x00008b28   0x00008b28   0x00000030   Code   RO         3883    x$fpl$trapveneer    D:\Keil_v5\ARM\ARMCC\Bin\..\lib\armlib\fz_ws.l(trapv.o)
    0x00008b58   0x00008b58   0x00000000   Code   RO         3576    x$fpl$usenofp       D:\Keil_v5\ARM\ARMCC\Bin\..\lib\armlib\fz_ws.l(usenofp.o)
    0x00008b58   0x00008b58   0x00000028   Data   RO          311    .constdata          mbed/TARGET_LPC1768/TOOLCHAIN_ARM_STD/mbed_retarget.o
    0x00008b80   0x00008b80   0x000000b4   Data   RO          444    .constdata          mbed/TARGET_LPC1768/TOOLCHAIN_ARM_STD/pwmout_api.o
    0x00008c34   0x00008c34   0x00000120   Data   RO          501    .constdata          mbed/TARGET_LPC1768/TOOLCHAIN_ARM_STD/serial_api.o
    0x00008d54   0x00008d54   0x00000008   Data   RO         1084    .constdata          .\build\odometry.o
    0x00008d5c   0x00008d5c   0x00000010   Data   RO         1502    .constdata          .\build\qei.o
    0x00008d6c   0x00008d6c   0x0000001c   Data   RO         2554    .constdata          mbed/TARGET_LPC1768/TOOLCHAIN_ARM_STD/mbed.ar(mbed_us_ticker_api.o)
    0x00008d88   0x00008d88   0x00000008   Data   RO         2555    .constdata          mbed/TARGET_LPC1768/TOOLCHAIN_ARM_STD/mbed.ar(mbed_us_ticker_api.o)
    0x00008d90   0x00008d90   0x00000011   Data   RO         3052    .constdata          D:\Keil_v5\ARM\ARMCC\Bin\..\lib\armlib\c_w.l(__printf_flags_ss_wp.o)
    0x00008da1   0x00008da1   0x00000003   PAD
    0x00008da4   0x00008da4   0x00000008   Data   RO         3389    .constdata          D:\Keil_v5\ARM\ARMCC\Bin\..\lib\armlib\c_w.l(_printf_wctomb.o)
    0x00008dac   0x00008dac   0x00000028   Data   RO         3418    .constdata          D:\Keil_v5\ARM\ARMCC\Bin\..\lib\armlib\c_w.l(_printf_hex_int_ll_ptr.o)
    0x00008dd4   0x00008dd4   0x00000020   Data   RO         3594    .constdata          D:\Keil_v5\ARM\ARMCC\Bin\..\lib\armlib\m_ws.l(rredf.o)
    0x00008df4   0x00008df4   0x00000026   Data   RO         3635    .constdata          D:\Keil_v5\ARM\ARMCC\Bin\..\lib\armlib\c_w.l(_printf_fp_hex.o)
    0x00008e1a   0x00008e1a   0x00000002   PAD
    0x00008e1c   0x00008e1c   0x00000094   Data   RO         3656    .constdata          D:\Keil_v5\ARM\ARMCC\Bin\..\lib\armlib\c_w.l(bigflt0.o)
    0x00008eb0   0x00008eb0   0x00000010   Data   RO         1786    .constdata__ZTV5Robot  .\build\robot.o
    0x00008ec0   0x00008ec0   0x0000004c   Data   RO         2926    .constdata__ZTVN4mbed10FileHandleE  mbed/TARGET_LPC1768/TOOLCHAIN_ARM_STD/mbed.ar(FileHandle.o)
    0x00008f0c   0x00008f0c   0x00000018   Data   RO         2444    .constdata__ZTVN4mbed10SerialBaseE  mbed/TARGET_LPC1768/TOOLCHAIN_ARM_STD/mbed.ar(SerialBase.o)
    0x00008f24   0x00008f24   0x00000014   Data   RO         2376    .constdata__ZTVN4mbed10TimerEventE  mbed/TARGET_LPC1768/TOOLCHAIN_ARM_STD/mbed.ar(TimerEvent.o)
    0x00008f38   0x00008f38   0x00000010   Data   RO         2228    .constdata__ZTVN4mbed11InterruptInE  mbed/TARGET_LPC1768/TOOLCHAIN_ARM_STD/mbed.ar(InterruptIn.o)
    0x00008f48   0x00008f48   0x0000008c   Data   RO         2272    .constdata__ZTVN4mbed6SerialE  mbed/TARGET_LPC1768/TOOLCHAIN_ARM_STD/mbed.ar(Serial.o)
    0x00008fd4   0x00008fd4   0x0000006c   Data   RO         2808    .constdata__ZTVN4mbed6StreamE  mbed/TARGET_LPC1768/TOOLCHAIN_ARM_STD/mbed.ar(Stream.o)
    0x00009040   0x00009040   0x00000014   Data   RO         2333    .constdata__ZTVN4mbed6TickerE  mbed/TARGET_LPC1768/TOOLCHAIN_ARM_STD/mbed.ar(Ticker.o)
    0x00009054   0x00009054   0x00000014   Data   RO         2462    .constdata__ZTVN4mbed7TimeoutE  mbed/TARGET_LPC1768/TOOLCHAIN_ARM_STD/mbed.ar(Timeout.o)
    0x00009068   0x00009068   0x00000010   Data   RO         2904    .constdata__ZTVN4mbed8FileBaseE  mbed/TARGET_LPC1768/TOOLCHAIN_ARM_STD/mbed.ar(FileBase.o)
    0x00009078   0x00009078   0x00000014   Data   RO          382    .constdata__ZZN12SingletonPtrI13PlatformMutexE3getEvEs  mbed/TARGET_LPC1768/TOOLCHAIN_ARM_STD/mbed_retarget.o
    0x0000908c   0x0000908c   0x00000059   Data   RO          383    .constdata__ZZN12SingletonPtrI13PlatformMutexE3getEvEs_0  mbed/TARGET_LPC1768/TOOLCHAIN_ARM_STD/mbed_retarget.o
    0x000090e5   0x000090e5   0x00000003   PAD
    0x000090e8   0x000090e8   0x0000000c   Data   RO         1567    .constdata__ZZN4mbed8CallbackIFvvEE8generateINS2_14method_contextI3QEIMS5_FvvEEEEEvRKT_E3ops  .\build\qei.o
    0x000090f4   0x000090f4   0x0000000c   Data   RO         1170    .constdata__ZZN4mbed8CallbackIFvvEE8generateINS2_14method_contextI8OdometryMS5_FvvEEEEEvRKT_E3ops  .\build\odometry.o
    0x00009100   0x00009100   0x0000000c   Data   RO         1169    .constdata__ZZN4mbed8CallbackIFvvEE8generateIPS1_EEvRKT_E3ops  .\build\odometry.o
    0x0000910c   0x0000910c   0x00000005   Data   RO         2229    .constdata__ZZNK4mbed8CallbackIFvvEE4callEvEs  mbed/TARGET_LPC1768/TOOLCHAIN_ARM_STD/mbed.ar(InterruptIn.o)
    0x00009111   0x00009111   0x00000055   Data   RO         2230    .constdata__ZZNK4mbed8CallbackIFvvEE4callEvEs_0  mbed/TARGET_LPC1768/TOOLCHAIN_ARM_STD/mbed.ar(InterruptIn.o)
    0x00009166   0x00009166   0x00000002   PAD
    0x00009168   0x00009168   0x00000063   Data   RO          141    .conststring        mbed/TARGET_LPC1768/TOOLCHAIN_ARM_STD/gpio_api.o
    0x000091cb   0x000091cb   0x00000001   PAD
    0x000091cc   0x000091cc   0x00000078   Data   RO          212    .conststring        mbed/TARGET_LPC1768/TOOLCHAIN_ARM_STD/mbed_board.o
    0x00009244   0x00009244   0x00000061   Data   RO          407    .conststring        mbed/TARGET_LPC1768/TOOLCHAIN_ARM_STD/pinmap.o
    0x000092a5   0x000092a5   0x00000003   PAD
    0x000092a8   0x000092a8   0x00000065   Data   RO          445    .conststring        mbed/TARGET_LPC1768/TOOLCHAIN_ARM_STD/pwmout_api.o
    0x0000930d   0x0000930d   0x00000003   PAD
    0x00009310   0x00009310   0x00000065   Data   RO          502    .conststring        mbed/TARGET_LPC1768/TOOLCHAIN_ARM_STD/serial_api.o
    0x00009375   0x00009375   0x00000003   PAD
    0x00009378   0x00009378   0x0000004c   Data   RO         2596    .conststring        mbed/TARGET_LPC1768/TOOLCHAIN_ARM_STD/mbed.ar(mbed_ticker_api.o)
    0x000093c4   0x000093c4   0x0000004f   Data   RO         2666    .conststring        mbed/TARGET_LPC1768/TOOLCHAIN_ARM_STD/mbed.ar(mbed_critical.o)
    0x00009413   0x00009413   0x00000001   PAD
    0x00009414   0x00009414   0x00000020   Data   RO         3914    Region$$Table       anon$$obj.o
    0x00009434   0x00009434   0x0000001c   Data   RO         3710    locale$$data        D:\Keil_v5\ARM\ARMCC\Bin\..\lib\armlib\c_w.l(lc_numeric_c.o)
    0x00009450   0x00009450   0x00000110   Data   RO         3850    locale$$data        D:\Keil_v5\ARM\ARMCC\Bin\..\lib\armlib\c_w.l(lc_ctype_c.o)
    0x00009560   0x00009560   0x00000004   Data   RO         1714    .init_array         .\build\robot.o
    0x00009564   0x00009560   0x00000004   Data   RO         2088    .init_array         .\build\main.o
    0x00009568   0x00009560   0x00000000   Data   RO         3115    .init_array         D:\Keil_v5\ARM\ARMCC\Bin\..\lib\armlib\c_w.l(init_aeabi.o)


    Execution Region RW_IRAM1 (Exec base: 0x100000c8, Load base: 0x00009568, Size: 0x00000818, Max: 0x00007f18, ABSOLUTE)

    Exec Addr    Load Addr    Size         Type   Attr      Idx    E Section Name        Object

    0x100000c8   0x00009568   0x00000004   Data   RW          159    .data               mbed/TARGET_LPC1768/TOOLCHAIN_ARM_STD/gpio_irq_api.o
    0x100000cc   0x0000956c   0x00000010   Data   RW          315    .data               mbed/TARGET_LPC1768/TOOLCHAIN_ARM_STD/mbed_retarget.o
    0x100000dc   0x0000957c   0x00000020   Data   RW          446    .data               mbed/TARGET_LPC1768/TOOLCHAIN_ARM_STD/pwmout_api.o
    0x100000fc   0x0000959c   0x00000010   Data   RW          503    .data               mbed/TARGET_LPC1768/TOOLCHAIN_ARM_STD/serial_api.o
    0x1000010c   0x000095ac   0x00000004   Data   RW          574    .data               mbed/TARGET_LPC1768/TOOLCHAIN_ARM_STD/system_LPC17xx.o
    0x10000110   0x000095b0   0x00000004   Data   RW          589    .data               mbed/TARGET_LPC1768/TOOLCHAIN_ARM_STD/us_ticker.o
    0x10000114   0x000095b4   0x0000000c   Data   RW         1713    .data               .\build\robot.o
    0x10000120   0x000095c0   0x00000002   Data   RW         2539    .data               mbed/TARGET_LPC1768/TOOLCHAIN_ARM_STD/mbed.ar(mbed_sleep_manager.o)
    0x10000122   0x000095c2   0x00000002   PAD
    0x10000124   0x000095c4   0x00000004   Data   RW         2556    .data               mbed/TARGET_LPC1768/TOOLCHAIN_ARM_STD/mbed.ar(mbed_us_ticker_api.o)
    0x10000128   0x000095c8   0x00000008   Data   RW         2667    .data               mbed/TARGET_LPC1768/TOOLCHAIN_ARM_STD/mbed.ar(mbed_critical.o)
    0x10000130   0x000095d0   0x00000001   Data   RW         2691    .data               mbed/TARGET_LPC1768/TOOLCHAIN_ARM_STD/mbed.ar(mbed_error.o)
    0x10000131   0x000095d1   0x00000003   PAD
    0x10000134   0x000095d4   0x0000000c   Data   RW         2892    .data               mbed/TARGET_LPC1768/TOOLCHAIN_ARM_STD/mbed.ar(FileBase.o)
    0x10000140   0x000095e0   0x00000004   Data   RW         3083    .data               D:\Keil_v5\ARM\ARMCC\Bin\..\lib\armlib\c_w.l(stdio_streams.o)
    0x10000144   0x000095e4   0x00000004   Data   RW         3084    .data               D:\Keil_v5\ARM\ARMCC\Bin\..\lib\armlib\c_w.l(stdio_streams.o)
    0x10000148   0x000095e8   0x00000004   Data   RW         3085    .data               D:\Keil_v5\ARM\ARMCC\Bin\..\lib\armlib\c_w.l(stdio_streams.o)
    0x1000014c   0x000095ec   0x00000004   Data   RW         3728    .data               D:\Keil_v5\ARM\ARMCC\Bin\..\lib\armlib\c_w.l(heapauxa.o)
    0x10000150        -       0x000000c0   Zero   RW          158    .bss                mbed/TARGET_LPC1768/TOOLCHAIN_ARM_STD/gpio_irq_api.o
    0x10000210        -       0x00000144   Zero   RW          310    .bss                mbed/TARGET_LPC1768/TOOLCHAIN_ARM_STD/mbed_retarget.o
    0x10000354        -       0x000000e0   Zero   RW          500    .bss                mbed/TARGET_LPC1768/TOOLCHAIN_ARM_STD/serial_api.o
    0x10000434   0x000095f0   0x00000004   PAD
    0x10000438        -       0x00000090   Zero   RW         1712    .bss                .\build\robot.o
    0x100004c8        -       0x000002c0   Zero   RW         2087    .bss                .\build\main.o
    0x10000788        -       0x00000040   Zero   RW         2553    .bss                mbed/TARGET_LPC1768/TOOLCHAIN_ARM_STD/mbed.ar(mbed_us_ticker_api.o)
    0x100007c8        -       0x00000004   Zero   RW         2954    .bss                D:\Keil_v5\ARM\ARMCC\Bin\..\lib\armlib\c_w.l(rt_errno_addr.o)
    0x100007cc        -       0x00000054   Zero   RW         3080    .bss                D:\Keil_v5\ARM\ARMCC\Bin\..\lib\armlib\c_w.l(stdio_streams.o)
    0x10000820        -       0x00000054   Zero   RW         3081    .bss                D:\Keil_v5\ARM\ARMCC\Bin\..\lib\armlib\c_w.l(stdio_streams.o)
    0x10000874        -       0x00000054   Zero   RW         3082    .bss                D:\Keil_v5\ARM\ARMCC\Bin\..\lib\armlib\c_w.l(stdio_streams.o)
    0x100008c8        -       0x00000004   Zero   RW         3342    .bss                D:\Keil_v5\ARM\ARMCC\Bin\..\lib\armlib\c_w.l(rt_heap_descriptor.o)
    0x100008cc        -       0x00000014   Zero   RW         3616    .bss                D:\Keil_v5\ARM\ARMCC\Bin\..\lib\armlib\c_w.l(rt_locale.o)


    Execution Region RW_IRAM2 (Exec base: 0x2007c000, Load base: 0x000095f0, Size: 0x00000000, Max: 0x00004000, ABSOLUTE)

    **** No section assigned to this execution region ****


    Execution Region RW_IRAM3 (Exec base: 0x20080000, Load base: 0x000095f0, Size: 0x00000000, Max: 0x00004000, ABSOLUTE)

    **** No section assigned to this execution region ****


    Execution Region RW_IRAM4 (Exec base: 0x40038000, Load base: 0x000095f0, Size: 0x00000000, Max: 0x00000800, ABSOLUTE)

    **** No section assigned to this execution region ****


==============================================================================

Image component sizes


      Code (inc. data)   RO Data    RW Data    ZI Data      Debug   Object Name

         0          0          4          0          0          0   mbed/TARGET_LPC1768/TOOLCHAIN_ARM_STD/CRP.o
       148         30         99          0          0        228   mbed/TARGET_LPC1768/TOOLCHAIN_ARM_STD/gpio_api.o
       624         96          0          4        192        352   mbed/TARGET_LPC1768/TOOLCHAIN_ARM_STD/gpio_irq_api.o
      1156        294          4          0        704      10280   .\build\main.o
       360         58        120          0          0        260   mbed/TARGET_LPC1768/TOOLCHAIN_ARM_STD/mbed_board.o
      1368        168        149         16        324       1420   mbed/TARGET_LPC1768/TOOLCHAIN_ARM_STD/mbed_retarget.o
        46          4          0          0          0        292   mbed/TARGET_LPC1768/TOOLCHAIN_ARM_STD/mbed_sdk_boot.o
       286          0          0          0          0      52394   .\build\moteur.o
      1118         38         32          0          0      31477   .\build\odometry.o
         0          0          0          0          0       3660   .\build\odometry2.o
       236         48         97          0          0        160   mbed/TARGET_LPC1768/TOOLCHAIN_ARM_STD/pinmap.o
       392         70        281         32          0        244   mbed/TARGET_LPC1768/TOOLCHAIN_ARM_STD/pwmout_api.o
       662         14         28          0          0      12024   .\build\qei.o
      3886        320         20         12        144      42513   .\build\robot.o
      1762        182        389         16        224       1160   mbed/TARGET_LPC1768/TOOLCHAIN_ARM_STD/serial_api.o
        36          8        196          0          0        228   mbed/TARGET_LPC1768/TOOLCHAIN_ARM_STD/startup_LPC17xx.o
       160         10          0          4          0         68   mbed/TARGET_LPC1768/TOOLCHAIN_ARM_STD/system_LPC17xx.o
       264         72          0          4          0        408   mbed/TARGET_LPC1768/TOOLCHAIN_ARM_STD/us_ticker.o

    ----------------------------------------------------------------------
     12522       1412       1464         88       1592     157168   Object Totals
         0          0         32          0          0          0   (incl. Generated)
        18          0         13          0          4          0   (incl. Padding)

    ----------------------------------------------------------------------

      Code (inc. data)   RO Data    RW Data    ZI Data      Debug   Library Member Name

        24          4          0          0          0         84   D:\Keil_v5\ARM\ARMCC\Bin\..\lib\armlib\c_w.l(__2printf.o)
         8          0          0          0          0         68   D:\Keil_v5\ARM\ARMCC\Bin\..\lib\armlib\c_w.l(__main.o)
       392          4         17          0          0         92   D:\Keil_v5\ARM\ARMCC\Bin\..\lib\armlib\c_w.l(__printf_flags_ss_wp.o)
        14          0          0          0          0         68   D:\Keil_v5\ARM\ARMCC\Bin\..\lib\armlib\c_w.l(__printf_wp.o)
         0          0          0          0          0          0   D:\Keil_v5\ARM\ARMCC\Bin\..\lib\armlib\c_w.l(__rtentry.o)
        20          0          0          0          0          0   D:\Keil_v5\ARM\ARMCC\Bin\..\lib\armlib\c_w.l(__rtentry2.o)
         6          0          0          0          0          0   D:\Keil_v5\ARM\ARMCC\Bin\..\lib\armlib\c_w.l(__rtentry4.o)
        52          8          0          0          0          0   D:\Keil_v5\ARM\ARMCC\Bin\..\lib\armlib\c_w.l(__scatter.o)
        26          0          0          0          0          0   D:\Keil_v5\ARM\ARMCC\Bin\..\lib\armlib\c_w.l(__scatter_copy.o)
        28          0          0          0          0          0   D:\Keil_v5\ARM\ARMCC\Bin\..\lib\armlib\c_w.l(__scatter_zi.o)
         6          0          0          0          0          0   D:\Keil_v5\ARM\ARMCC\Bin\..\lib\armlib\c_w.l(_printf_a.o)
         6          0          0          0          0          0   D:\Keil_v5\ARM\ARMCC\Bin\..\lib\armlib\c_w.l(_printf_c.o)
        44          0          0          0          0        108   D:\Keil_v5\ARM\ARMCC\Bin\..\lib\armlib\c_w.l(_printf_char.o)
        48          6          0          0          0         96   D:\Keil_v5\ARM\ARMCC\Bin\..\lib\armlib\c_w.l(_printf_char_common.o)
        36          4          0          0          0         80   D:\Keil_v5\ARM\ARMCC\Bin\..\lib\armlib\c_w.l(_printf_char_file.o)
        40          0          0          0          0         68   D:\Keil_v5\ARM\ARMCC\Bin\..\lib\armlib\c_w.l(_printf_charcount.o)
         6          0          0          0          0          0   D:\Keil_v5\ARM\ARMCC\Bin\..\lib\armlib\c_w.l(_printf_d.o)
       120         16          0          0          0         92   D:\Keil_v5\ARM\ARMCC\Bin\..\lib\armlib\c_w.l(_printf_dec.o)
         6          0          0          0          0          0   D:\Keil_v5\ARM\ARMCC\Bin\..\lib\armlib\c_w.l(_printf_e.o)
         6          0          0          0          0          0   D:\Keil_v5\ARM\ARMCC\Bin\..\lib\armlib\c_w.l(_printf_f.o)
      1054          0          0          0          0        216   D:\Keil_v5\ARM\ARMCC\Bin\..\lib\armlib\c_w.l(_printf_fp_dec.o)
       764          8         38          0          0        100   D:\Keil_v5\ARM\ARMCC\Bin\..\lib\armlib\c_w.l(_printf_fp_hex.o)
       128         16          0          0          0         84   D:\Keil_v5\ARM\ARMCC\Bin\..\lib\armlib\c_w.l(_printf_fp_infnan.o)
         6          0          0          0          0          0   D:\Keil_v5\ARM\ARMCC\Bin\..\lib\armlib\c_w.l(_printf_g.o)
       148          4         40          0          0        160   D:\Keil_v5\ARM\ARMCC\Bin\..\lib\armlib\c_w.l(_printf_hex_int_ll_ptr.o)
         6          0          0          0          0          0   D:\Keil_v5\ARM\ARMCC\Bin\..\lib\armlib\c_w.l(_printf_i.o)
       178          0          0          0          0         88   D:\Keil_v5\ARM\ARMCC\Bin\..\lib\armlib\c_w.l(_printf_intcommon.o)
        10          0          0          0          0          0   D:\Keil_v5\ARM\ARMCC\Bin\..\lib\armlib\c_w.l(_printf_l.o)
         6          0          0          0          0          0   D:\Keil_v5\ARM\ARMCC\Bin\..\lib\armlib\c_w.l(_printf_lc.o)
        10          0          0          0          0          0   D:\Keil_v5\ARM\ARMCC\Bin\..\lib\armlib\c_w.l(_printf_ll.o)
         6          0          0          0          0          0   D:\Keil_v5\ARM\ARMCC\Bin\..\lib\armlib\c_w.l(_printf_lld.o)
         6          0          0          0          0          0   D:\Keil_v5\ARM\ARMCC\Bin\..\lib\armlib\c_w.l(_printf_lli.o)
         6          0          0          0          0          0   D:\Keil_v5\ARM\ARMCC\Bin\..\lib\armlib\c_w.l(_printf_llo.o)
         6          0          0          0          0          0   D:\Keil_v5\ARM\ARMCC\Bin\..\lib\armlib\c_w.l(_printf_llu.o)
         6          0          0          0          0          0   D:\Keil_v5\ARM\ARMCC\Bin\..\lib\armlib\c_w.l(_printf_llx.o)
       124         16          0          0          0         92   D:\Keil_v5\ARM\ARMCC\Bin\..\lib\armlib\c_w.l(_printf_longlong_dec.o)
         6          0          0          0          0          0   D:\Keil_v5\ARM\ARMCC\Bin\..\lib\armlib\c_w.l(_printf_ls.o)
         6          0          0          0          0          0   D:\Keil_v5\ARM\ARMCC\Bin\..\lib\armlib\c_w.l(_printf_n.o)
         6          0          0          0          0          0   D:\Keil_v5\ARM\ARMCC\Bin\..\lib\armlib\c_w.l(_printf_o.o)
       112         10          0          0          0        124   D:\Keil_v5\ARM\ARMCC\Bin\..\lib\armlib\c_w.l(_printf_oct_int_ll.o)
         6          0          0          0          0          0   D:\Keil_v5\ARM\ARMCC\Bin\..\lib\armlib\c_w.l(_printf_p.o)
        78          0          0          0          0        108   D:\Keil_v5\ARM\ARMCC\Bin\..\lib\armlib\c_w.l(_printf_pad.o)
         0          0          0          0          0          0   D:\Keil_v5\ARM\ARMCC\Bin\..\lib\armlib\c_w.l(_printf_percent.o)
         4          0          0          0          0          0   D:\Keil_v5\ARM\ARMCC\Bin\..\lib\armlib\c_w.l(_printf_percent_end.o)
         6          0          0          0          0          0   D:\Keil_v5\ARM\ARMCC\Bin\..\lib\armlib\c_w.l(_printf_s.o)
        82          0          0          0          0         80   D:\Keil_v5\ARM\ARMCC\Bin\..\lib\armlib\c_w.l(_printf_str.o)
        36          0          0          0          0         84   D:\Keil_v5\ARM\ARMCC\Bin\..\lib\armlib\c_w.l(_printf_truncate.o)
         6          0          0          0          0          0   D:\Keil_v5\ARM\ARMCC\Bin\..\lib\armlib\c_w.l(_printf_u.o)
        44          0          0          0          0        108   D:\Keil_v5\ARM\ARMCC\Bin\..\lib\armlib\c_w.l(_printf_wchar.o)
       188          6          8          0          0         92   D:\Keil_v5\ARM\ARMCC\Bin\..\lib\armlib\c_w.l(_printf_wctomb.o)
         6          0          0          0          0          0   D:\Keil_v5\ARM\ARMCC\Bin\..\lib\armlib\c_w.l(_printf_x.o)
        22          0          0          0          0        100   D:\Keil_v5\ARM\ARMCC\Bin\..\lib\armlib\c_w.l(_rserrno.o)
        16          0          0          0          0         68   D:\Keil_v5\ARM\ARMCC\Bin\..\lib\armlib\c_w.l(_snputc.o)
        10          0          0          0          0         68   D:\Keil_v5\ARM\ARMCC\Bin\..\lib\armlib\c_w.l(_sputc.o)
        64          0          0          0          0         92   D:\Keil_v5\ARM\ARMCC\Bin\..\lib\armlib\c_w.l(_wcrtomb.o)
       228          4        148          0          0         96   D:\Keil_v5\ARM\ARMCC\Bin\..\lib\armlib\c_w.l(bigflt0.o)
      1936        128          0          0          0        672   D:\Keil_v5\ARM\ARMCC\Bin\..\lib\armlib\c_w.l(btod.o)
        10          0          0          0          0         68   D:\Keil_v5\ARM\ARMCC\Bin\..\lib\armlib\c_w.l(c89vfprintf.o)
        10          0          0          0          0         68   D:\Keil_v5\ARM\ARMCC\Bin\..\lib\armlib\c_w.l(defsig_exit.o)
        50          0          0          0          0         88   D:\Keil_v5\ARM\ARMCC\Bin\..\lib\armlib\c_w.l(defsig_general.o)
        48         34          0          0          0         76   D:\Keil_v5\ARM\ARMCC\Bin\..\lib\armlib\c_w.l(defsig_pvfn_inner.o)
        14          0          0          0          0         80   D:\Keil_v5\ARM\ARMCC\Bin\..\lib\armlib\c_w.l(defsig_pvfn_outer.o)
        80         58          0          0          0         76   D:\Keil_v5\ARM\ARMCC\Bin\..\lib\armlib\c_w.l(defsig_rtmem_inner.o)
        14          0          0          0          0         80   D:\Keil_v5\ARM\ARMCC\Bin\..\lib\armlib\c_w.l(defsig_rtmem_outer.o)
        52         38          0          0          0         76   D:\Keil_v5\ARM\ARMCC\Bin\..\lib\armlib\c_w.l(defsig_rtred_inner.o)
        14          0          0          0          0         80   D:\Keil_v5\ARM\ARMCC\Bin\..\lib\armlib\c_w.l(defsig_rtred_outer.o)
        76          0          0          0          0         88   D:\Keil_v5\ARM\ARMCC\Bin\..\lib\armlib\c_w.l(fclose.o)
         8          0          0          0          0         68   D:\Keil_v5\ARM\ARMCC\Bin\..\lib\armlib\c_w.l(ferror.o)
       100          4          0          0          0        120   D:\Keil_v5\ARM\ARMCC\Bin\..\lib\armlib\c_w.l(fflush.o)
        24          0          0          0          0         68   D:\Keil_v5\ARM\ARMCC\Bin\..\lib\armlib\c_w.l(fgetc.o)
       570          0          0          0          0        132   D:\Keil_v5\ARM\ARMCC\Bin\..\lib\armlib\c_w.l(filbuf.o)
       470          0          0          0          0         88   D:\Keil_v5\ARM\ARMCC\Bin\..\lib\armlib\c_w.l(flsbuf.o)
        56          6          0          0          0         80   D:\Keil_v5\ARM\ARMCC\Bin\..\lib\armlib\c_w.l(flushlinebuffered.o)
       236          4          0          0          0        128   D:\Keil_v5\ARM\ARMCC\Bin\..\lib\armlib\c_w.l(fopen.o)
        26          0          0          0          0         68   D:\Keil_v5\ARM\ARMCC\Bin\..\lib\armlib\c_w.l(fputc.o)
       248          6          0          0          0         84   D:\Keil_v5\ARM\ARMCC\Bin\..\lib\armlib\c_w.l(fseek.o)
        66          0          0          0          0         76   D:\Keil_v5\ARM\ARMCC\Bin\..\lib\armlib\c_w.l(ftell.o)
        94          0          0          0          0         80   D:\Keil_v5\ARM\ARMCC\Bin\..\lib\armlib\c_w.l(h1_alloc.o)
        52          0          0          0          0         68   D:\Keil_v5\ARM\ARMCC\Bin\..\lib\armlib\c_w.l(h1_extend.o)
        78          0          0          0          0         80   D:\Keil_v5\ARM\ARMCC\Bin\..\lib\armlib\c_w.l(h1_free.o)
        14          0          0          0          0         84   D:\Keil_v5\ARM\ARMCC\Bin\..\lib\armlib\c_w.l(h1_init.o)
        80          6          0          4          0         96   D:\Keil_v5\ARM\ARMCC\Bin\..\lib\armlib\c_w.l(heapauxa.o)
         4          0          0          0          0        136   D:\Keil_v5\ARM\ARMCC\Bin\..\lib\armlib\c_w.l(hguard.o)
         0          0          0          0          0          0   D:\Keil_v5\ARM\ARMCC\Bin\..\lib\armlib\c_w.l(indicate_semi.o)
        36         10          0          0          0         80   D:\Keil_v5\ARM\ARMCC\Bin\..\lib\armlib\c_w.l(init_aeabi.o)
       138          0          0          0          0        168   D:\Keil_v5\ARM\ARMCC\Bin\..\lib\armlib\c_w.l(init_alloc.o)
       312         46          0          0          0        112   D:\Keil_v5\ARM\ARMCC\Bin\..\lib\armlib\c_w.l(initio.o)
        44         10        272          0          0         76   D:\Keil_v5\ARM\ARMCC\Bin\..\lib\armlib\c_w.l(lc_ctype_c.o)
        44         10         28          0          0         76   D:\Keil_v5\ARM\ARMCC\Bin\..\lib\armlib\c_w.l(lc_numeric_c.o)
         2          0          0          0          0          0   D:\Keil_v5\ARM\ARMCC\Bin\..\lib\armlib\c_w.l(libinit.o)
        46          0          0          0          0          0   D:\Keil_v5\ARM\ARMCC\Bin\..\lib\armlib\c_w.l(libinit2.o)
         0          0          0          0          0          0   D:\Keil_v5\ARM\ARMCC\Bin\..\lib\armlib\c_w.l(libshutdown2.o)
        38          0          0          0          0         68   D:\Keil_v5\ARM\ARMCC\Bin\..\lib\armlib\c_w.l(llshl.o)
       138          0          0          0          0         80   D:\Keil_v5\ARM\ARMCC\Bin\..\lib\armlib\c_w.l(lludiv10.o)
       238          0          0          0          0        100   D:\Keil_v5\ARM\ARMCC\Bin\..\lib\armlib\c_w.l(lludivv7m.o)
         0          0          0          0          0          0   D:\Keil_v5\ARM\ARMCC\Bin\..\lib\armlib\c_w.l(maybetermalloc1.o)
        16          4          0          0          0         76   D:\Keil_v5\ARM\ARMCC\Bin\..\lib\armlib\c_w.l(rt_ctype_table.o)
         8          4          0          0          4         68   D:\Keil_v5\ARM\ARMCC\Bin\..\lib\armlib\c_w.l(rt_errno_addr.o)
         8          4          0          0          4         68   D:\Keil_v5\ARM\ARMCC\Bin\..\lib\armlib\c_w.l(rt_heap_descriptor.o)
         8          4          0          0         20         68   D:\Keil_v5\ARM\ARMCC\Bin\..\lib\armlib\c_w.l(rt_locale.o)
        78          0          0          0          0         80   D:\Keil_v5\ARM\ARMCC\Bin\..\lib\armlib\c_w.l(rt_memclr_w.o)
       100          0          0          0          0         80   D:\Keil_v5\ARM\ARMCC\Bin\..\lib\armlib\c_w.l(rt_memcpy_w.o)
        20          0          0          0          0         68   D:\Keil_v5\ARM\ARMCC\Bin\..\lib\armlib\c_w.l(setbuf.o)
        70          0          0          0          0         80   D:\Keil_v5\ARM\ARMCC\Bin\..\lib\armlib\c_w.l(setvbuf.o)
       240          6          0          0          0        156   D:\Keil_v5\ARM\ARMCC\Bin\..\lib\armlib\c_w.l(stdio.o)
         0          0          0         12        252          0   D:\Keil_v5\ARM\ARMCC\Bin\..\lib\armlib\c_w.l(stdio_streams.o)
       128          0          0          0          0         68   D:\Keil_v5\ARM\ARMCC\Bin\..\lib\armlib\c_w.l(strcmpv7m.o)
        62          0          0          0          0         76   D:\Keil_v5\ARM\ARMCC\Bin\..\lib\armlib\c_w.l(strlen.o)
       150          0          0          0          0         80   D:\Keil_v5\ARM\ARMCC\Bin\..\lib\armlib\c_w.l(strncmp.o)
        12          4          0          0          0         68   D:\Keil_v5\ARM\ARMCC\Bin\..\lib\armlib\c_w.l(sys_exit.o)
        14          0          0          0          0         76   D:\Keil_v5\ARM\ARMCC\Bin\..\lib\armlib\c_w.l(sys_wrch.o)
         2          0          0          0          0         68   D:\Keil_v5\ARM\ARMCC\Bin\..\lib\armlib\c_w.l(use_no_semi.o)
        52          4          0          0          0         80   D:\Keil_v5\ARM\ARMCC\Bin\..\lib\armlib\c_w.l(vsnprintf.o)
        36          0          0          0          0         84   D:\Keil_v5\ARM\ARMCC\Bin\..\lib\cpplib\cpprt_w.l(aeabi_vec_ctor_nocookie_nodtor.o)
        34          0          0          0          0         84   D:\Keil_v5\ARM\ARMCC\Bin\..\lib\cpplib\cpprt_w.l(aeabi_vec_dtor_noexceptions.o)
         6          0          0          0          0         68   D:\Keil_v5\ARM\ARMCC\Bin\..\lib\cpplib\cpprt_w.l(pure_virt.o)
        98          4          0          0          0         92   D:\Keil_v5\ARM\ARMCC\Bin\..\lib\armlib\fz_ws.l(d2f.o)
       804         16          0          0          0        272   D:\Keil_v5\ARM\ARMCC\Bin\..\lib\armlib\fz_ws.l(daddsub_clz.o)
        24          0          0          0          0         68   D:\Keil_v5\ARM\ARMCC\Bin\..\lib\armlib\fz_ws.l(dcmpi.o)
       688        140          0          0          0        208   D:\Keil_v5\ARM\ARMCC\Bin\..\lib\armlib\fz_ws.l(ddiv.o)
       120          4          0          0          0         92   D:\Keil_v5\ARM\ARMCC\Bin\..\lib\armlib\fz_ws.l(dleqf.o)
       340         12          0          0          0        104   D:\Keil_v5\ARM\ARMCC\Bin\..\lib\armlib\fz_ws.l(dmul.o)
       156          4          0          0          0         92   D:\Keil_v5\ARM\ARMCC\Bin\..\lib\armlib\fz_ws.l(dnaninf.o)
        12          0          0          0          0         68   D:\Keil_v5\ARM\ARMCC\Bin\..\lib\armlib\fz_ws.l(dretinf.o)
       108          0          0          0          0         80   D:\Keil_v5\ARM\ARMCC\Bin\..\lib\armlib\fz_ws.l(drleqf.o)
        86          4          0          0          0         84   D:\Keil_v5\ARM\ARMCC\Bin\..\lib\armlib\fz_ws.l(f2d.o)
       450          8          0          0          0        236   D:\Keil_v5\ARM\ARMCC\Bin\..\lib\armlib\fz_ws.l(faddsub_clz.o)
        12          4          0          0          0         68   D:\Keil_v5\ARM\ARMCC\Bin\..\lib\armlib\fz_ws.l(fcheck1.o)
        24          0          0          0          0         68   D:\Keil_v5\ARM\ARMCC\Bin\..\lib\armlib\fz_ws.l(fcmpi.o)
       388         76          0          0          0         96   D:\Keil_v5\ARM\ARMCC\Bin\..\lib\armlib\fz_ws.l(fdiv.o)
        54          4          0          0          0         84   D:\Keil_v5\ARM\ARMCC\Bin\..\lib\armlib\fz_ws.l(ffix.o)
        62          4          0          0          0         84   D:\Keil_v5\ARM\ARMCC\Bin\..\lib\armlib\fz_ws.l(ffixu.o)
        92          4          0          0          0         84   D:\Keil_v5\ARM\ARMCC\Bin\..\lib\armlib\fz_ws.l(ffixull.o)
        86          0          0          0          0        136   D:\Keil_v5\ARM\ARMCC\Bin\..\lib\armlib\fz_ws.l(fflt_clz.o)
       104          4          0          0          0         84   D:\Keil_v5\ARM\ARMCC\Bin\..\lib\armlib\fz_ws.l(fleqf.o)
       258          4          0          0          0         84   D:\Keil_v5\ARM\ARMCC\Bin\..\lib\armlib\fz_ws.l(fmul.o)
       140          4          0          0          0         84   D:\Keil_v5\ARM\ARMCC\Bin\..\lib\armlib\fz_ws.l(fnaninf.o)
        10          0          0          0          0         68   D:\Keil_v5\ARM\ARMCC\Bin\..\lib\armlib\fz_ws.l(fretinf.o)
        98          0          0          0          0         68   D:\Keil_v5\ARM\ARMCC\Bin\..\lib\armlib\fz_ws.l(frleqf.o)
        96          4          0          0          0         76   D:\Keil_v5\ARM\ARMCC\Bin\..\lib\armlib\fz_ws.l(frnd.o)
       272        100          0          0          0         88   D:\Keil_v5\ARM\ARMCC\Bin\..\lib\armlib\fz_ws.l(fsqrt.o)
         4          0          0          0          0         68   D:\Keil_v5\ARM\ARMCC\Bin\..\lib\armlib\fz_ws.l(printf1.o)
         4          0          0          0          0         68   D:\Keil_v5\ARM\ARMCC\Bin\..\lib\armlib\fz_ws.l(printf2.o)
       100          0          0          0          0         68   D:\Keil_v5\ARM\ARMCC\Bin\..\lib\armlib\fz_ws.l(retnan.o)
        76          0          0          0          0         68   D:\Keil_v5\ARM\ARMCC\Bin\..\lib\armlib\fz_ws.l(scalbnf.o)
        48          0          0          0          0         68   D:\Keil_v5\ARM\ARMCC\Bin\..\lib\armlib\fz_ws.l(trapv.o)
         0          0          0          0          0          0   D:\Keil_v5\ARM\ARMCC\Bin\..\lib\armlib\fz_ws.l(usenofp.o)
       604         76          0          0          0        116   D:\Keil_v5\ARM\ARMCC\Bin\..\lib\armlib\m_ws.l(atan2f.o)
       380         52          0          0          0        124   D:\Keil_v5\ARM\ARMCC\Bin\..\lib\armlib\m_ws.l(cosf.o)
        40          0          0          0          0         68   D:\Keil_v5\ARM\ARMCC\Bin\..\lib\armlib\m_ws.l(fpclassify.o)
        38          0          0          0          0         68   D:\Keil_v5\ARM\ARMCC\Bin\..\lib\armlib\m_ws.l(fpclassifyf.o)
        28          0          0          0          0        272   D:\Keil_v5\ARM\ARMCC\Bin\..\lib\armlib\m_ws.l(funder.o)
       360         16         32          0          0         88   D:\Keil_v5\ARM\ARMCC\Bin\..\lib\armlib\m_ws.l(rredf.o)
       392         54          0          0          0        124   D:\Keil_v5\ARM\ARMCC\Bin\..\lib\armlib\m_ws.l(sinf.o)
        44          0          0          0          0         80   D:\Keil_v5\ARM\ARMCC\Bin\..\lib\armlib\m_ws.l(sqrtf.o)
       304         52         16         12          0        380   mbed/TARGET_LPC1768/TOOLCHAIN_ARM_STD/mbed.ar(FileBase.o)
        60          0         76          0          0        216   mbed/TARGET_LPC1768/TOOLCHAIN_ARM_STD/mbed.ar(FileHandle.o)
       160          0          0          0          0        440   mbed/TARGET_LPC1768/TOOLCHAIN_ARM_STD/mbed.ar(FilePath.o)
       536         42        106          0          0        492   mbed/TARGET_LPC1768/TOOLCHAIN_ARM_STD/mbed.ar(InterruptIn.o)
        92         10        140          0          0        564   mbed/TARGET_LPC1768/TOOLCHAIN_ARM_STD/mbed.ar(Serial.o)
       532         22         24          0          0        760   mbed/TARGET_LPC1768/TOOLCHAIN_ARM_STD/mbed.ar(SerialBase.o)
       372         50        108          0          0        896   mbed/TARGET_LPC1768/TOOLCHAIN_ARM_STD/mbed.ar(Stream.o)
       328          6         20          0          0        344   mbed/TARGET_LPC1768/TOOLCHAIN_ARM_STD/mbed.ar(Ticker.o)
        88         16         20          0          0        160   mbed/TARGET_LPC1768/TOOLCHAIN_ARM_STD/mbed.ar(Timeout.o)
        88          0          0          0          0        152   mbed/TARGET_LPC1768/TOOLCHAIN_ARM_STD/mbed.ar(Timer.o)
       110         16         20          0          0        364   mbed/TARGET_LPC1768/TOOLCHAIN_ARM_STD/mbed.ar(TimerEvent.o)
        84         52          0          0          0         88   mbed/TARGET_LPC1768/TOOLCHAIN_ARM_STD/mbed.ar(mbed_assert.o)
       280         98         79          8          0        316   mbed/TARGET_LPC1768/TOOLCHAIN_ARM_STD/mbed.ar(mbed_critical.o)
        40          4          0          1          0         88   mbed/TARGET_LPC1768/TOOLCHAIN_ARM_STD/mbed.ar(mbed_error.o)
       216         36          0          0          0        268   mbed/TARGET_LPC1768/TOOLCHAIN_ARM_STD/mbed.ar(mbed_gpio.o)
         4          0          0          0          0         68   mbed/TARGET_LPC1768/TOOLCHAIN_ARM_STD/mbed.ar(mbed_interface.o)
       274         78          0          0          0        308   mbed/TARGET_LPC1768/TOOLCHAIN_ARM_STD/mbed.ar(mbed_pinmap_common.o)
        28          6          0          0          0        144   mbed/TARGET_LPC1768/TOOLCHAIN_ARM_STD/mbed.ar(mbed_semihost_api.o)
       180         98          0          2          0        160   mbed/TARGET_LPC1768/TOOLCHAIN_ARM_STD/mbed.ar(mbed_sleep_manager.o)
       996         24         76          0          0        808   mbed/TARGET_LPC1768/TOOLCHAIN_ARM_STD/mbed.ar(mbed_ticker_api.o)
        32         14         36          4         64        136   mbed/TARGET_LPC1768/TOOLCHAIN_ARM_STD/mbed.ar(mbed_us_ticker_api.o)
        36          0          0          0          0         80   mbed/TARGET_LPC1768/TOOLCHAIN_ARM_STD/mbed.ar(mbed_wait_api_no_rtos.o)

    ----------------------------------------------------------------------
     22382       1718       1312         48        344      18760   Library Totals
        54          0          8          5          0          0   (incl. Padding)

    ----------------------------------------------------------------------

      Code (inc. data)   RO Data    RW Data    ZI Data      Debug   Library Name

     10712        496        551         16        280       7444   D:\Keil_v5\ARM\ARMCC\Bin\..\lib\armlib\c_w.l
        76          0          0          0          0        236   D:\Keil_v5\ARM\ARMCC\Bin\..\lib\cpplib\cpprt_w.l
      4814        400          0          0          0       2908   D:\Keil_v5\ARM\ARMCC\Bin\..\lib\armlib\fz_ws.l
      1886        198         32          0          0        940   D:\Keil_v5\ARM\ARMCC\Bin\..\lib\armlib\m_ws.l
      4840        624        721         27         64       7232   mbed/TARGET_LPC1768/TOOLCHAIN_ARM_STD/mbed.ar

    ----------------------------------------------------------------------
     22382       1718       1312         48        344      18760   Library Totals

    ----------------------------------------------------------------------

==============================================================================


      Code (inc. data)   RO Data    RW Data    ZI Data      Debug   

     34904       3130       2776        136       1936     158504   Grand Totals
     34904       3130       2776        136       1936     158504   ELF Image Totals
     34904       3130       2776        136          0          0   ROM Totals

==============================================================================

    Total RO  Size (Code + RO Data)                37680 (  36.80kB)
    Total RW  Size (RW Data + ZI Data)              2072 (   2.02kB)
    Total ROM Size (Code + RO Data + RW Data)      37816 (  36.93kB)

==============================================================================

