<!doctype html public "-//w3c//dtd html 4.0 transitional//en">
<html><head>
<title>Static Call Graph - [.\BUILD\WorkWithThis.axf]</title></head>
<body><HR>
<H1>Static Call Graph for image .\BUILD\WorkWithThis.axf</H1><HR>
<BR><P>#&#060CALLGRAPH&#062# ARM Linker, 5060528: Last Updated: Sat May 12 21:09:43 2018
<BR><P>
<H3>Maximum Stack Usage =       1128 bytes + Unknown(Cycles, Untraceable Function Pointers)</H3><H3>
Call chain for Maximum Stack Depth:</H3>
__rt_entry_main &rArr; main &rArr; $Super$$main &rArr; Robot::avancer(float, bool, float, int) &rArr; Robot::aller(float, float, bool, float, int, int) &rArr; Robot::tourner(float, bool, int, float, int) &rArr; mbed::Stream::printf(const char*, ...) &rArr; fflush &rArr; _do_fflush &rArr; _fflush &rArr; _writebuf &rArr; _sys_write &rArr; serial_baud &rArr; mbed_assert_internal &rArr; mbed_error_printf &rArr; serial_init &rArr;  serial_baud (Cycle)
<P>
<H3>
Mutually Recursive functions
</H3> <LI><a href="#[13]">NMI_Handler</a>&nbsp;&nbsp;&nbsp;&rArr;&nbsp;&nbsp;&nbsp;<a href="#[13]">NMI_Handler</a><BR>
 <LI><a href="#[14]">HardFault_Handler</a>&nbsp;&nbsp;&nbsp;&rArr;&nbsp;&nbsp;&nbsp;<a href="#[14]">HardFault_Handler</a><BR>
 <LI><a href="#[15]">MemManage_Handler</a>&nbsp;&nbsp;&nbsp;&rArr;&nbsp;&nbsp;&nbsp;<a href="#[15]">MemManage_Handler</a><BR>
 <LI><a href="#[16]">BusFault_Handler</a>&nbsp;&nbsp;&nbsp;&rArr;&nbsp;&nbsp;&nbsp;<a href="#[16]">BusFault_Handler</a><BR>
 <LI><a href="#[17]">UsageFault_Handler</a>&nbsp;&nbsp;&nbsp;&rArr;&nbsp;&nbsp;&nbsp;<a href="#[17]">UsageFault_Handler</a><BR>
 <LI><a href="#[18]">SVC_Handler</a>&nbsp;&nbsp;&nbsp;&rArr;&nbsp;&nbsp;&nbsp;<a href="#[18]">SVC_Handler</a><BR>
 <LI><a href="#[19]">DebugMon_Handler</a>&nbsp;&nbsp;&nbsp;&rArr;&nbsp;&nbsp;&nbsp;<a href="#[19]">DebugMon_Handler</a><BR>
 <LI><a href="#[1a]">PendSV_Handler</a>&nbsp;&nbsp;&nbsp;&rArr;&nbsp;&nbsp;&nbsp;<a href="#[1a]">PendSV_Handler</a><BR>
 <LI><a href="#[1b]">SysTick_Handler</a>&nbsp;&nbsp;&nbsp;&rArr;&nbsp;&nbsp;&nbsp;<a href="#[1b]">SysTick_Handler</a><BR>
 <LI><a href="#[32]">ADC_IRQHandler</a>&nbsp;&nbsp;&nbsp;&rArr;&nbsp;&nbsp;&nbsp;<a href="#[32]">ADC_IRQHandler</a><BR>
 <LI><a href="#[1b6]">initialize</a>&nbsp;&nbsp;&nbsp;&rArr;&nbsp;&nbsp;&nbsp;<a href="#[13f]">mbed_assert_internal</a><BR>
 <LI><a href="#[1b5]">pin_mode</a>&nbsp;&nbsp;&nbsp;&rArr;&nbsp;&nbsp;&nbsp;<a href="#[13f]">mbed_assert_internal</a><BR>
 <LI><a href="#[1b1]">pin_function</a>&nbsp;&nbsp;&nbsp;&rArr;&nbsp;&nbsp;&nbsp;<a href="#[13f]">mbed_assert_internal</a><BR>
 <LI><a href="#[1af]">gpio_dir</a>&nbsp;&nbsp;&nbsp;&rArr;&nbsp;&nbsp;&nbsp;<a href="#[13f]">mbed_assert_internal</a><BR>
 <LI><a href="#[1b3]">gpio_init_out</a>&nbsp;&nbsp;&nbsp;&rArr;&nbsp;&nbsp;&nbsp;<a href="#[13f]">mbed_assert_internal</a><BR>
 <LI><a href="#[130]">core_util_critical_section_enter</a>&nbsp;&nbsp;&nbsp;&rArr;&nbsp;&nbsp;&nbsp;<a href="#[13f]">mbed_assert_internal</a><BR>
 <LI><a href="#[1ac]">mbed_die</a>&nbsp;&nbsp;&nbsp;&rArr;&nbsp;&nbsp;&nbsp;<a href="#[13f]">mbed_assert_internal</a><BR>
 <LI><a href="#[1b4]">gpio_init_out_ex</a>&nbsp;&nbsp;&nbsp;&rArr;&nbsp;&nbsp;&nbsp;<a href="#[13f]">mbed_assert_internal</a><BR>
 <LI><a href="#[be]">exit</a>&nbsp;&nbsp;&nbsp;&rArr;&nbsp;&nbsp;&nbsp;<a href="#[cf]">fflush</a><BR>
 <LI><a href="#[1a9]">mbed_error_vfprintf</a>&nbsp;&nbsp;&nbsp;&rArr;&nbsp;&nbsp;&nbsp;<a href="#[12d]">serial_init</a><BR>
 <LI><a href="#[134]">core_util_critical_section_exit</a>&nbsp;&nbsp;&nbsp;&rArr;&nbsp;&nbsp;&nbsp;<a href="#[13f]">mbed_assert_internal</a><BR>
 <LI><a href="#[12d]">serial_init</a>&nbsp;&nbsp;&nbsp;&rArr;&nbsp;&nbsp;&nbsp;<a href="#[12e]">serial_baud</a><BR>
</UL>
<P>
<H3>
Function Pointers
</H3><UL>
 <LI><a href="#[43]">&lang;Func1&rang;</a> from mbed/TARGET_LPC1768/TOOLCHAIN_ARM_STD/mbed.ar(SerialBase.o)(i.<Func1>) referenced from mbed/TARGET_LPC1768/TOOLCHAIN_ARM_STD/mbed.ar(SerialBase.o)(i._ZN4mbed10SerialBaseC1E7PinNameS1_i)
 <LI><a href="#[32]">ADC_IRQHandler</a> from mbed/TARGET_LPC1768/TOOLCHAIN_ARM_STD/startup_LPC17xx.o(.text) referenced from mbed/TARGET_LPC1768/TOOLCHAIN_ARM_STD/startup_LPC17xx.o(RESET)
 <LI><a href="#[33]">BOD_IRQHandler</a> from mbed/TARGET_LPC1768/TOOLCHAIN_ARM_STD/startup_LPC17xx.o(.text) referenced from mbed/TARGET_LPC1768/TOOLCHAIN_ARM_STD/startup_LPC17xx.o(RESET)
 <LI><a href="#[16]">BusFault_Handler</a> from mbed/TARGET_LPC1768/TOOLCHAIN_ARM_STD/startup_LPC17xx.o(.text) referenced from mbed/TARGET_LPC1768/TOOLCHAIN_ARM_STD/startup_LPC17xx.o(RESET)
 <LI><a href="#[35]">CAN_IRQHandler</a> from mbed/TARGET_LPC1768/TOOLCHAIN_ARM_STD/startup_LPC17xx.o(.text) referenced from mbed/TARGET_LPC1768/TOOLCHAIN_ARM_STD/startup_LPC17xx.o(RESET)
 <LI><a href="#[36]">DMA_IRQHandler</a> from mbed/TARGET_LPC1768/TOOLCHAIN_ARM_STD/startup_LPC17xx.o(.text) referenced from mbed/TARGET_LPC1768/TOOLCHAIN_ARM_STD/startup_LPC17xx.o(RESET)
 <LI><a href="#[19]">DebugMon_Handler</a> from mbed/TARGET_LPC1768/TOOLCHAIN_ARM_STD/startup_LPC17xx.o(.text) referenced from mbed/TARGET_LPC1768/TOOLCHAIN_ARM_STD/startup_LPC17xx.o(RESET)
 <LI><a href="#[2e]">EINT0_IRQHandler</a> from mbed/TARGET_LPC1768/TOOLCHAIN_ARM_STD/startup_LPC17xx.o(.text) referenced from mbed/TARGET_LPC1768/TOOLCHAIN_ARM_STD/startup_LPC17xx.o(RESET)
 <LI><a href="#[2f]">EINT1_IRQHandler</a> from mbed/TARGET_LPC1768/TOOLCHAIN_ARM_STD/startup_LPC17xx.o(.text) referenced from mbed/TARGET_LPC1768/TOOLCHAIN_ARM_STD/startup_LPC17xx.o(RESET)
 <LI><a href="#[30]">EINT2_IRQHandler</a> from mbed/TARGET_LPC1768/TOOLCHAIN_ARM_STD/startup_LPC17xx.o(.text) referenced from mbed/TARGET_LPC1768/TOOLCHAIN_ARM_STD/startup_LPC17xx.o(RESET)
 <LI><a href="#[31]">EINT3_IRQHandler</a> from mbed/TARGET_LPC1768/TOOLCHAIN_ARM_STD/startup_LPC17xx.o(.text) referenced from mbed/TARGET_LPC1768/TOOLCHAIN_ARM_STD/startup_LPC17xx.o(RESET)
 <LI><a href="#[38]">ENET_IRQHandler</a> from mbed/TARGET_LPC1768/TOOLCHAIN_ARM_STD/startup_LPC17xx.o(.text) referenced from mbed/TARGET_LPC1768/TOOLCHAIN_ARM_STD/startup_LPC17xx.o(RESET)
 <LI><a href="#[14]">HardFault_Handler</a> from mbed/TARGET_LPC1768/TOOLCHAIN_ARM_STD/startup_LPC17xx.o(.text) referenced from mbed/TARGET_LPC1768/TOOLCHAIN_ARM_STD/startup_LPC17xx.o(RESET)
 <LI><a href="#[26]">I2C0_IRQHandler</a> from mbed/TARGET_LPC1768/TOOLCHAIN_ARM_STD/startup_LPC17xx.o(.text) referenced from mbed/TARGET_LPC1768/TOOLCHAIN_ARM_STD/startup_LPC17xx.o(RESET)
 <LI><a href="#[27]">I2C1_IRQHandler</a> from mbed/TARGET_LPC1768/TOOLCHAIN_ARM_STD/startup_LPC17xx.o(.text) referenced from mbed/TARGET_LPC1768/TOOLCHAIN_ARM_STD/startup_LPC17xx.o(RESET)
 <LI><a href="#[28]">I2C2_IRQHandler</a> from mbed/TARGET_LPC1768/TOOLCHAIN_ARM_STD/startup_LPC17xx.o(.text) referenced from mbed/TARGET_LPC1768/TOOLCHAIN_ARM_STD/startup_LPC17xx.o(RESET)
 <LI><a href="#[37]">I2S_IRQHandler</a> from mbed/TARGET_LPC1768/TOOLCHAIN_ARM_STD/startup_LPC17xx.o(.text) referenced from mbed/TARGET_LPC1768/TOOLCHAIN_ARM_STD/startup_LPC17xx.o(RESET)
 <LI><a href="#[3a]">MCPWM_IRQHandler</a> from mbed/TARGET_LPC1768/TOOLCHAIN_ARM_STD/startup_LPC17xx.o(.text) referenced from mbed/TARGET_LPC1768/TOOLCHAIN_ARM_STD/startup_LPC17xx.o(RESET)
 <LI><a href="#[15]">MemManage_Handler</a> from mbed/TARGET_LPC1768/TOOLCHAIN_ARM_STD/startup_LPC17xx.o(.text) referenced from mbed/TARGET_LPC1768/TOOLCHAIN_ARM_STD/startup_LPC17xx.o(RESET)
 <LI><a href="#[13]">NMI_Handler</a> from mbed/TARGET_LPC1768/TOOLCHAIN_ARM_STD/startup_LPC17xx.o(.text) referenced from mbed/TARGET_LPC1768/TOOLCHAIN_ARM_STD/startup_LPC17xx.o(RESET)
 <LI><a href="#[2c]">PLL0_IRQHandler</a> from mbed/TARGET_LPC1768/TOOLCHAIN_ARM_STD/startup_LPC17xx.o(.text) referenced from mbed/TARGET_LPC1768/TOOLCHAIN_ARM_STD/startup_LPC17xx.o(RESET)
 <LI><a href="#[3c]">PLL1_IRQHandler</a> from mbed/TARGET_LPC1768/TOOLCHAIN_ARM_STD/startup_LPC17xx.o(.text) referenced from mbed/TARGET_LPC1768/TOOLCHAIN_ARM_STD/startup_LPC17xx.o(RESET)
 <LI><a href="#[25]">PWM1_IRQHandler</a> from mbed/TARGET_LPC1768/TOOLCHAIN_ARM_STD/startup_LPC17xx.o(.text) referenced from mbed/TARGET_LPC1768/TOOLCHAIN_ARM_STD/startup_LPC17xx.o(RESET)
 <LI><a href="#[1a]">PendSV_Handler</a> from mbed/TARGET_LPC1768/TOOLCHAIN_ARM_STD/startup_LPC17xx.o(.text) referenced from mbed/TARGET_LPC1768/TOOLCHAIN_ARM_STD/startup_LPC17xx.o(RESET)
 <LI><a href="#[3b]">QEI_IRQHandler</a> from mbed/TARGET_LPC1768/TOOLCHAIN_ARM_STD/startup_LPC17xx.o(.text) referenced from mbed/TARGET_LPC1768/TOOLCHAIN_ARM_STD/startup_LPC17xx.o(RESET)
 <LI><a href="#[39]">RIT_IRQHandler</a> from mbed/TARGET_LPC1768/TOOLCHAIN_ARM_STD/startup_LPC17xx.o(.text) referenced from mbed/TARGET_LPC1768/TOOLCHAIN_ARM_STD/startup_LPC17xx.o(RESET)
 <LI><a href="#[2d]">RTC_IRQHandler</a> from mbed/TARGET_LPC1768/TOOLCHAIN_ARM_STD/startup_LPC17xx.o(.text) referenced from mbed/TARGET_LPC1768/TOOLCHAIN_ARM_STD/startup_LPC17xx.o(RESET)
 <LI><a href="#[12]">Reset_Handler</a> from mbed/TARGET_LPC1768/TOOLCHAIN_ARM_STD/startup_LPC17xx.o(.text) referenced from mbed/TARGET_LPC1768/TOOLCHAIN_ARM_STD/startup_LPC17xx.o(RESET)
 <LI><a href="#[29]">SPI_IRQHandler</a> from mbed/TARGET_LPC1768/TOOLCHAIN_ARM_STD/startup_LPC17xx.o(.text) referenced from mbed/TARGET_LPC1768/TOOLCHAIN_ARM_STD/startup_LPC17xx.o(RESET)
 <LI><a href="#[2a]">SSP0_IRQHandler</a> from mbed/TARGET_LPC1768/TOOLCHAIN_ARM_STD/startup_LPC17xx.o(.text) referenced from mbed/TARGET_LPC1768/TOOLCHAIN_ARM_STD/startup_LPC17xx.o(RESET)
 <LI><a href="#[2b]">SSP1_IRQHandler</a> from mbed/TARGET_LPC1768/TOOLCHAIN_ARM_STD/startup_LPC17xx.o(.text) referenced from mbed/TARGET_LPC1768/TOOLCHAIN_ARM_STD/startup_LPC17xx.o(RESET)
 <LI><a href="#[18]">SVC_Handler</a> from mbed/TARGET_LPC1768/TOOLCHAIN_ARM_STD/startup_LPC17xx.o(.text) referenced from mbed/TARGET_LPC1768/TOOLCHAIN_ARM_STD/startup_LPC17xx.o(RESET)
 <LI><a href="#[1b]">SysTick_Handler</a> from mbed/TARGET_LPC1768/TOOLCHAIN_ARM_STD/startup_LPC17xx.o(.text) referenced from mbed/TARGET_LPC1768/TOOLCHAIN_ARM_STD/startup_LPC17xx.o(RESET)
 <LI><a href="#[3d]">SystemInit</a> from mbed/TARGET_LPC1768/TOOLCHAIN_ARM_STD/system_LPC17xx.o(i.SystemInit) referenced from mbed/TARGET_LPC1768/TOOLCHAIN_ARM_STD/startup_LPC17xx.o(.text)
 <LI><a href="#[1d]">TIMER0_IRQHandler</a> from mbed/TARGET_LPC1768/TOOLCHAIN_ARM_STD/startup_LPC17xx.o(.text) referenced from mbed/TARGET_LPC1768/TOOLCHAIN_ARM_STD/startup_LPC17xx.o(RESET)
 <LI><a href="#[1e]">TIMER1_IRQHandler</a> from mbed/TARGET_LPC1768/TOOLCHAIN_ARM_STD/startup_LPC17xx.o(.text) referenced from mbed/TARGET_LPC1768/TOOLCHAIN_ARM_STD/startup_LPC17xx.o(RESET)
 <LI><a href="#[1f]">TIMER2_IRQHandler</a> from mbed/TARGET_LPC1768/TOOLCHAIN_ARM_STD/startup_LPC17xx.o(.text) referenced from mbed/TARGET_LPC1768/TOOLCHAIN_ARM_STD/startup_LPC17xx.o(RESET)
 <LI><a href="#[20]">TIMER3_IRQHandler</a> from mbed/TARGET_LPC1768/TOOLCHAIN_ARM_STD/startup_LPC17xx.o(.text) referenced from mbed/TARGET_LPC1768/TOOLCHAIN_ARM_STD/startup_LPC17xx.o(RESET)
 <LI><a href="#[21]">UART0_IRQHandler</a> from mbed/TARGET_LPC1768/TOOLCHAIN_ARM_STD/startup_LPC17xx.o(.text) referenced from mbed/TARGET_LPC1768/TOOLCHAIN_ARM_STD/startup_LPC17xx.o(RESET)
 <LI><a href="#[22]">UART1_IRQHandler</a> from mbed/TARGET_LPC1768/TOOLCHAIN_ARM_STD/startup_LPC17xx.o(.text) referenced from mbed/TARGET_LPC1768/TOOLCHAIN_ARM_STD/startup_LPC17xx.o(RESET)
 <LI><a href="#[23]">UART2_IRQHandler</a> from mbed/TARGET_LPC1768/TOOLCHAIN_ARM_STD/startup_LPC17xx.o(.text) referenced from mbed/TARGET_LPC1768/TOOLCHAIN_ARM_STD/startup_LPC17xx.o(RESET)
 <LI><a href="#[24]">UART3_IRQHandler</a> from mbed/TARGET_LPC1768/TOOLCHAIN_ARM_STD/startup_LPC17xx.o(.text) referenced from mbed/TARGET_LPC1768/TOOLCHAIN_ARM_STD/startup_LPC17xx.o(RESET)
 <LI><a href="#[34]">USB_IRQHandler</a> from mbed/TARGET_LPC1768/TOOLCHAIN_ARM_STD/startup_LPC17xx.o(.text) referenced from mbed/TARGET_LPC1768/TOOLCHAIN_ARM_STD/startup_LPC17xx.o(RESET)
 <LI><a href="#[17]">UsageFault_Handler</a> from mbed/TARGET_LPC1768/TOOLCHAIN_ARM_STD/startup_LPC17xx.o(.text) referenced from mbed/TARGET_LPC1768/TOOLCHAIN_ARM_STD/startup_LPC17xx.o(RESET)
 <LI><a href="#[1c]">WDT_IRQHandler</a> from mbed/TARGET_LPC1768/TOOLCHAIN_ARM_STD/startup_LPC17xx.o(.text) referenced from mbed/TARGET_LPC1768/TOOLCHAIN_ARM_STD/startup_LPC17xx.o(RESET)
 <LI><a href="#[48]">stopRegulateur()</a> from .\build\robot.o(i._Z14stopRegulateurv) referenced from .\build\robot.o(i._ZN5Robot5allerEffbfii)
 <LI><a href="#[48]">stopRegulateur()</a> from .\build\robot.o(i._Z14stopRegulateurv) referenced from .\build\robot.o(i._ZN5Robot7tournerEfbifi)
 <LI><a href="#[4d]">stopMatch()</a> from .\build\main.o(i._Z9stopMatchv) referenced from .\build\main.o(i.main)
 <LI><a href="#[55]">QEI::index()</a> from .\build\qei.o(i._ZN3QEI5indexEv) referenced from .\build\qei.o(.constdata)
 <LI><a href="#[54]">QEI::encode()</a> from .\build\qei.o(i._ZN3QEI6encodeEv) referenced from .\build\qei.o(.constdata)
 <LI><a href="#[5f]">mbed::FileHandle::size()</a> from mbed/TARGET_LPC1768/TOOLCHAIN_ARM_STD/mbed.ar(FileHandle.o)(i._ZN4mbed10FileHandle4sizeEv) referenced from mbed/TARGET_LPC1768/TOOLCHAIN_ARM_STD/mbed.ar(FileHandle.o)(.constdata__ZTVN4mbed10FileHandleE)
 <LI><a href="#[5e]">mbed::FileHandle::isatty()</a> from mbed/TARGET_LPC1768/TOOLCHAIN_ARM_STD/mbed.ar(FileHandle.o)(i._ZN4mbed10FileHandle6isattyEv) referenced from mbed/TARGET_LPC1768/TOOLCHAIN_ARM_STD/mbed.ar(FileHandle.o)(.constdata__ZTVN4mbed10FileHandleE)
 <LI><a href="#[44]">mbed::SerialBase::_irq_handler(unsigned, SerialIrq)</a> from mbed/TARGET_LPC1768/TOOLCHAIN_ARM_STD/mbed.ar(SerialBase.o)(i._ZN4mbed10SerialBase12_irq_handlerEj9SerialIrq) referenced from mbed/TARGET_LPC1768/TOOLCHAIN_ARM_STD/mbed.ar(SerialBase.o)(i._ZN4mbed10SerialBaseC1E7PinNameS1_i)
 <LI><a href="#[60]">mbed::SerialBase::lock()</a> from mbed/TARGET_LPC1768/TOOLCHAIN_ARM_STD/mbed.ar(SerialBase.o)(i._ZN4mbed10SerialBase4lockEv) referenced from mbed/TARGET_LPC1768/TOOLCHAIN_ARM_STD/mbed.ar(SerialBase.o)(.constdata__ZTVN4mbed10SerialBaseE)
 <LI><a href="#[61]">mbed::SerialBase::unlock()</a> from mbed/TARGET_LPC1768/TOOLCHAIN_ARM_STD/mbed.ar(SerialBase.o)(i._ZN4mbed10SerialBase6unlockEv) referenced from mbed/TARGET_LPC1768/TOOLCHAIN_ARM_STD/mbed.ar(SerialBase.o)(.constdata__ZTVN4mbed10SerialBaseE)
 <LI><a href="#[62]">mbed::SerialBase::~SerialBase()</a> from mbed/TARGET_LPC1768/TOOLCHAIN_ARM_STD/mbed.ar(SerialBase.o)(i._ZN4mbed10SerialBaseD1Ev) referenced from mbed/TARGET_LPC1768/TOOLCHAIN_ARM_STD/mbed.ar(SerialBase.o)(.constdata__ZTVN4mbed10SerialBaseE)
 <LI><a href="#[46]">mbed::TimerEvent::irq(unsigned)</a> from mbed/TARGET_LPC1768/TOOLCHAIN_ARM_STD/mbed.ar(TimerEvent.o)(i._ZN4mbed10TimerEvent3irqEj) referenced from mbed/TARGET_LPC1768/TOOLCHAIN_ARM_STD/mbed.ar(TimerEvent.o)(i._ZN4mbed10TimerEventC2Ev)
 <LI><a href="#[63]">mbed::TimerEvent::~TimerEvent__sub_object()</a> from mbed/TARGET_LPC1768/TOOLCHAIN_ARM_STD/mbed.ar(TimerEvent.o)(i._ZN4mbed10TimerEventD2Ev) referenced from mbed/TARGET_LPC1768/TOOLCHAIN_ARM_STD/mbed.ar(TimerEvent.o)(.constdata__ZTVN4mbed10TimerEventE)
 <LI><a href="#[47]">mbed::InterruptIn::_irq_handler(unsigned, gpio_irq_event)</a> from mbed/TARGET_LPC1768/TOOLCHAIN_ARM_STD/mbed.ar(InterruptIn.o)(i._ZN4mbed11InterruptIn12_irq_handlerEj14gpio_irq_event) referenced from mbed/TARGET_LPC1768/TOOLCHAIN_ARM_STD/mbed.ar(InterruptIn.o)(i._ZN4mbed11InterruptInC1E7PinName)
 <LI><a href="#[64]">mbed::InterruptIn::~InterruptIn()</a> from mbed/TARGET_LPC1768/TOOLCHAIN_ARM_STD/mbed.ar(InterruptIn.o)(i._ZN4mbed11InterruptInD1Ev) referenced from mbed/TARGET_LPC1768/TOOLCHAIN_ARM_STD/mbed.ar(InterruptIn.o)(.constdata__ZTVN4mbed11InterruptInE)
 <LI><a href="#[65]">mbed::Serial::lock()</a> from mbed/TARGET_LPC1768/TOOLCHAIN_ARM_STD/mbed.ar(Serial.o)(i._ZN4mbed6Serial4lockEv) referenced from mbed/TARGET_LPC1768/TOOLCHAIN_ARM_STD/mbed.ar(Serial.o)(.constdata__ZTVN4mbed6SerialE)
 <LI><a href="#[66]">mbed::Serial::unlock()</a> from mbed/TARGET_LPC1768/TOOLCHAIN_ARM_STD/mbed.ar(Serial.o)(i._ZN4mbed6Serial6unlockEv) referenced from mbed/TARGET_LPC1768/TOOLCHAIN_ARM_STD/mbed.ar(Serial.o)(.constdata__ZTVN4mbed6SerialE)
 <LI><a href="#[4a]">mbed::Serial::~Serial()</a> from mbed/TARGET_LPC1768/TOOLCHAIN_ARM_STD/mbed.ar(Serial.o)(i._ZN4mbed6SerialD1Ev) referenced from mbed/TARGET_LPC1768/TOOLCHAIN_ARM_STD/mbed.ar(Serial.o)(.constdata__ZTVN4mbed6SerialE)
 <LI><a href="#[4a]">mbed::Serial::~Serial()</a> from mbed/TARGET_LPC1768/TOOLCHAIN_ARM_STD/mbed.ar(Serial.o)(i._ZN4mbed6SerialD1Ev) referenced from .\build\main.o(i.__sti___8_main_cpp_monRobot)
 <LI><a href="#[4a]">mbed::Serial::~Serial()</a> from mbed/TARGET_LPC1768/TOOLCHAIN_ARM_STD/mbed.ar(Serial.o)(i._ZN4mbed6SerialD1Ev) referenced from .\build\robot.o(i.__sti___9_Robot_cpp__Z4signf)
 <LI><a href="#[72]">mbed::Stream::lock()</a> from mbed/TARGET_LPC1768/TOOLCHAIN_ARM_STD/mbed.ar(Stream.o)(i._ZN4mbed6Stream4lockEv) referenced from mbed/TARGET_LPC1768/TOOLCHAIN_ARM_STD/mbed.ar(Stream.o)(.constdata__ZTVN4mbed6StreamE)
 <LI><a href="#[67]">mbed::Stream::read(void*, unsigned)</a> from mbed/TARGET_LPC1768/TOOLCHAIN_ARM_STD/mbed.ar(Stream.o)(i._ZN4mbed6Stream4readEPvj) referenced from mbed/TARGET_LPC1768/TOOLCHAIN_ARM_STD/mbed.ar(Serial.o)(.constdata__ZTVN4mbed6SerialE)
 <LI><a href="#[67]">mbed::Stream::read(void*, unsigned)</a> from mbed/TARGET_LPC1768/TOOLCHAIN_ARM_STD/mbed.ar(Stream.o)(i._ZN4mbed6Stream4readEPvj) referenced from mbed/TARGET_LPC1768/TOOLCHAIN_ARM_STD/mbed.ar(Stream.o)(.constdata__ZTVN4mbed6StreamE)
 <LI><a href="#[69]">mbed::Stream::seek(long, int)</a> from mbed/TARGET_LPC1768/TOOLCHAIN_ARM_STD/mbed.ar(Stream.o)(i._ZN4mbed6Stream4seekEli) referenced from mbed/TARGET_LPC1768/TOOLCHAIN_ARM_STD/mbed.ar(Serial.o)(.constdata__ZTVN4mbed6SerialE)
 <LI><a href="#[69]">mbed::Stream::seek(long, int)</a> from mbed/TARGET_LPC1768/TOOLCHAIN_ARM_STD/mbed.ar(Stream.o)(i._ZN4mbed6Stream4seekEli) referenced from mbed/TARGET_LPC1768/TOOLCHAIN_ARM_STD/mbed.ar(Stream.o)(.constdata__ZTVN4mbed6StreamE)
 <LI><a href="#[6c]">mbed::Stream::size()</a> from mbed/TARGET_LPC1768/TOOLCHAIN_ARM_STD/mbed.ar(Stream.o)(i._ZN4mbed6Stream4sizeEv) referenced from mbed/TARGET_LPC1768/TOOLCHAIN_ARM_STD/mbed.ar(Serial.o)(.constdata__ZTVN4mbed6SerialE)
 <LI><a href="#[6c]">mbed::Stream::size()</a> from mbed/TARGET_LPC1768/TOOLCHAIN_ARM_STD/mbed.ar(Stream.o)(i._ZN4mbed6Stream4sizeEv) referenced from mbed/TARGET_LPC1768/TOOLCHAIN_ARM_STD/mbed.ar(Stream.o)(.constdata__ZTVN4mbed6StreamE)
 <LI><a href="#[6a]">mbed::Stream::close()</a> from mbed/TARGET_LPC1768/TOOLCHAIN_ARM_STD/mbed.ar(Stream.o)(i._ZN4mbed6Stream5closeEv) referenced from mbed/TARGET_LPC1768/TOOLCHAIN_ARM_STD/mbed.ar(Serial.o)(.constdata__ZTVN4mbed6SerialE)
 <LI><a href="#[6a]">mbed::Stream::close()</a> from mbed/TARGET_LPC1768/TOOLCHAIN_ARM_STD/mbed.ar(Stream.o)(i._ZN4mbed6Stream5closeEv) referenced from mbed/TARGET_LPC1768/TOOLCHAIN_ARM_STD/mbed.ar(Stream.o)(.constdata__ZTVN4mbed6StreamE)
 <LI><a href="#[68]">mbed::Stream::write(const void*, unsigned)</a> from mbed/TARGET_LPC1768/TOOLCHAIN_ARM_STD/mbed.ar(Stream.o)(i._ZN4mbed6Stream5writeEPKvj) referenced from mbed/TARGET_LPC1768/TOOLCHAIN_ARM_STD/mbed.ar(Serial.o)(.constdata__ZTVN4mbed6SerialE)
 <LI><a href="#[68]">mbed::Stream::write(const void*, unsigned)</a> from mbed/TARGET_LPC1768/TOOLCHAIN_ARM_STD/mbed.ar(Stream.o)(i._ZN4mbed6Stream5writeEPKvj) referenced from mbed/TARGET_LPC1768/TOOLCHAIN_ARM_STD/mbed.ar(Stream.o)(.constdata__ZTVN4mbed6StreamE)
 <LI><a href="#[6b]">mbed::Stream::isatty()</a> from mbed/TARGET_LPC1768/TOOLCHAIN_ARM_STD/mbed.ar(Stream.o)(i._ZN4mbed6Stream6isattyEv) referenced from mbed/TARGET_LPC1768/TOOLCHAIN_ARM_STD/mbed.ar(Serial.o)(.constdata__ZTVN4mbed6SerialE)
 <LI><a href="#[6b]">mbed::Stream::isatty()</a> from mbed/TARGET_LPC1768/TOOLCHAIN_ARM_STD/mbed.ar(Stream.o)(i._ZN4mbed6Stream6isattyEv) referenced from mbed/TARGET_LPC1768/TOOLCHAIN_ARM_STD/mbed.ar(Stream.o)(.constdata__ZTVN4mbed6StreamE)
 <LI><a href="#[73]">mbed::Stream::unlock()</a> from mbed/TARGET_LPC1768/TOOLCHAIN_ARM_STD/mbed.ar(Stream.o)(i._ZN4mbed6Stream6unlockEv) referenced from mbed/TARGET_LPC1768/TOOLCHAIN_ARM_STD/mbed.ar(Stream.o)(.constdata__ZTVN4mbed6StreamE)
 <LI><a href="#[71]">mbed::Stream::~Stream__sub_object()</a> from mbed/TARGET_LPC1768/TOOLCHAIN_ARM_STD/mbed.ar(Stream.o)(i._ZN4mbed6StreamD2Ev) referenced from mbed/TARGET_LPC1768/TOOLCHAIN_ARM_STD/mbed.ar(Stream.o)(.constdata__ZTVN4mbed6StreamE)
 <LI><a href="#[75]">mbed::Ticker::handler()</a> from mbed/TARGET_LPC1768/TOOLCHAIN_ARM_STD/mbed.ar(Ticker.o)(i._ZN4mbed6Ticker7handlerEv) referenced from mbed/TARGET_LPC1768/TOOLCHAIN_ARM_STD/mbed.ar(Ticker.o)(.constdata__ZTVN4mbed6TickerE)
 <LI><a href="#[74]">mbed::Ticker::~Ticker()</a> from mbed/TARGET_LPC1768/TOOLCHAIN_ARM_STD/mbed.ar(Ticker.o)(i._ZN4mbed6TickerD1Ev) referenced from mbed/TARGET_LPC1768/TOOLCHAIN_ARM_STD/mbed.ar(Ticker.o)(.constdata__ZTVN4mbed6TickerE)
 <LI><a href="#[76]">mbed::Timeout::handler()</a> from mbed/TARGET_LPC1768/TOOLCHAIN_ARM_STD/mbed.ar(Timeout.o)(i._ZN4mbed7Timeout7handlerEv) referenced from mbed/TARGET_LPC1768/TOOLCHAIN_ARM_STD/mbed.ar(Timeout.o)(.constdata__ZTVN4mbed7TimeoutE)
 <LI><a href="#[4b]">mbed::Timeout::~Timeout()</a> from mbed/TARGET_LPC1768/TOOLCHAIN_ARM_STD/mbed.ar(Timeout.o)(i._ZN4mbed7TimeoutD1Ev) referenced from mbed/TARGET_LPC1768/TOOLCHAIN_ARM_STD/mbed.ar(Timeout.o)(.constdata__ZTVN4mbed7TimeoutE)
 <LI><a href="#[4b]">mbed::Timeout::~Timeout()</a> from mbed/TARGET_LPC1768/TOOLCHAIN_ARM_STD/mbed.ar(Timeout.o)(i._ZN4mbed7TimeoutD1Ev) referenced from .\build\main.o(i.__sti___8_main_cpp_monRobot)
 <LI><a href="#[4b]">mbed::Timeout::~Timeout()</a> from mbed/TARGET_LPC1768/TOOLCHAIN_ARM_STD/mbed.ar(Timeout.o)(i._ZN4mbed7TimeoutD1Ev) referenced from .\build\robot.o(i.__sti___9_Robot_cpp__Z4signf)
 <LI><a href="#[78]">void mbed::Callback&lang;void()&rang;::function_call&lang;mbed::Callback&lang;void()&rang;::method_context&lang;QEI, void(QEI::*)()&rang;&rang;(const void*)</a> from .\build\qei.o(t._ZN4mbed8CallbackIFvvEE13function_callINS2_14method_contextI3QEIMS5_FvvEEEEEvPKv) referenced from .\build\qei.o(.constdata__ZZN4mbed8CallbackIFvvEE8generateINS2_14method_contextI3QEIMS5_FvvEEEEEvRKT_E3ops)
 <LI><a href="#[7b]">void mbed::Callback&lang;void()&rang;::function_call&lang;mbed::Callback&lang;void()&rang;::method_context&lang;Odometry, void(Odometry::*)()&rang;&rang;(const void*)</a> from .\build\odometry.o(t._ZN4mbed8CallbackIFvvEE13function_callINS2_14method_contextI8OdometryMS5_FvvEEEEEvPKv) referenced from .\build\odometry.o(.constdata__ZZN4mbed8CallbackIFvvEE8generateINS2_14method_contextI8OdometryMS5_FvvEEEEEvRKT_E3ops)
 <LI><a href="#[7e]">void mbed::Callback&lang;void()&rang;::function_call&lang;void(*)()&rang;(const void*)</a> from .\build\odometry.o(t._ZN4mbed8CallbackIFvvEE13function_callIPS1_EEvPKv) referenced from .\build\odometry.o(.constdata__ZZN4mbed8CallbackIFvvEE8generateIPS1_EEvRKT_E3ops)
 <LI><a href="#[7a]">void mbed::Callback&lang;void()&rang;::function_dtor&lang;mbed::Callback&lang;void()&rang;::method_context&lang;QEI, void(QEI::*)()&rang;&rang;(void*)</a> from .\build\qei.o(t._ZN4mbed8CallbackIFvvEE13function_dtorINS2_14method_contextI3QEIMS5_FvvEEEEEvPv) referenced from .\build\qei.o(.constdata__ZZN4mbed8CallbackIFvvEE8generateINS2_14method_contextI3QEIMS5_FvvEEEEEvRKT_E3ops)
 <LI><a href="#[7d]">void mbed::Callback&lang;void()&rang;::function_dtor&lang;mbed::Callback&lang;void()&rang;::method_context&lang;Odometry, void(Odometry::*)()&rang;&rang;(void*)</a> from .\build\odometry.o(t._ZN4mbed8CallbackIFvvEE13function_dtorINS2_14method_contextI8OdometryMS5_FvvEEEEEvPv) referenced from .\build\odometry.o(.constdata__ZZN4mbed8CallbackIFvvEE8generateINS2_14method_contextI8OdometryMS5_FvvEEEEEvRKT_E3ops)
 <LI><a href="#[80]">void mbed::Callback&lang;void()&rang;::function_dtor&lang;void(*)()&rang;(void*)</a> from .\build\odometry.o(t._ZN4mbed8CallbackIFvvEE13function_dtorIPS1_EEvPv) referenced from .\build\odometry.o(.constdata__ZZN4mbed8CallbackIFvvEE8generateIPS1_EEvRKT_E3ops)
 <LI><a href="#[79]">void mbed::Callback&lang;void()&rang;::function_move&lang;mbed::Callback&lang;void()&rang;::method_context&lang;QEI, void(QEI::*)()&rang;&rang;(void*, const void*)</a> from .\build\qei.o(t._ZN4mbed8CallbackIFvvEE13function_moveINS2_14method_contextI3QEIMS5_FvvEEEEEvPvPKv) referenced from .\build\qei.o(.constdata__ZZN4mbed8CallbackIFvvEE8generateINS2_14method_contextI3QEIMS5_FvvEEEEEvRKT_E3ops)
 <LI><a href="#[7c]">void mbed::Callback&lang;void()&rang;::function_move&lang;mbed::Callback&lang;void()&rang;::method_context&lang;Odometry, void(Odometry::*)()&rang;&rang;(void*, const void*)</a> from .\build\odometry.o(t._ZN4mbed8CallbackIFvvEE13function_moveINS2_14method_contextI8OdometryMS5_FvvEEEEEvPvPKv) referenced from .\build\odometry.o(.constdata__ZZN4mbed8CallbackIFvvEE8generateINS2_14method_contextI8OdometryMS5_FvvEEEEEvRKT_E3ops)
 <LI><a href="#[7f]">void mbed::Callback&lang;void()&rang;::function_move&lang;void(*)()&rang;(void*, const void*)</a> from .\build\odometry.o(t._ZN4mbed8CallbackIFvvEE13function_moveIPS1_EEvPvPKv) referenced from .\build\odometry.o(.constdata__ZZN4mbed8CallbackIFvvEE8generateIPS1_EEvRKT_E3ops)
 <LI><a href="#[45]">mbed::Callback&lang;void()&rang;::~Callback()</a> from mbed/TARGET_LPC1768/TOOLCHAIN_ARM_STD/mbed.ar(SerialBase.o)(t._ZN4mbed8CallbackIFvvEED1Ev) referenced from mbed/TARGET_LPC1768/TOOLCHAIN_ARM_STD/mbed.ar(SerialBase.o)(i._ZN4mbed10SerialBaseD1Ev)
 <LI><a href="#[77]">mbed::FileBase::~FileBase()</a> from mbed/TARGET_LPC1768/TOOLCHAIN_ARM_STD/mbed.ar(FileBase.o)(i._ZN4mbed8FileBaseD1Ev) referenced from mbed/TARGET_LPC1768/TOOLCHAIN_ARM_STD/mbed.ar(FileBase.o)(.constdata__ZTVN4mbed8FileBaseE)
 <LI><a href="#[49]">Robot::~Robot()</a> from .\build\robot.o(i._ZN5RobotD1Ev) referenced from .\build\robot.o(.constdata__ZTV5Robot)
 <LI><a href="#[49]">Robot::~Robot()</a> from .\build\robot.o(i._ZN5RobotD1Ev) referenced from .\build\main.o(i.__sti___8_main_cpp_monRobot)
 <LI><a href="#[53]">Odometry::update()</a> from .\build\odometry.o(i._ZN8Odometry6updateEv) referenced from .\build\odometry.o(.constdata)
 <LI><a href="#[6f]">thunk{-48} to mbed::Serial::lock()</a> from mbed/TARGET_LPC1768/TOOLCHAIN_ARM_STD/mbed.ar(Serial.o)(i._ZThn48_N4mbed6Serial4lockEv) referenced from mbed/TARGET_LPC1768/TOOLCHAIN_ARM_STD/mbed.ar(Serial.o)(.constdata__ZTVN4mbed6SerialE)
 <LI><a href="#[6e]">thunk{-48} to mbed::Serial::_getc()</a> from mbed/TARGET_LPC1768/TOOLCHAIN_ARM_STD/mbed.ar(Serial.o)(i._ZThn48_N4mbed6Serial5_getcEv) referenced from mbed/TARGET_LPC1768/TOOLCHAIN_ARM_STD/mbed.ar(Serial.o)(.constdata__ZTVN4mbed6SerialE)
 <LI><a href="#[6d]">thunk{-48} to mbed::Serial::_putc(int)</a> from mbed/TARGET_LPC1768/TOOLCHAIN_ARM_STD/mbed.ar(Serial.o)(i._ZThn48_N4mbed6Serial5_putcEi) referenced from mbed/TARGET_LPC1768/TOOLCHAIN_ARM_STD/mbed.ar(Serial.o)(.constdata__ZTVN4mbed6SerialE)
 <LI><a href="#[70]">thunk{-48} to mbed::Serial::unlock()</a> from mbed/TARGET_LPC1768/TOOLCHAIN_ARM_STD/mbed.ar(Serial.o)(i._ZThn48_N4mbed6Serial6unlockEv) referenced from mbed/TARGET_LPC1768/TOOLCHAIN_ARM_STD/mbed.ar(Serial.o)(.constdata__ZTVN4mbed6SerialE)
 <LI><a href="#[5d]">__cxa_pure_virtual</a> from D:\Keil_v5\ARM\ARMCC\Bin\..\lib\cpplib\cpprt_w.l(pure_virt.o)(i.__cxa_pure_virtual) referenced 4 times from mbed/TARGET_LPC1768/TOOLCHAIN_ARM_STD/mbed.ar(FileHandle.o)(.constdata__ZTVN4mbed10FileHandleE)
 <LI><a href="#[5d]">__cxa_pure_virtual</a> from D:\Keil_v5\ARM\ARMCC\Bin\..\lib\cpplib\cpprt_w.l(pure_virt.o)(i.__cxa_pure_virtual) referenced from mbed/TARGET_LPC1768/TOOLCHAIN_ARM_STD/mbed.ar(TimerEvent.o)(.constdata__ZTVN4mbed10TimerEventE)
 <LI><a href="#[5d]">__cxa_pure_virtual</a> from D:\Keil_v5\ARM\ARMCC\Bin\..\lib\cpplib\cpprt_w.l(pure_virt.o)(i.__cxa_pure_virtual) referenced 2 times from mbed/TARGET_LPC1768/TOOLCHAIN_ARM_STD/mbed.ar(Stream.o)(.constdata__ZTVN4mbed6StreamE)
 <LI><a href="#[84]">__main</a> from D:\Keil_v5\ARM\ARMCC\Bin\..\lib\armlib\c_w.l(__main.o)(!!!main) referenced from mbed/TARGET_LPC1768/TOOLCHAIN_ARM_STD/startup_LPC17xx.o(.text)
 <LI><a href="#[82]">__sti___8_main_cpp_monRobot</a> from .\build\main.o(i.__sti___8_main_cpp_monRobot) referenced from .\build\main.o(.init_array)
 <LI><a href="#[81]">__sti___9_Robot_cpp__Z4signf</a> from .\build\robot.o(i.__sti___9_Robot_cpp__Z4signf) referenced from .\build\robot.o(.init_array)
 <LI><a href="#[42]">_get_lc_ctype</a> from D:\Keil_v5\ARM\ARMCC\Bin\..\lib\armlib\c_w.l(lc_ctype_c.o)(locale$$code) referenced from D:\Keil_v5\ARM\ARMCC\Bin\..\lib\armlib\c_w.l(rt_ctype_table.o)(.text)
 <LI><a href="#[40]">_printf_input_char</a> from D:\Keil_v5\ARM\ARMCC\Bin\..\lib\armlib\c_w.l(_printf_char_common.o)(.text) referenced from D:\Keil_v5\ARM\ARMCC\Bin\..\lib\armlib\c_w.l(_printf_char_common.o)(.text)
 <LI><a href="#[3f]">_snputc</a> from D:\Keil_v5\ARM\ARMCC\Bin\..\lib\armlib\c_w.l(_snputc.o)(.text) referenced from D:\Keil_v5\ARM\ARMCC\Bin\..\lib\armlib\c_w.l(vsnprintf.o)(.text)
 <LI><a href="#[41]">fputc</a> from D:\Keil_v5\ARM\ARMCC\Bin\..\lib\armlib\c_w.l(fputc.o)(i.fputc) referenced from D:\Keil_v5\ARM\ARMCC\Bin\..\lib\armlib\c_w.l(_printf_char_file.o)(.text)
 <LI><a href="#[4c]">handle_interrupt_in</a> from mbed/TARGET_LPC1768/TOOLCHAIN_ARM_STD/gpio_irq_api.o(i.handle_interrupt_in) referenced from mbed/TARGET_LPC1768/TOOLCHAIN_ARM_STD/gpio_irq_api.o(i.gpio_irq_init)
 <LI><a href="#[83]">ticker_irq_handler</a> from mbed/TARGET_LPC1768/TOOLCHAIN_ARM_STD/mbed.ar(mbed_ticker_api.o)(i.ticker_irq_handler) referenced from mbed/TARGET_LPC1768/TOOLCHAIN_ARM_STD/mbed.ar(mbed_us_ticker_api.o)(.data)
 <LI><a href="#[4e]">uart0_irq</a> from mbed/TARGET_LPC1768/TOOLCHAIN_ARM_STD/serial_api.o(i.uart0_irq) referenced from mbed/TARGET_LPC1768/TOOLCHAIN_ARM_STD/serial_api.o(i.serial_irq_set_internal)
 <LI><a href="#[4f]">uart1_irq</a> from mbed/TARGET_LPC1768/TOOLCHAIN_ARM_STD/serial_api.o(i.uart1_irq) referenced from mbed/TARGET_LPC1768/TOOLCHAIN_ARM_STD/serial_api.o(i.serial_irq_set_internal)
 <LI><a href="#[50]">uart2_irq</a> from mbed/TARGET_LPC1768/TOOLCHAIN_ARM_STD/serial_api.o(i.uart2_irq) referenced from mbed/TARGET_LPC1768/TOOLCHAIN_ARM_STD/serial_api.o(i.serial_irq_set_internal)
 <LI><a href="#[51]">uart3_irq</a> from mbed/TARGET_LPC1768/TOOLCHAIN_ARM_STD/serial_api.o(i.uart3_irq) referenced from mbed/TARGET_LPC1768/TOOLCHAIN_ARM_STD/serial_api.o(i.serial_irq_set_internal)
 <LI><a href="#[59]">us_ticker_clear_interrupt</a> from mbed/TARGET_LPC1768/TOOLCHAIN_ARM_STD/us_ticker.o(i.us_ticker_clear_interrupt) referenced from mbed/TARGET_LPC1768/TOOLCHAIN_ARM_STD/mbed.ar(mbed_us_ticker_api.o)(.constdata)
 <LI><a href="#[58]">us_ticker_disable_interrupt</a> from mbed/TARGET_LPC1768/TOOLCHAIN_ARM_STD/us_ticker.o(i.us_ticker_disable_interrupt) referenced from mbed/TARGET_LPC1768/TOOLCHAIN_ARM_STD/mbed.ar(mbed_us_ticker_api.o)(.constdata)
 <LI><a href="#[5b]">us_ticker_fire_interrupt</a> from mbed/TARGET_LPC1768/TOOLCHAIN_ARM_STD/us_ticker.o(i.us_ticker_fire_interrupt) referenced from mbed/TARGET_LPC1768/TOOLCHAIN_ARM_STD/mbed.ar(mbed_us_ticker_api.o)(.constdata)
 <LI><a href="#[5c]">us_ticker_get_info</a> from mbed/TARGET_LPC1768/TOOLCHAIN_ARM_STD/mbed_retarget.o(i.us_ticker_get_info) referenced from mbed/TARGET_LPC1768/TOOLCHAIN_ARM_STD/mbed.ar(mbed_us_ticker_api.o)(.constdata)
 <LI><a href="#[56]">us_ticker_init</a> from mbed/TARGET_LPC1768/TOOLCHAIN_ARM_STD/us_ticker.o(i.us_ticker_init) referenced from mbed/TARGET_LPC1768/TOOLCHAIN_ARM_STD/mbed.ar(mbed_us_ticker_api.o)(.constdata)
 <LI><a href="#[52]">us_ticker_irq_handler</a> from mbed/TARGET_LPC1768/TOOLCHAIN_ARM_STD/mbed.ar(mbed_us_ticker_api.o)(i.us_ticker_irq_handler) referenced from mbed/TARGET_LPC1768/TOOLCHAIN_ARM_STD/us_ticker.o(i.us_ticker_init)
 <LI><a href="#[52]">us_ticker_irq_handler</a> from mbed/TARGET_LPC1768/TOOLCHAIN_ARM_STD/mbed.ar(mbed_us_ticker_api.o)(i.us_ticker_irq_handler) referenced from mbed/TARGET_LPC1768/TOOLCHAIN_ARM_STD/us_ticker.o(i.us_ticker_read)
 <LI><a href="#[57]">us_ticker_read</a> from mbed/TARGET_LPC1768/TOOLCHAIN_ARM_STD/us_ticker.o(i.us_ticker_read) referenced from mbed/TARGET_LPC1768/TOOLCHAIN_ARM_STD/mbed.ar(mbed_us_ticker_api.o)(.constdata)
 <LI><a href="#[5a]">us_ticker_set_interrupt</a> from mbed/TARGET_LPC1768/TOOLCHAIN_ARM_STD/us_ticker.o(i.us_ticker_set_interrupt) referenced from mbed/TARGET_LPC1768/TOOLCHAIN_ARM_STD/mbed.ar(mbed_us_ticker_api.o)(.constdata)
</UL>
<P>
<H3>
Global Symbols
</H3>
<P><STRONG><a name="[84]"></a>__main</STRONG> (Thumb, 8 bytes, Stack size 0 bytes, D:\Keil_v5\ARM\ARMCC\Bin\..\lib\armlib\c_w.l(__main.o)(!!!main))
<BR><BR>[Calls]<UL><LI><a href="#[87]">&gt;&gt;</a>&nbsp;&nbsp;&nbsp;__rt_entry
<LI><a href="#[86]">&gt;&gt;</a>&nbsp;&nbsp;&nbsp;__scatterload
</UL>

<P><STRONG><a name="[86]"></a>__scatterload</STRONG> (Thumb, 0 bytes, Stack size unknown bytes, D:\Keil_v5\ARM\ARMCC\Bin\..\lib\armlib\c_w.l(__scatter.o)(!!!scatter))
<BR><BR>[Called By]<UL><LI><a href="#[84]">&gt;&gt;</a>&nbsp;&nbsp;&nbsp;__main
</UL>

<P><STRONG><a name="[88]"></a>__scatterload_rt2</STRONG> (Thumb, 44 bytes, Stack size unknown bytes, D:\Keil_v5\ARM\ARMCC\Bin\..\lib\armlib\c_w.l(__scatter.o)(!!!scatter), UNUSED)
<BR><BR>[Calls]<UL><LI><a href="#[87]">&gt;&gt;</a>&nbsp;&nbsp;&nbsp;__rt_entry
</UL>

<P><STRONG><a name="[1ec]"></a>__scatterload_rt2_thumb_only</STRONG> (Thumb, 0 bytes, Stack size unknown bytes, D:\Keil_v5\ARM\ARMCC\Bin\..\lib\armlib\c_w.l(__scatter.o)(!!!scatter), UNUSED)

<P><STRONG><a name="[1ed]"></a>__scatterload_null</STRONG> (Thumb, 0 bytes, Stack size unknown bytes, D:\Keil_v5\ARM\ARMCC\Bin\..\lib\armlib\c_w.l(__scatter.o)(!!!scatter), UNUSED)

<P><STRONG><a name="[89]"></a>__scatterload_copy</STRONG> (Thumb, 26 bytes, Stack size unknown bytes, D:\Keil_v5\ARM\ARMCC\Bin\..\lib\armlib\c_w.l(__scatter_copy.o)(!!handler_copy), UNUSED)
<BR><BR>[Calls]<UL><LI><a href="#[89]">&gt;&gt;</a>&nbsp;&nbsp;&nbsp;__scatterload_copy
</UL>
<BR>[Called By]<UL><LI><a href="#[89]">&gt;&gt;</a>&nbsp;&nbsp;&nbsp;__scatterload_copy
</UL>

<P><STRONG><a name="[1ee]"></a>__scatterload_zeroinit</STRONG> (Thumb, 28 bytes, Stack size unknown bytes, D:\Keil_v5\ARM\ARMCC\Bin\..\lib\armlib\c_w.l(__scatter_zi.o)(!!handler_zi), UNUSED)

<P><STRONG><a name="[8a]"></a>_printf_n</STRONG> (Thumb, 0 bytes, Stack size unknown bytes, D:\Keil_v5\ARM\ARMCC\Bin\..\lib\armlib\c_w.l(_printf_n.o)(.ARM.Collect$$_printf_percent$$00000001))
<BR><BR>[Calls]<UL><LI><a href="#[8b]">&gt;&gt;</a>&nbsp;&nbsp;&nbsp;_printf_charcount
</UL>

<P><STRONG><a name="[cb]"></a>_printf_percent</STRONG> (Thumb, 0 bytes, Stack size unknown bytes, D:\Keil_v5\ARM\ARMCC\Bin\..\lib\armlib\c_w.l(_printf_percent.o)(.ARM.Collect$$_printf_percent$$00000000))
<BR><BR>[Called By]<UL><LI><a href="#[c9]">&gt;&gt;</a>&nbsp;&nbsp;&nbsp;__printf
</UL>

<P><STRONG><a name="[8c]"></a>_printf_p</STRONG> (Thumb, 0 bytes, Stack size unknown bytes, D:\Keil_v5\ARM\ARMCC\Bin\..\lib\armlib\c_w.l(_printf_p.o)(.ARM.Collect$$_printf_percent$$00000002))
<BR><BR>[Stack]<UL><LI>Max Depth = 64 + Unknown Stack Size
<LI>Call Chain = _printf_p &rArr; _printf_hex_ptr &rArr; _printf_longlong_hex &rArr; _printf_int_common &rArr; _printf_post_padding
</UL>
<BR>[Calls]<UL><LI><a href="#[8d]">&gt;&gt;</a>&nbsp;&nbsp;&nbsp;_printf_hex_ptr
</UL>

<P><STRONG><a name="[8e]"></a>_printf_f</STRONG> (Thumb, 0 bytes, Stack size unknown bytes, D:\Keil_v5\ARM\ARMCC\Bin\..\lib\armlib\c_w.l(_printf_f.o)(.ARM.Collect$$_printf_percent$$00000003))
<BR><BR>[Stack]<UL><LI>Max Depth = 324 + Unknown Stack Size
<LI>Call Chain = _printf_f &rArr; _printf_fp_dec &rArr; _printf_fp_dec_real &rArr; _fp_digits &rArr; _btod_etento &rArr; _btod_emul &rArr; _e2e
</UL>
<BR>[Calls]<UL><LI><a href="#[8f]">&gt;&gt;</a>&nbsp;&nbsp;&nbsp;_printf_fp_dec
</UL>

<P><STRONG><a name="[90]"></a>_printf_e</STRONG> (Thumb, 0 bytes, Stack size unknown bytes, D:\Keil_v5\ARM\ARMCC\Bin\..\lib\armlib\c_w.l(_printf_e.o)(.ARM.Collect$$_printf_percent$$00000004))
<BR><BR>[Stack]<UL><LI>Max Depth = 324 + Unknown Stack Size
<LI>Call Chain = _printf_e &rArr; _printf_fp_dec &rArr; _printf_fp_dec_real &rArr; _fp_digits &rArr; _btod_etento &rArr; _btod_emul &rArr; _e2e
</UL>
<BR>[Calls]<UL><LI><a href="#[8f]">&gt;&gt;</a>&nbsp;&nbsp;&nbsp;_printf_fp_dec
</UL>

<P><STRONG><a name="[91]"></a>_printf_g</STRONG> (Thumb, 0 bytes, Stack size unknown bytes, D:\Keil_v5\ARM\ARMCC\Bin\..\lib\armlib\c_w.l(_printf_g.o)(.ARM.Collect$$_printf_percent$$00000005))
<BR><BR>[Stack]<UL><LI>Max Depth = 324 + Unknown Stack Size
<LI>Call Chain = _printf_g &rArr; _printf_fp_dec &rArr; _printf_fp_dec_real &rArr; _fp_digits &rArr; _btod_etento &rArr; _btod_emul &rArr; _e2e
</UL>
<BR>[Calls]<UL><LI><a href="#[8f]">&gt;&gt;</a>&nbsp;&nbsp;&nbsp;_printf_fp_dec
</UL>

<P><STRONG><a name="[92]"></a>_printf_a</STRONG> (Thumb, 0 bytes, Stack size unknown bytes, D:\Keil_v5\ARM\ARMCC\Bin\..\lib\armlib\c_w.l(_printf_a.o)(.ARM.Collect$$_printf_percent$$00000006))
<BR><BR>[Stack]<UL><LI>Max Depth = 112 + Unknown Stack Size
<LI>Call Chain = _printf_a &rArr; _printf_fp_hex &rArr; _printf_fp_hex_real &rArr; _printf_fp_infnan &rArr; _printf_post_padding
</UL>
<BR>[Calls]<UL><LI><a href="#[93]">&gt;&gt;</a>&nbsp;&nbsp;&nbsp;_printf_fp_hex
</UL>

<P><STRONG><a name="[1ef]"></a>_printf_ll</STRONG> (Thumb, 0 bytes, Stack size unknown bytes, D:\Keil_v5\ARM\ARMCC\Bin\..\lib\armlib\c_w.l(_printf_ll.o)(.ARM.Collect$$_printf_percent$$00000007))

<P><STRONG><a name="[94]"></a>_printf_i</STRONG> (Thumb, 0 bytes, Stack size unknown bytes, D:\Keil_v5\ARM\ARMCC\Bin\..\lib\armlib\c_w.l(_printf_i.o)(.ARM.Collect$$_printf_percent$$00000008))
<BR><BR>[Stack]<UL><LI>Max Depth = 72 + Unknown Stack Size
<LI>Call Chain = _printf_i &rArr; _printf_int_dec &rArr; _printf_int_common &rArr; _printf_post_padding
</UL>
<BR>[Calls]<UL><LI><a href="#[95]">&gt;&gt;</a>&nbsp;&nbsp;&nbsp;_printf_int_dec
</UL>

<P><STRONG><a name="[96]"></a>_printf_d</STRONG> (Thumb, 0 bytes, Stack size unknown bytes, D:\Keil_v5\ARM\ARMCC\Bin\..\lib\armlib\c_w.l(_printf_d.o)(.ARM.Collect$$_printf_percent$$00000009))
<BR><BR>[Stack]<UL><LI>Max Depth = 72 + Unknown Stack Size
<LI>Call Chain = _printf_d &rArr; _printf_int_dec &rArr; _printf_int_common &rArr; _printf_post_padding
</UL>
<BR>[Calls]<UL><LI><a href="#[95]">&gt;&gt;</a>&nbsp;&nbsp;&nbsp;_printf_int_dec
</UL>

<P><STRONG><a name="[97]"></a>_printf_u</STRONG> (Thumb, 0 bytes, Stack size unknown bytes, D:\Keil_v5\ARM\ARMCC\Bin\..\lib\armlib\c_w.l(_printf_u.o)(.ARM.Collect$$_printf_percent$$0000000A))
<BR><BR>[Stack]<UL><LI>Max Depth = 72 + Unknown Stack Size
<LI>Call Chain = _printf_u &rArr; _printf_int_dec &rArr; _printf_int_common &rArr; _printf_post_padding
</UL>
<BR>[Calls]<UL><LI><a href="#[95]">&gt;&gt;</a>&nbsp;&nbsp;&nbsp;_printf_int_dec
</UL>

<P><STRONG><a name="[98]"></a>_printf_o</STRONG> (Thumb, 0 bytes, Stack size unknown bytes, D:\Keil_v5\ARM\ARMCC\Bin\..\lib\armlib\c_w.l(_printf_o.o)(.ARM.Collect$$_printf_percent$$0000000B))
<BR><BR>[Stack]<UL><LI>Max Depth = 64 + Unknown Stack Size
<LI>Call Chain = _printf_o &rArr; _printf_int_oct &rArr; _printf_longlong_oct &rArr; _printf_int_common &rArr; _printf_post_padding
</UL>
<BR>[Calls]<UL><LI><a href="#[99]">&gt;&gt;</a>&nbsp;&nbsp;&nbsp;_printf_int_oct
</UL>

<P><STRONG><a name="[9a]"></a>_printf_x</STRONG> (Thumb, 0 bytes, Stack size unknown bytes, D:\Keil_v5\ARM\ARMCC\Bin\..\lib\armlib\c_w.l(_printf_x.o)(.ARM.Collect$$_printf_percent$$0000000C))
<BR><BR>[Stack]<UL><LI>Max Depth = 80 + Unknown Stack Size
<LI>Call Chain = _printf_x &rArr; _printf_int_hex &rArr; _printf_longlong_hex &rArr; _printf_int_common &rArr; _printf_post_padding
</UL>
<BR>[Calls]<UL><LI><a href="#[9b]">&gt;&gt;</a>&nbsp;&nbsp;&nbsp;_printf_int_hex
</UL>

<P><STRONG><a name="[9c]"></a>_printf_lli</STRONG> (Thumb, 0 bytes, Stack size unknown bytes, D:\Keil_v5\ARM\ARMCC\Bin\..\lib\armlib\c_w.l(_printf_lli.o)(.ARM.Collect$$_printf_percent$$0000000D))
<BR><BR>[Stack]<UL><LI>Max Depth = 72 + Unknown Stack Size
<LI>Call Chain = _printf_lli &rArr; _printf_longlong_dec &rArr; _printf_int_common &rArr; _printf_post_padding
</UL>
<BR>[Calls]<UL><LI><a href="#[9d]">&gt;&gt;</a>&nbsp;&nbsp;&nbsp;_printf_longlong_dec
</UL>

<P><STRONG><a name="[9e]"></a>_printf_lld</STRONG> (Thumb, 0 bytes, Stack size unknown bytes, D:\Keil_v5\ARM\ARMCC\Bin\..\lib\armlib\c_w.l(_printf_lld.o)(.ARM.Collect$$_printf_percent$$0000000E))
<BR><BR>[Stack]<UL><LI>Max Depth = 72 + Unknown Stack Size
<LI>Call Chain = _printf_lld &rArr; _printf_longlong_dec &rArr; _printf_int_common &rArr; _printf_post_padding
</UL>
<BR>[Calls]<UL><LI><a href="#[9d]">&gt;&gt;</a>&nbsp;&nbsp;&nbsp;_printf_longlong_dec
</UL>

<P><STRONG><a name="[9f]"></a>_printf_llu</STRONG> (Thumb, 0 bytes, Stack size unknown bytes, D:\Keil_v5\ARM\ARMCC\Bin\..\lib\armlib\c_w.l(_printf_llu.o)(.ARM.Collect$$_printf_percent$$0000000F))
<BR><BR>[Stack]<UL><LI>Max Depth = 72 + Unknown Stack Size
<LI>Call Chain = _printf_llu &rArr; _printf_longlong_dec &rArr; _printf_int_common &rArr; _printf_post_padding
</UL>
<BR>[Calls]<UL><LI><a href="#[9d]">&gt;&gt;</a>&nbsp;&nbsp;&nbsp;_printf_longlong_dec
</UL>

<P><STRONG><a name="[a0]"></a>_printf_llo</STRONG> (Thumb, 0 bytes, Stack size unknown bytes, D:\Keil_v5\ARM\ARMCC\Bin\..\lib\armlib\c_w.l(_printf_llo.o)(.ARM.Collect$$_printf_percent$$00000010))
<BR><BR>[Stack]<UL><LI>Max Depth = 56 + Unknown Stack Size
<LI>Call Chain = _printf_llo &rArr; _printf_ll_oct &rArr; _printf_longlong_oct &rArr; _printf_int_common &rArr; _printf_post_padding
</UL>
<BR>[Calls]<UL><LI><a href="#[a1]">&gt;&gt;</a>&nbsp;&nbsp;&nbsp;_printf_ll_oct
</UL>

<P><STRONG><a name="[a2]"></a>_printf_llx</STRONG> (Thumb, 0 bytes, Stack size unknown bytes, D:\Keil_v5\ARM\ARMCC\Bin\..\lib\armlib\c_w.l(_printf_llx.o)(.ARM.Collect$$_printf_percent$$00000011))
<BR><BR>[Stack]<UL><LI>Max Depth = 64 + Unknown Stack Size
<LI>Call Chain = _printf_llx &rArr; _printf_ll_hex &rArr; _printf_longlong_hex &rArr; _printf_int_common &rArr; _printf_post_padding
</UL>
<BR>[Calls]<UL><LI><a href="#[a3]">&gt;&gt;</a>&nbsp;&nbsp;&nbsp;_printf_ll_hex
</UL>

<P><STRONG><a name="[1f0]"></a>_printf_l</STRONG> (Thumb, 0 bytes, Stack size unknown bytes, D:\Keil_v5\ARM\ARMCC\Bin\..\lib\armlib\c_w.l(_printf_l.o)(.ARM.Collect$$_printf_percent$$00000012))

<P><STRONG><a name="[a4]"></a>_printf_c</STRONG> (Thumb, 0 bytes, Stack size unknown bytes, D:\Keil_v5\ARM\ARMCC\Bin\..\lib\armlib\c_w.l(_printf_c.o)(.ARM.Collect$$_printf_percent$$00000013))
<BR><BR>[Stack]<UL><LI>Max Depth = 40 + Unknown Stack Size
<LI>Call Chain = _printf_c &rArr; _printf_char &rArr; _printf_cs_common &rArr; _printf_str &rArr; _printf_post_padding
</UL>
<BR>[Calls]<UL><LI><a href="#[a5]">&gt;&gt;</a>&nbsp;&nbsp;&nbsp;_printf_char
</UL>

<P><STRONG><a name="[a6]"></a>_printf_s</STRONG> (Thumb, 0 bytes, Stack size unknown bytes, D:\Keil_v5\ARM\ARMCC\Bin\..\lib\armlib\c_w.l(_printf_s.o)(.ARM.Collect$$_printf_percent$$00000014))
<BR><BR>[Stack]<UL><LI>Max Depth = 40 + Unknown Stack Size
<LI>Call Chain = _printf_s &rArr; _printf_string &rArr; _printf_cs_common &rArr; _printf_str &rArr; _printf_post_padding
</UL>
<BR>[Calls]<UL><LI><a href="#[a7]">&gt;&gt;</a>&nbsp;&nbsp;&nbsp;_printf_string
</UL>

<P><STRONG><a name="[a8]"></a>_printf_lc</STRONG> (Thumb, 0 bytes, Stack size unknown bytes, D:\Keil_v5\ARM\ARMCC\Bin\..\lib\armlib\c_w.l(_printf_lc.o)(.ARM.Collect$$_printf_percent$$00000015))
<BR><BR>[Stack]<UL><LI>Max Depth = 88 + Unknown Stack Size
<LI>Call Chain = _printf_lc &rArr; _printf_wchar &rArr; _printf_lcs_common &rArr; _printf_wctomb &rArr; _wcrtomb &rArr; __rt_ctype_table
</UL>
<BR>[Calls]<UL><LI><a href="#[a9]">&gt;&gt;</a>&nbsp;&nbsp;&nbsp;_printf_wchar
</UL>

<P><STRONG><a name="[aa]"></a>_printf_ls</STRONG> (Thumb, 0 bytes, Stack size unknown bytes, D:\Keil_v5\ARM\ARMCC\Bin\..\lib\armlib\c_w.l(_printf_ls.o)(.ARM.Collect$$_printf_percent$$00000016))
<BR><BR>[Stack]<UL><LI>Max Depth = 88 + Unknown Stack Size
<LI>Call Chain = _printf_ls &rArr; _printf_wstring &rArr; _printf_lcs_common &rArr; _printf_wctomb &rArr; _wcrtomb &rArr; __rt_ctype_table
</UL>
<BR>[Calls]<UL><LI><a href="#[ab]">&gt;&gt;</a>&nbsp;&nbsp;&nbsp;_printf_wstring
</UL>

<P><STRONG><a name="[1f1]"></a>_printf_percent_end</STRONG> (Thumb, 0 bytes, Stack size unknown bytes, D:\Keil_v5\ARM\ARMCC\Bin\..\lib\armlib\c_w.l(_printf_percent_end.o)(.ARM.Collect$$_printf_percent$$00000017))

<P><STRONG><a name="[bb]"></a>__rt_lib_init</STRONG> (Thumb, 0 bytes, Stack size unknown bytes, D:\Keil_v5\ARM\ARMCC\Bin\..\lib\armlib\c_w.l(libinit.o)(.ARM.Collect$$libinit$$00000000))
<BR><BR>[Called By]<UL><LI><a href="#[ba]">&gt;&gt;</a>&nbsp;&nbsp;&nbsp;__rt_entry_li
</UL>

<P><STRONG><a name="[1f2]"></a>__rt_lib_init_fp_1</STRONG> (Thumb, 0 bytes, Stack size unknown bytes, D:\Keil_v5\ARM\ARMCC\Bin\..\lib\armlib\c_w.l(libinit2.o)(.ARM.Collect$$libinit$$00000002))

<P><STRONG><a name="[ac]"></a>__rt_lib_init_heap_2</STRONG> (Thumb, 0 bytes, Stack size unknown bytes, D:\Keil_v5\ARM\ARMCC\Bin\..\lib\armlib\c_w.l(libinit2.o)(.ARM.Collect$$libinit$$00000005))
<BR><BR>[Stack]<UL><LI>Max Depth = 64 + Unknown Stack Size
<LI>Call Chain = __rt_lib_init_heap_2 &rArr; _init_alloc &rArr; __rt_SIGRTMEM &rArr; __rt_SIGRTMEM_inner &rArr; __default_signal_display &rArr; _ttywrch
</UL>
<BR>[Calls]<UL><LI><a href="#[ad]">&gt;&gt;</a>&nbsp;&nbsp;&nbsp;_init_alloc
</UL>

<P><STRONG><a name="[1f3]"></a>__rt_lib_init_preinit_1</STRONG> (Thumb, 0 bytes, Stack size unknown bytes, D:\Keil_v5\ARM\ARMCC\Bin\..\lib\armlib\c_w.l(libinit2.o)(.ARM.Collect$$libinit$$00000004))

<P><STRONG><a name="[1f4]"></a>__rt_lib_init_heap_1</STRONG> (Thumb, 0 bytes, Stack size unknown bytes, D:\Keil_v5\ARM\ARMCC\Bin\..\lib\armlib\c_w.l(libinit2.o)(.ARM.Collect$$libinit$$0000000A))

<P><STRONG><a name="[ae]"></a>__rt_lib_init_lc_common</STRONG> (Thumb, 0 bytes, Stack size unknown bytes, D:\Keil_v5\ARM\ARMCC\Bin\..\lib\armlib\c_w.l(libinit2.o)(.ARM.Collect$$libinit$$0000000F))
<BR><BR>[Calls]<UL><LI><a href="#[af]">&gt;&gt;</a>&nbsp;&nbsp;&nbsp;__rt_locale
</UL>

<P><STRONG><a name="[1f5]"></a>__rt_lib_init_rand_1</STRONG> (Thumb, 0 bytes, Stack size unknown bytes, D:\Keil_v5\ARM\ARMCC\Bin\..\lib\armlib\c_w.l(libinit2.o)(.ARM.Collect$$libinit$$0000000E))

<P><STRONG><a name="[1f6]"></a>__rt_lib_init_user_alloc_1</STRONG> (Thumb, 0 bytes, Stack size unknown bytes, D:\Keil_v5\ARM\ARMCC\Bin\..\lib\armlib\c_w.l(libinit2.o)(.ARM.Collect$$libinit$$0000000C))

<P><STRONG><a name="[1f7]"></a>__rt_lib_init_lc_collate_1</STRONG> (Thumb, 0 bytes, Stack size unknown bytes, D:\Keil_v5\ARM\ARMCC\Bin\..\lib\armlib\c_w.l(libinit2.o)(.ARM.Collect$$libinit$$00000011))

<P><STRONG><a name="[b0]"></a>__rt_lib_init_lc_ctype_2</STRONG> (Thumb, 0 bytes, Stack size unknown bytes, D:\Keil_v5\ARM\ARMCC\Bin\..\lib\armlib\c_w.l(libinit2.o)(.ARM.Collect$$libinit$$00000012))
<BR><BR>[Stack]<UL><LI>Max Depth = 8 + Unknown Stack Size
<LI>Call Chain = __rt_lib_init_lc_ctype_2 &rArr; _get_lc_ctype
</UL>
<BR>[Calls]<UL><LI><a href="#[42]">&gt;&gt;</a>&nbsp;&nbsp;&nbsp;_get_lc_ctype
</UL>

<P><STRONG><a name="[1f8]"></a>__rt_lib_init_lc_ctype_1</STRONG> (Thumb, 0 bytes, Stack size unknown bytes, D:\Keil_v5\ARM\ARMCC\Bin\..\lib\armlib\c_w.l(libinit2.o)(.ARM.Collect$$libinit$$00000013))

<P><STRONG><a name="[1f9]"></a>__rt_lib_init_lc_monetary_1</STRONG> (Thumb, 0 bytes, Stack size unknown bytes, D:\Keil_v5\ARM\ARMCC\Bin\..\lib\armlib\c_w.l(libinit2.o)(.ARM.Collect$$libinit$$00000015))

<P><STRONG><a name="[b1]"></a>__rt_lib_init_lc_numeric_2</STRONG> (Thumb, 0 bytes, Stack size unknown bytes, D:\Keil_v5\ARM\ARMCC\Bin\..\lib\armlib\c_w.l(libinit2.o)(.ARM.Collect$$libinit$$00000016))
<BR><BR>[Stack]<UL><LI>Max Depth = 8 + Unknown Stack Size
<LI>Call Chain = __rt_lib_init_lc_numeric_2 &rArr; _get_lc_numeric
</UL>
<BR>[Calls]<UL><LI><a href="#[b2]">&gt;&gt;</a>&nbsp;&nbsp;&nbsp;_get_lc_numeric
</UL>

<P><STRONG><a name="[1fa]"></a>__rt_lib_init_atexit_1</STRONG> (Thumb, 0 bytes, Stack size unknown bytes, D:\Keil_v5\ARM\ARMCC\Bin\..\lib\armlib\c_w.l(libinit2.o)(.ARM.Collect$$libinit$$0000001B))

<P><STRONG><a name="[1fb]"></a>__rt_lib_init_clock_1</STRONG> (Thumb, 0 bytes, Stack size unknown bytes, D:\Keil_v5\ARM\ARMCC\Bin\..\lib\armlib\c_w.l(libinit2.o)(.ARM.Collect$$libinit$$00000021))

<P><STRONG><a name="[1fc]"></a>__rt_lib_init_fp_trap_1</STRONG> (Thumb, 0 bytes, Stack size unknown bytes, D:\Keil_v5\ARM\ARMCC\Bin\..\lib\armlib\c_w.l(libinit2.o)(.ARM.Collect$$libinit$$0000001F))

<P><STRONG><a name="[1fd]"></a>__rt_lib_init_getenv_1</STRONG> (Thumb, 0 bytes, Stack size unknown bytes, D:\Keil_v5\ARM\ARMCC\Bin\..\lib\armlib\c_w.l(libinit2.o)(.ARM.Collect$$libinit$$00000023))

<P><STRONG><a name="[1fe]"></a>__rt_lib_init_lc_numeric_1</STRONG> (Thumb, 0 bytes, Stack size unknown bytes, D:\Keil_v5\ARM\ARMCC\Bin\..\lib\armlib\c_w.l(libinit2.o)(.ARM.Collect$$libinit$$00000017))

<P><STRONG><a name="[1ff]"></a>__rt_lib_init_lc_time_1</STRONG> (Thumb, 0 bytes, Stack size unknown bytes, D:\Keil_v5\ARM\ARMCC\Bin\..\lib\armlib\c_w.l(libinit2.o)(.ARM.Collect$$libinit$$00000019))

<P><STRONG><a name="[200]"></a>__rt_lib_init_signal_1</STRONG> (Thumb, 0 bytes, Stack size unknown bytes, D:\Keil_v5\ARM\ARMCC\Bin\..\lib\armlib\c_w.l(libinit2.o)(.ARM.Collect$$libinit$$0000001D))

<P><STRONG><a name="[b3]"></a>__rt_lib_init_stdio_2</STRONG> (Thumb, 0 bytes, Stack size unknown bytes, D:\Keil_v5\ARM\ARMCC\Bin\..\lib\armlib\c_w.l(libinit2.o)(.ARM.Collect$$libinit$$00000024))
<BR><BR>[Stack]<UL><LI>Max Depth = 720 + Unknown Stack Size
<LI>Call Chain = __rt_lib_init_stdio_2 &rArr; _initio &rArr; freopen &rArr; _fclose_internal &rArr; _fflush &rArr; _writebuf &rArr; _sys_write &rArr; serial_baud &rArr; mbed_assert_internal &rArr; mbed_error_printf &rArr; serial_init &rArr;  serial_baud (Cycle)
</UL>
<BR>[Calls]<UL><LI><a href="#[b4]">&gt;&gt;</a>&nbsp;&nbsp;&nbsp;_initio
</UL>

<P><STRONG><a name="[201]"></a>__rt_lib_init_alloca_1</STRONG> (Thumb, 0 bytes, Stack size unknown bytes, D:\Keil_v5\ARM\ARMCC\Bin\..\lib\armlib\c_w.l(libinit2.o)(.ARM.Collect$$libinit$$0000002E))

<P><STRONG><a name="[202]"></a>__rt_lib_init_argv_1</STRONG> (Thumb, 0 bytes, Stack size unknown bytes, D:\Keil_v5\ARM\ARMCC\Bin\..\lib\armlib\c_w.l(libinit2.o)(.ARM.Collect$$libinit$$0000002C))

<P><STRONG><a name="[b5]"></a>__rt_lib_init_cpp_2</STRONG> (Thumb, 0 bytes, Stack size unknown bytes, D:\Keil_v5\ARM\ARMCC\Bin\..\lib\armlib\c_w.l(libinit2.o)(.ARM.Collect$$libinit$$00000031))
<BR><BR>[Stack]<UL><LI>Max Depth = 16 + Unknown Stack Size
<LI>Call Chain = __rt_lib_init_cpp_2 &rArr; __cpp_initialize__aeabi_
</UL>
<BR>[Calls]<UL><LI><a href="#[85]">&gt;&gt;</a>&nbsp;&nbsp;&nbsp;__cpp_initialize__aeabi_
</UL>

<P><STRONG><a name="[203]"></a>__rt_lib_init_exceptions_1</STRONG> (Thumb, 0 bytes, Stack size unknown bytes, D:\Keil_v5\ARM\ARMCC\Bin\..\lib\armlib\c_w.l(libinit2.o)(.ARM.Collect$$libinit$$00000030))

<P><STRONG><a name="[204]"></a>__rt_lib_init_stdio_1</STRONG> (Thumb, 0 bytes, Stack size unknown bytes, D:\Keil_v5\ARM\ARMCC\Bin\..\lib\armlib\c_w.l(libinit2.o)(.ARM.Collect$$libinit$$00000025))

<P><STRONG><a name="[205]"></a>__rt_lib_init_cpp_1</STRONG> (Thumb, 0 bytes, Stack size unknown bytes, D:\Keil_v5\ARM\ARMCC\Bin\..\lib\armlib\c_w.l(libinit2.o)(.ARM.Collect$$libinit$$00000032))

<P><STRONG><a name="[206]"></a>__rt_lib_init_return</STRONG> (Thumb, 0 bytes, Stack size unknown bytes, D:\Keil_v5\ARM\ARMCC\Bin\..\lib\armlib\c_w.l(libinit2.o)(.ARM.Collect$$libinit$$00000033))

<P><STRONG><a name="[87]"></a>__rt_entry</STRONG> (Thumb, 0 bytes, Stack size unknown bytes, D:\Keil_v5\ARM\ARMCC\Bin\..\lib\armlib\c_w.l(__rtentry.o)(.ARM.Collect$$rtentry$$00000000))
<BR><BR>[Called By]<UL><LI><a href="#[84]">&gt;&gt;</a>&nbsp;&nbsp;&nbsp;__main
<LI><a href="#[88]">&gt;&gt;</a>&nbsp;&nbsp;&nbsp;__scatterload_rt2
</UL>

<P><STRONG><a name="[207]"></a>__rt_entry_presh_1</STRONG> (Thumb, 0 bytes, Stack size unknown bytes, D:\Keil_v5\ARM\ARMCC\Bin\..\lib\armlib\c_w.l(__rtentry2.o)(.ARM.Collect$$rtentry$$00000002))

<P><STRONG><a name="[b6]"></a>__rt_entry_sh</STRONG> (Thumb, 0 bytes, Stack size unknown bytes, D:\Keil_v5\ARM\ARMCC\Bin\..\lib\armlib\c_w.l(__rtentry4.o)(.ARM.Collect$$rtentry$$00000004))
<BR><BR>[Stack]<UL><LI>Max Depth = 8 + Unknown Stack Size
<LI>Call Chain = __rt_entry_sh &rArr; __user_setup_stackheap
</UL>
<BR>[Calls]<UL><LI><a href="#[b7]">&gt;&gt;</a>&nbsp;&nbsp;&nbsp;__user_setup_stackheap
</UL>

<P><STRONG><a name="[208]"></a>__rt_lib_shutdown_stdio_2</STRONG> (Thumb, 0 bytes, Stack size unknown bytes, D:\Keil_v5\ARM\ARMCC\Bin\..\lib\armlib\c_w.l(libshutdown2.o)(.ARM.Collect$$libshutdown$$00000004))

<P><STRONG><a name="[b8]"></a>__rt_entry_postsh_1</STRONG> (Thumb, 0 bytes, Stack size unknown bytes, D:\Keil_v5\ARM\ARMCC\Bin\..\lib\armlib\c_w.l(__rtentry2.o)(.ARM.Collect$$rtentry$$00000008))
<BR><BR>[Stack]<UL><LI>Max Depth = 16 + Unknown Stack Size
<LI>Call Chain = __rt_entry_postsh_1 &rArr; _platform_post_stackheap_init &rArr; __aeabi_memcpy4
</UL>
<BR>[Calls]<UL><LI><a href="#[b9]">&gt;&gt;</a>&nbsp;&nbsp;&nbsp;_platform_post_stackheap_init
</UL>

<P><STRONG><a name="[ba]"></a>__rt_entry_li</STRONG> (Thumb, 0 bytes, Stack size unknown bytes, D:\Keil_v5\ARM\ARMCC\Bin\..\lib\armlib\c_w.l(__rtentry2.o)(.ARM.Collect$$rtentry$$0000000A))
<BR><BR>[Calls]<UL><LI><a href="#[bb]">&gt;&gt;</a>&nbsp;&nbsp;&nbsp;__rt_lib_init
</UL>

<P><STRONG><a name="[bc]"></a>__rt_entry_main</STRONG> (Thumb, 0 bytes, Stack size unknown bytes, D:\Keil_v5\ARM\ARMCC\Bin\..\lib\armlib\c_w.l(__rtentry2.o)(.ARM.Collect$$rtentry$$0000000D))
<BR><BR>[Stack]<UL><LI>Max Depth = 1128 + Unknown Stack Size
<LI>Call Chain = __rt_entry_main &rArr; main &rArr; $Super$$main &rArr; Robot::avancer(float, bool, float, int) &rArr; Robot::aller(float, float, bool, float, int, int) &rArr; Robot::tourner(float, bool, int, float, int) &rArr; mbed::Stream::printf(const char*, ...) &rArr; fflush &rArr; _do_fflush &rArr; _fflush &rArr; _writebuf &rArr; _sys_write &rArr; serial_baud &rArr; mbed_assert_internal &rArr; mbed_error_printf &rArr; serial_init &rArr;  serial_baud (Cycle)
</UL>
<BR>[Calls]<UL><LI><a href="#[bd]">&gt;&gt;</a>&nbsp;&nbsp;&nbsp;main
<LI><a href="#[be]">&gt;&gt;</a>&nbsp;&nbsp;&nbsp;exit
</UL>

<P><STRONG><a name="[209]"></a>__rt_entry_postli_1</STRONG> (Thumb, 0 bytes, Stack size unknown bytes, D:\Keil_v5\ARM\ARMCC\Bin\..\lib\armlib\c_w.l(__rtentry2.o)(.ARM.Collect$$rtentry$$0000000C))

<P><STRONG><a name="[12]"></a>Reset_Handler</STRONG> (Thumb, 8 bytes, Stack size 0 bytes, mbed/TARGET_LPC1768/TOOLCHAIN_ARM_STD/startup_LPC17xx.o(.text))
<BR>[Address Reference Count : 1]<UL><LI> startup_LPC17xx.o(RESET)
</UL>
<P><STRONG><a name="[20a]"></a>_maybe_terminate_alloc</STRONG> (Thumb, 0 bytes, Stack size 0 bytes, D:\Keil_v5\ARM\ARMCC\Bin\..\lib\armlib\c_w.l(maybetermalloc1.o)(.emb_text), UNUSED)

<P><STRONG><a name="[13]"></a>NMI_Handler</STRONG> (Thumb, 2 bytes, Stack size 0 bytes, mbed/TARGET_LPC1768/TOOLCHAIN_ARM_STD/startup_LPC17xx.o(.text))
<BR><BR>[Calls]<UL><LI><a href="#[13]">&gt;&gt;</a>&nbsp;&nbsp;&nbsp;NMI_Handler
</UL>
<BR>[Called By]<UL><LI><a href="#[13]">&gt;&gt;</a>&nbsp;&nbsp;&nbsp;NMI_Handler
</UL>
<BR>[Address Reference Count : 1]<UL><LI> startup_LPC17xx.o(RESET)
</UL>
<P><STRONG><a name="[14]"></a>HardFault_Handler</STRONG> (Thumb, 2 bytes, Stack size 0 bytes, mbed/TARGET_LPC1768/TOOLCHAIN_ARM_STD/startup_LPC17xx.o(.text))
<BR><BR>[Calls]<UL><LI><a href="#[14]">&gt;&gt;</a>&nbsp;&nbsp;&nbsp;HardFault_Handler
</UL>
<BR>[Called By]<UL><LI><a href="#[14]">&gt;&gt;</a>&nbsp;&nbsp;&nbsp;HardFault_Handler
</UL>
<BR>[Address Reference Count : 1]<UL><LI> startup_LPC17xx.o(RESET)
</UL>
<P><STRONG><a name="[15]"></a>MemManage_Handler</STRONG> (Thumb, 2 bytes, Stack size 0 bytes, mbed/TARGET_LPC1768/TOOLCHAIN_ARM_STD/startup_LPC17xx.o(.text))
<BR><BR>[Calls]<UL><LI><a href="#[15]">&gt;&gt;</a>&nbsp;&nbsp;&nbsp;MemManage_Handler
</UL>
<BR>[Called By]<UL><LI><a href="#[15]">&gt;&gt;</a>&nbsp;&nbsp;&nbsp;MemManage_Handler
</UL>
<BR>[Address Reference Count : 1]<UL><LI> startup_LPC17xx.o(RESET)
</UL>
<P><STRONG><a name="[16]"></a>BusFault_Handler</STRONG> (Thumb, 2 bytes, Stack size 0 bytes, mbed/TARGET_LPC1768/TOOLCHAIN_ARM_STD/startup_LPC17xx.o(.text))
<BR><BR>[Calls]<UL><LI><a href="#[16]">&gt;&gt;</a>&nbsp;&nbsp;&nbsp;BusFault_Handler
</UL>
<BR>[Called By]<UL><LI><a href="#[16]">&gt;&gt;</a>&nbsp;&nbsp;&nbsp;BusFault_Handler
</UL>
<BR>[Address Reference Count : 1]<UL><LI> startup_LPC17xx.o(RESET)
</UL>
<P><STRONG><a name="[17]"></a>UsageFault_Handler</STRONG> (Thumb, 2 bytes, Stack size 0 bytes, mbed/TARGET_LPC1768/TOOLCHAIN_ARM_STD/startup_LPC17xx.o(.text))
<BR><BR>[Calls]<UL><LI><a href="#[17]">&gt;&gt;</a>&nbsp;&nbsp;&nbsp;UsageFault_Handler
</UL>
<BR>[Called By]<UL><LI><a href="#[17]">&gt;&gt;</a>&nbsp;&nbsp;&nbsp;UsageFault_Handler
</UL>
<BR>[Address Reference Count : 1]<UL><LI> startup_LPC17xx.o(RESET)
</UL>
<P><STRONG><a name="[18]"></a>SVC_Handler</STRONG> (Thumb, 2 bytes, Stack size 0 bytes, mbed/TARGET_LPC1768/TOOLCHAIN_ARM_STD/startup_LPC17xx.o(.text))
<BR><BR>[Calls]<UL><LI><a href="#[18]">&gt;&gt;</a>&nbsp;&nbsp;&nbsp;SVC_Handler
</UL>
<BR>[Called By]<UL><LI><a href="#[18]">&gt;&gt;</a>&nbsp;&nbsp;&nbsp;SVC_Handler
</UL>
<BR>[Address Reference Count : 1]<UL><LI> startup_LPC17xx.o(RESET)
</UL>
<P><STRONG><a name="[19]"></a>DebugMon_Handler</STRONG> (Thumb, 2 bytes, Stack size 0 bytes, mbed/TARGET_LPC1768/TOOLCHAIN_ARM_STD/startup_LPC17xx.o(.text))
<BR><BR>[Calls]<UL><LI><a href="#[19]">&gt;&gt;</a>&nbsp;&nbsp;&nbsp;DebugMon_Handler
</UL>
<BR>[Called By]<UL><LI><a href="#[19]">&gt;&gt;</a>&nbsp;&nbsp;&nbsp;DebugMon_Handler
</UL>
<BR>[Address Reference Count : 1]<UL><LI> startup_LPC17xx.o(RESET)
</UL>
<P><STRONG><a name="[1a]"></a>PendSV_Handler</STRONG> (Thumb, 2 bytes, Stack size 0 bytes, mbed/TARGET_LPC1768/TOOLCHAIN_ARM_STD/startup_LPC17xx.o(.text))
<BR><BR>[Calls]<UL><LI><a href="#[1a]">&gt;&gt;</a>&nbsp;&nbsp;&nbsp;PendSV_Handler
</UL>
<BR>[Called By]<UL><LI><a href="#[1a]">&gt;&gt;</a>&nbsp;&nbsp;&nbsp;PendSV_Handler
</UL>
<BR>[Address Reference Count : 1]<UL><LI> startup_LPC17xx.o(RESET)
</UL>
<P><STRONG><a name="[1b]"></a>SysTick_Handler</STRONG> (Thumb, 2 bytes, Stack size 0 bytes, mbed/TARGET_LPC1768/TOOLCHAIN_ARM_STD/startup_LPC17xx.o(.text))
<BR><BR>[Calls]<UL><LI><a href="#[1b]">&gt;&gt;</a>&nbsp;&nbsp;&nbsp;SysTick_Handler
</UL>
<BR>[Called By]<UL><LI><a href="#[1b]">&gt;&gt;</a>&nbsp;&nbsp;&nbsp;SysTick_Handler
</UL>
<BR>[Address Reference Count : 1]<UL><LI> startup_LPC17xx.o(RESET)
</UL>
<P><STRONG><a name="[32]"></a>ADC_IRQHandler</STRONG> (Thumb, 0 bytes, Stack size 0 bytes, mbed/TARGET_LPC1768/TOOLCHAIN_ARM_STD/startup_LPC17xx.o(.text))
<BR><BR>[Calls]<UL><LI><a href="#[32]">&gt;&gt;</a>&nbsp;&nbsp;&nbsp;ADC_IRQHandler
</UL>
<BR>[Called By]<UL><LI><a href="#[32]">&gt;&gt;</a>&nbsp;&nbsp;&nbsp;ADC_IRQHandler
</UL>
<BR>[Address Reference Count : 1]<UL><LI> startup_LPC17xx.o(RESET)
</UL>
<P><STRONG><a name="[33]"></a>BOD_IRQHandler</STRONG> (Thumb, 0 bytes, Stack size 0 bytes, mbed/TARGET_LPC1768/TOOLCHAIN_ARM_STD/startup_LPC17xx.o(.text))
<BR>[Address Reference Count : 1]<UL><LI> startup_LPC17xx.o(RESET)
</UL>
<P><STRONG><a name="[35]"></a>CAN_IRQHandler</STRONG> (Thumb, 0 bytes, Stack size 0 bytes, mbed/TARGET_LPC1768/TOOLCHAIN_ARM_STD/startup_LPC17xx.o(.text))
<BR>[Address Reference Count : 1]<UL><LI> startup_LPC17xx.o(RESET)
</UL>
<P><STRONG><a name="[36]"></a>DMA_IRQHandler</STRONG> (Thumb, 0 bytes, Stack size 0 bytes, mbed/TARGET_LPC1768/TOOLCHAIN_ARM_STD/startup_LPC17xx.o(.text))
<BR>[Address Reference Count : 1]<UL><LI> startup_LPC17xx.o(RESET)
</UL>
<P><STRONG><a name="[2e]"></a>EINT0_IRQHandler</STRONG> (Thumb, 0 bytes, Stack size 0 bytes, mbed/TARGET_LPC1768/TOOLCHAIN_ARM_STD/startup_LPC17xx.o(.text))
<BR>[Address Reference Count : 1]<UL><LI> startup_LPC17xx.o(RESET)
</UL>
<P><STRONG><a name="[2f]"></a>EINT1_IRQHandler</STRONG> (Thumb, 0 bytes, Stack size 0 bytes, mbed/TARGET_LPC1768/TOOLCHAIN_ARM_STD/startup_LPC17xx.o(.text))
<BR>[Address Reference Count : 1]<UL><LI> startup_LPC17xx.o(RESET)
</UL>
<P><STRONG><a name="[30]"></a>EINT2_IRQHandler</STRONG> (Thumb, 0 bytes, Stack size 0 bytes, mbed/TARGET_LPC1768/TOOLCHAIN_ARM_STD/startup_LPC17xx.o(.text))
<BR>[Address Reference Count : 1]<UL><LI> startup_LPC17xx.o(RESET)
</UL>
<P><STRONG><a name="[31]"></a>EINT3_IRQHandler</STRONG> (Thumb, 0 bytes, Stack size 0 bytes, mbed/TARGET_LPC1768/TOOLCHAIN_ARM_STD/startup_LPC17xx.o(.text))
<BR>[Address Reference Count : 1]<UL><LI> startup_LPC17xx.o(RESET)
</UL>
<P><STRONG><a name="[38]"></a>ENET_IRQHandler</STRONG> (Thumb, 0 bytes, Stack size 0 bytes, mbed/TARGET_LPC1768/TOOLCHAIN_ARM_STD/startup_LPC17xx.o(.text))
<BR>[Address Reference Count : 1]<UL><LI> startup_LPC17xx.o(RESET)
</UL>
<P><STRONG><a name="[26]"></a>I2C0_IRQHandler</STRONG> (Thumb, 0 bytes, Stack size 0 bytes, mbed/TARGET_LPC1768/TOOLCHAIN_ARM_STD/startup_LPC17xx.o(.text))
<BR>[Address Reference Count : 1]<UL><LI> startup_LPC17xx.o(RESET)
</UL>
<P><STRONG><a name="[27]"></a>I2C1_IRQHandler</STRONG> (Thumb, 0 bytes, Stack size 0 bytes, mbed/TARGET_LPC1768/TOOLCHAIN_ARM_STD/startup_LPC17xx.o(.text))
<BR>[Address Reference Count : 1]<UL><LI> startup_LPC17xx.o(RESET)
</UL>
<P><STRONG><a name="[28]"></a>I2C2_IRQHandler</STRONG> (Thumb, 0 bytes, Stack size 0 bytes, mbed/TARGET_LPC1768/TOOLCHAIN_ARM_STD/startup_LPC17xx.o(.text))
<BR>[Address Reference Count : 1]<UL><LI> startup_LPC17xx.o(RESET)
</UL>
<P><STRONG><a name="[37]"></a>I2S_IRQHandler</STRONG> (Thumb, 0 bytes, Stack size 0 bytes, mbed/TARGET_LPC1768/TOOLCHAIN_ARM_STD/startup_LPC17xx.o(.text))
<BR>[Address Reference Count : 1]<UL><LI> startup_LPC17xx.o(RESET)
</UL>
<P><STRONG><a name="[3a]"></a>MCPWM_IRQHandler</STRONG> (Thumb, 0 bytes, Stack size 0 bytes, mbed/TARGET_LPC1768/TOOLCHAIN_ARM_STD/startup_LPC17xx.o(.text))
<BR>[Address Reference Count : 1]<UL><LI> startup_LPC17xx.o(RESET)
</UL>
<P><STRONG><a name="[2c]"></a>PLL0_IRQHandler</STRONG> (Thumb, 0 bytes, Stack size 0 bytes, mbed/TARGET_LPC1768/TOOLCHAIN_ARM_STD/startup_LPC17xx.o(.text))
<BR>[Address Reference Count : 1]<UL><LI> startup_LPC17xx.o(RESET)
</UL>
<P><STRONG><a name="[3c]"></a>PLL1_IRQHandler</STRONG> (Thumb, 0 bytes, Stack size 0 bytes, mbed/TARGET_LPC1768/TOOLCHAIN_ARM_STD/startup_LPC17xx.o(.text))
<BR>[Address Reference Count : 1]<UL><LI> startup_LPC17xx.o(RESET)
</UL>
<P><STRONG><a name="[25]"></a>PWM1_IRQHandler</STRONG> (Thumb, 0 bytes, Stack size 0 bytes, mbed/TARGET_LPC1768/TOOLCHAIN_ARM_STD/startup_LPC17xx.o(.text))
<BR>[Address Reference Count : 1]<UL><LI> startup_LPC17xx.o(RESET)
</UL>
<P><STRONG><a name="[3b]"></a>QEI_IRQHandler</STRONG> (Thumb, 0 bytes, Stack size 0 bytes, mbed/TARGET_LPC1768/TOOLCHAIN_ARM_STD/startup_LPC17xx.o(.text))
<BR>[Address Reference Count : 1]<UL><LI> startup_LPC17xx.o(RESET)
</UL>
<P><STRONG><a name="[39]"></a>RIT_IRQHandler</STRONG> (Thumb, 0 bytes, Stack size 0 bytes, mbed/TARGET_LPC1768/TOOLCHAIN_ARM_STD/startup_LPC17xx.o(.text))
<BR>[Address Reference Count : 1]<UL><LI> startup_LPC17xx.o(RESET)
</UL>
<P><STRONG><a name="[2d]"></a>RTC_IRQHandler</STRONG> (Thumb, 0 bytes, Stack size 0 bytes, mbed/TARGET_LPC1768/TOOLCHAIN_ARM_STD/startup_LPC17xx.o(.text))
<BR>[Address Reference Count : 1]<UL><LI> startup_LPC17xx.o(RESET)
</UL>
<P><STRONG><a name="[29]"></a>SPI_IRQHandler</STRONG> (Thumb, 0 bytes, Stack size 0 bytes, mbed/TARGET_LPC1768/TOOLCHAIN_ARM_STD/startup_LPC17xx.o(.text))
<BR>[Address Reference Count : 1]<UL><LI> startup_LPC17xx.o(RESET)
</UL>
<P><STRONG><a name="[2a]"></a>SSP0_IRQHandler</STRONG> (Thumb, 0 bytes, Stack size 0 bytes, mbed/TARGET_LPC1768/TOOLCHAIN_ARM_STD/startup_LPC17xx.o(.text))
<BR>[Address Reference Count : 1]<UL><LI> startup_LPC17xx.o(RESET)
</UL>
<P><STRONG><a name="[2b]"></a>SSP1_IRQHandler</STRONG> (Thumb, 0 bytes, Stack size 0 bytes, mbed/TARGET_LPC1768/TOOLCHAIN_ARM_STD/startup_LPC17xx.o(.text))
<BR>[Address Reference Count : 1]<UL><LI> startup_LPC17xx.o(RESET)
</UL>
<P><STRONG><a name="[1d]"></a>TIMER0_IRQHandler</STRONG> (Thumb, 0 bytes, Stack size 0 bytes, mbed/TARGET_LPC1768/TOOLCHAIN_ARM_STD/startup_LPC17xx.o(.text))
<BR>[Address Reference Count : 1]<UL><LI> startup_LPC17xx.o(RESET)
</UL>
<P><STRONG><a name="[1e]"></a>TIMER1_IRQHandler</STRONG> (Thumb, 0 bytes, Stack size 0 bytes, mbed/TARGET_LPC1768/TOOLCHAIN_ARM_STD/startup_LPC17xx.o(.text))
<BR>[Address Reference Count : 1]<UL><LI> startup_LPC17xx.o(RESET)
</UL>
<P><STRONG><a name="[1f]"></a>TIMER2_IRQHandler</STRONG> (Thumb, 0 bytes, Stack size 0 bytes, mbed/TARGET_LPC1768/TOOLCHAIN_ARM_STD/startup_LPC17xx.o(.text))
<BR>[Address Reference Count : 1]<UL><LI> startup_LPC17xx.o(RESET)
</UL>
<P><STRONG><a name="[20]"></a>TIMER3_IRQHandler</STRONG> (Thumb, 0 bytes, Stack size 0 bytes, mbed/TARGET_LPC1768/TOOLCHAIN_ARM_STD/startup_LPC17xx.o(.text))
<BR>[Address Reference Count : 1]<UL><LI> startup_LPC17xx.o(RESET)
</UL>
<P><STRONG><a name="[21]"></a>UART0_IRQHandler</STRONG> (Thumb, 0 bytes, Stack size 0 bytes, mbed/TARGET_LPC1768/TOOLCHAIN_ARM_STD/startup_LPC17xx.o(.text))
<BR>[Address Reference Count : 1]<UL><LI> startup_LPC17xx.o(RESET)
</UL>
<P><STRONG><a name="[22]"></a>UART1_IRQHandler</STRONG> (Thumb, 0 bytes, Stack size 0 bytes, mbed/TARGET_LPC1768/TOOLCHAIN_ARM_STD/startup_LPC17xx.o(.text))
<BR>[Address Reference Count : 1]<UL><LI> startup_LPC17xx.o(RESET)
</UL>
<P><STRONG><a name="[23]"></a>UART2_IRQHandler</STRONG> (Thumb, 0 bytes, Stack size 0 bytes, mbed/TARGET_LPC1768/TOOLCHAIN_ARM_STD/startup_LPC17xx.o(.text))
<BR>[Address Reference Count : 1]<UL><LI> startup_LPC17xx.o(RESET)
</UL>
<P><STRONG><a name="[24]"></a>UART3_IRQHandler</STRONG> (Thumb, 0 bytes, Stack size 0 bytes, mbed/TARGET_LPC1768/TOOLCHAIN_ARM_STD/startup_LPC17xx.o(.text))
<BR>[Address Reference Count : 1]<UL><LI> startup_LPC17xx.o(RESET)
</UL>
<P><STRONG><a name="[34]"></a>USB_IRQHandler</STRONG> (Thumb, 0 bytes, Stack size 0 bytes, mbed/TARGET_LPC1768/TOOLCHAIN_ARM_STD/startup_LPC17xx.o(.text))
<BR>[Address Reference Count : 1]<UL><LI> startup_LPC17xx.o(RESET)
</UL>
<P><STRONG><a name="[1c]"></a>WDT_IRQHandler</STRONG> (Thumb, 0 bytes, Stack size 0 bytes, mbed/TARGET_LPC1768/TOOLCHAIN_ARM_STD/startup_LPC17xx.o(.text))
<BR>[Address Reference Count : 1]<UL><LI> startup_LPC17xx.o(RESET)
</UL>
<P><STRONG><a name="[df]"></a>__aeabi_errno_addr</STRONG> (Thumb, 8 bytes, Stack size 0 bytes, D:\Keil_v5\ARM\ARMCC\Bin\..\lib\armlib\c_w.l(rt_errno_addr.o)(.text))
<BR><BR>[Called By]<UL><LI><a href="#[102]">&gt;&gt;</a>&nbsp;&nbsp;&nbsp;_sys_write
<LI><a href="#[fa]">&gt;&gt;</a>&nbsp;&nbsp;&nbsp;_sys_seek
<LI><a href="#[f6]">&gt;&gt;</a>&nbsp;&nbsp;&nbsp;_sys_read
<LI><a href="#[d2]">&gt;&gt;</a>&nbsp;&nbsp;&nbsp;_sys_open
<LI><a href="#[ff]">&gt;&gt;</a>&nbsp;&nbsp;&nbsp;_sys_istty
<LI><a href="#[fe]">&gt;&gt;</a>&nbsp;&nbsp;&nbsp;_sys_flen
<LI><a href="#[d7]">&gt;&gt;</a>&nbsp;&nbsp;&nbsp;_sys_close
<LI><a href="#[153]">&gt;&gt;</a>&nbsp;&nbsp;&nbsp;mbed::Stream::Stream__sub_object(const char*)
<LI><a href="#[101]">&gt;&gt;</a>&nbsp;&nbsp;&nbsp;_ftell_internal
<LI><a href="#[e0]">&gt;&gt;</a>&nbsp;&nbsp;&nbsp;__set_errno
<LI><a href="#[de]">&gt;&gt;</a>&nbsp;&nbsp;&nbsp;__read_errno
</UL>

<P><STRONG><a name="[20b]"></a>__errno</STRONG> (Thumb, 0 bytes, Stack size 0 bytes, D:\Keil_v5\ARM\ARMCC\Bin\..\lib\armlib\c_w.l(rt_errno_addr.o)(.text), UNUSED)

<P><STRONG><a name="[20c]"></a>__rt_errno_addr</STRONG> (Thumb, 0 bytes, Stack size 0 bytes, D:\Keil_v5\ARM\ARMCC\Bin\..\lib\armlib\c_w.l(rt_errno_addr.o)(.text), UNUSED)

<P><STRONG><a name="[bf]"></a>malloc</STRONG> (Thumb, 94 bytes, Stack size 16 bytes, D:\Keil_v5\ARM\ARMCC\Bin\..\lib\armlib\c_w.l(h1_alloc.o)(.text))
<BR><BR>[Stack]<UL><LI>Max Depth = 48<LI>Call Chain = malloc &rArr; __Heap_Full &rArr; __Heap_ProvideMemory &rArr; free
</UL>
<BR>[Calls]<UL><LI><a href="#[c1]">&gt;&gt;</a>&nbsp;&nbsp;&nbsp;__Heap_Full
<LI><a href="#[c0]">&gt;&gt;</a>&nbsp;&nbsp;&nbsp;__rt_heap_descriptor
</UL>
<BR>[Called By]<UL><LI><a href="#[18b]">&gt;&gt;</a>&nbsp;&nbsp;&nbsp;operator new(unsigned)
<LI><a href="#[d3]">&gt;&gt;</a>&nbsp;&nbsp;&nbsp;fopen
<LI><a href="#[fd]">&gt;&gt;</a>&nbsp;&nbsp;&nbsp;__flsbuf
<LI><a href="#[f8]">&gt;&gt;</a>&nbsp;&nbsp;&nbsp;__filbuf
</UL>

<P><STRONG><a name="[c2]"></a>free</STRONG> (Thumb, 78 bytes, Stack size 16 bytes, D:\Keil_v5\ARM\ARMCC\Bin\..\lib\armlib\c_w.l(h1_free.o)(.text))
<BR><BR>[Stack]<UL><LI>Max Depth = 16<LI>Call Chain = free
</UL>
<BR>[Calls]<UL><LI><a href="#[c0]">&gt;&gt;</a>&nbsp;&nbsp;&nbsp;__rt_heap_descriptor
</UL>
<BR>[Called By]<UL><LI><a href="#[18d]">&gt;&gt;</a>&nbsp;&nbsp;&nbsp;operator delete (void*)
<LI><a href="#[d1]">&gt;&gt;</a>&nbsp;&nbsp;&nbsp;_fclose_internal
<LI><a href="#[d9]">&gt;&gt;</a>&nbsp;&nbsp;&nbsp;__Heap_ProvideMemory
<LI><a href="#[104]">&gt;&gt;</a>&nbsp;&nbsp;&nbsp;_terminateio
</UL>

<P><STRONG><a name="[1b7]"></a>__aeabi_uldivmod</STRONG> (Thumb, 0 bytes, Stack size 48 bytes, D:\Keil_v5\ARM\ARMCC\Bin\..\lib\armlib\c_w.l(lludivv7m.o)(.text))
<BR><BR>[Stack]<UL><LI>Max Depth = 48<LI>Call Chain = __aeabi_uldivmod
</UL>
<BR>[Called By]<UL><LI><a href="#[1b9]">&gt;&gt;</a>&nbsp;&nbsp;&nbsp;update_present_time
<LI><a href="#[1ba]">&gt;&gt;</a>&nbsp;&nbsp;&nbsp;schedule_interrupt
<LI><a href="#[1b6]">&gt;&gt;</a>&nbsp;&nbsp;&nbsp;initialize
</UL>

<P><STRONG><a name="[20d]"></a>_ll_udiv</STRONG> (Thumb, 238 bytes, Stack size 48 bytes, D:\Keil_v5\ARM\ARMCC\Bin\..\lib\armlib\c_w.l(lludivv7m.o)(.text), UNUSED)

<P><STRONG><a name="[1b8]"></a>__aeabi_llsl</STRONG> (Thumb, 0 bytes, Stack size 0 bytes, D:\Keil_v5\ARM\ARMCC\Bin\..\lib\armlib\c_w.l(llshl.o)(.text))
<BR><BR>[Called By]<UL><LI><a href="#[1b6]">&gt;&gt;</a>&nbsp;&nbsp;&nbsp;initialize
</UL>

<P><STRONG><a name="[20e]"></a>_ll_shift_l</STRONG> (Thumb, 38 bytes, Stack size 0 bytes, D:\Keil_v5\ARM\ARMCC\Bin\..\lib\armlib\c_w.l(llshl.o)(.text), UNUSED)

<P><STRONG><a name="[c3]"></a>vsnprintf</STRONG> (Thumb, 48 bytes, Stack size 24 bytes, D:\Keil_v5\ARM\ARMCC\Bin\..\lib\armlib\c_w.l(vsnprintf.o)(.text))
<BR><BR>[Stack]<UL><LI>Max Depth = 128 + Unknown Stack Size
<LI>Call Chain = vsnprintf &rArr; _printf_char_common &rArr; __printf
</UL>
<BR>[Calls]<UL><LI><a href="#[c5]">&gt;&gt;</a>&nbsp;&nbsp;&nbsp;_sputc
<LI><a href="#[c4]">&gt;&gt;</a>&nbsp;&nbsp;&nbsp;_printf_char_common
</UL>
<BR>[Called By]<UL><LI><a href="#[1a9]">&gt;&gt;</a>&nbsp;&nbsp;&nbsp;mbed_error_vfprintf
<LI><a href="#[1bb]">&gt;&gt;</a>&nbsp;&nbsp;&nbsp;mbed_error_printf
</UL>

<P><STRONG><a name="[c6]"></a>__c89vfprintf</STRONG> (Thumb, 10 bytes, Stack size 0 bytes, D:\Keil_v5\ARM\ARMCC\Bin\..\lib\armlib\c_w.l(c89vfprintf.o)(.text))
<BR><BR>[Stack]<UL><LI>Max Depth = 120 + Unknown Stack Size
<LI>Call Chain = __c89vfprintf &rArr; _printf_char_file &rArr; _printf_char_common &rArr; __printf
</UL>
<BR>[Calls]<UL><LI><a href="#[c7]">&gt;&gt;</a>&nbsp;&nbsp;&nbsp;_printf_char_file
</UL>
<BR>[Called By]<UL><LI><a href="#[11e]">&gt;&gt;</a>&nbsp;&nbsp;&nbsp;mbed::Stream::printf(const char*, ...)
</UL>

<P><STRONG><a name="[c8]"></a>__2printf</STRONG> (Thumb, 20 bytes, Stack size 24 bytes, D:\Keil_v5\ARM\ARMCC\Bin\..\lib\armlib\c_w.l(__2printf.o)(.text))
<BR><BR>[Stack]<UL><LI>Max Depth = 144 + Unknown Stack Size
<LI>Call Chain = __2printf &rArr; _printf_char_file &rArr; _printf_char_common &rArr; __printf
</UL>
<BR>[Calls]<UL><LI><a href="#[c7]">&gt;&gt;</a>&nbsp;&nbsp;&nbsp;_printf_char_file
</UL>
<BR>[Called By]<UL><LI><a href="#[16e]">&gt;&gt;</a>&nbsp;&nbsp;&nbsp;Robot::tourner(float, bool, int, float, int)
<LI><a href="#[16d]">&gt;&gt;</a>&nbsp;&nbsp;&nbsp;Robot::aller(float, float, bool, float, int, int)
</UL>

<P><STRONG><a name="[c9]"></a>__printf</STRONG> (Thumb, 388 bytes, Stack size 40 bytes, D:\Keil_v5\ARM\ARMCC\Bin\..\lib\armlib\c_w.l(__printf_flags_ss_wp.o)(.text))
<BR><BR>[Stack]<UL><LI>Max Depth = 40 + Unknown Stack Size
<LI>Call Chain = __printf
</UL>
<BR>[Calls]<UL><LI><a href="#[cb]">&gt;&gt;</a>&nbsp;&nbsp;&nbsp;_printf_percent
<LI><a href="#[ca]">&gt;&gt;</a>&nbsp;&nbsp;&nbsp;_is_digit
</UL>
<BR>[Called By]<UL><LI><a href="#[c4]">&gt;&gt;</a>&nbsp;&nbsp;&nbsp;_printf_char_common
</UL>

<P><STRONG><a name="[cc]"></a>_do_fflush</STRONG> (Thumb, 54 bytes, Stack size 16 bytes, D:\Keil_v5\ARM\ARMCC\Bin\..\lib\armlib\c_w.l(fflush.o)(.text))
<BR><BR>[Stack]<UL><LI>Max Depth = 672 + Unknown Stack Size
<LI>Call Chain = _do_fflush &rArr; _fflush &rArr; _writebuf &rArr; _sys_write &rArr; serial_baud &rArr; mbed_assert_internal &rArr; mbed_error_printf &rArr; serial_init &rArr;  serial_baud (Cycle)
</UL>
<BR>[Calls]<UL><LI><a href="#[cd]">&gt;&gt;</a>&nbsp;&nbsp;&nbsp;_fflush
<LI><a href="#[ce]">&gt;&gt;</a>&nbsp;&nbsp;&nbsp;_fseek
</UL>
<BR>[Called By]<UL><LI><a href="#[cf]">&gt;&gt;</a>&nbsp;&nbsp;&nbsp;fflush
<LI><a href="#[fb]">&gt;&gt;</a>&nbsp;&nbsp;&nbsp;_flushlinebuffered
</UL>

<P><STRONG><a name="[cf]"></a>fflush</STRONG> (Thumb, 42 bytes, Stack size 16 bytes, D:\Keil_v5\ARM\ARMCC\Bin\..\lib\armlib\c_w.l(fflush.o)(.text))
<BR><BR>[Stack]<UL><LI>Max Depth = 688 + Unknown Stack Size
<LI>Call Chain = fflush &rArr; _do_fflush &rArr; _fflush &rArr; _writebuf &rArr; _sys_write &rArr; serial_baud &rArr; mbed_assert_internal &rArr; mbed_error_printf &rArr; serial_init &rArr;  serial_baud (Cycle)
</UL>
<BR>[Calls]<UL><LI><a href="#[cc]">&gt;&gt;</a>&nbsp;&nbsp;&nbsp;_do_fflush
</UL>
<BR>[Called By]<UL><LI><a href="#[be]">&gt;&gt;</a>&nbsp;&nbsp;&nbsp;exit
<LI><a href="#[11e]">&gt;&gt;</a>&nbsp;&nbsp;&nbsp;mbed::Stream::printf(const char*, ...)
<LI><a href="#[11a]">&gt;&gt;</a>&nbsp;&nbsp;&nbsp;mbed::Stream::getc()
</UL>

<P><STRONG><a name="[d0]"></a>freopen</STRONG> (Thumb, 158 bytes, Stack size 24 bytes, D:\Keil_v5\ARM\ARMCC\Bin\..\lib\armlib\c_w.l(fopen.o)(.text))
<BR><BR>[Stack]<UL><LI>Max Depth = 712 + Unknown Stack Size
<LI>Call Chain = freopen &rArr; _fclose_internal &rArr; _fflush &rArr; _writebuf &rArr; _sys_write &rArr; serial_baud &rArr; mbed_assert_internal &rArr; mbed_error_printf &rArr; serial_init &rArr;  serial_baud (Cycle)
</UL>
<BR>[Calls]<UL><LI><a href="#[d2]">&gt;&gt;</a>&nbsp;&nbsp;&nbsp;_sys_open
<LI><a href="#[d1]">&gt;&gt;</a>&nbsp;&nbsp;&nbsp;_fclose_internal
<LI><a href="#[ce]">&gt;&gt;</a>&nbsp;&nbsp;&nbsp;_fseek
</UL>
<BR>[Called By]<UL><LI><a href="#[d3]">&gt;&gt;</a>&nbsp;&nbsp;&nbsp;fopen
<LI><a href="#[b4]">&gt;&gt;</a>&nbsp;&nbsp;&nbsp;_initio
</UL>

<P><STRONG><a name="[d3]"></a>fopen</STRONG> (Thumb, 74 bytes, Stack size 24 bytes, D:\Keil_v5\ARM\ARMCC\Bin\..\lib\armlib\c_w.l(fopen.o)(.text))
<BR><BR>[Stack]<UL><LI>Max Depth = 736 + Unknown Stack Size
<LI>Call Chain = fopen &rArr; freopen &rArr; _fclose_internal &rArr; _fflush &rArr; _writebuf &rArr; _sys_write &rArr; serial_baud &rArr; mbed_assert_internal &rArr; mbed_error_printf &rArr; serial_init &rArr;  serial_baud (Cycle)
</UL>
<BR>[Calls]<UL><LI><a href="#[d4]">&gt;&gt;</a>&nbsp;&nbsp;&nbsp;__aeabi_memclr4
<LI><a href="#[d0]">&gt;&gt;</a>&nbsp;&nbsp;&nbsp;freopen
<LI><a href="#[bf]">&gt;&gt;</a>&nbsp;&nbsp;&nbsp;malloc
</UL>
<BR>[Called By]<UL><LI><a href="#[144]">&gt;&gt;</a>&nbsp;&nbsp;&nbsp;mbed::mbed_fdopen(mbed::FileHandle*, const char*)
</UL>

<P><STRONG><a name="[d5]"></a>setbuf</STRONG> (Thumb, 20 bytes, Stack size 0 bytes, D:\Keil_v5\ARM\ARMCC\Bin\..\lib\armlib\c_w.l(setbuf.o)(.text))
<BR><BR>[Stack]<UL><LI>Max Depth = 16<LI>Call Chain = setbuf &rArr; setvbuf
</UL>
<BR>[Calls]<UL><LI><a href="#[d6]">&gt;&gt;</a>&nbsp;&nbsp;&nbsp;setvbuf
</UL>
<BR>[Called By]<UL><LI><a href="#[146]">&gt;&gt;</a>&nbsp;&nbsp;&nbsp;mbed::mbed_set_unbuffered_stream(std::__FILE*)
<LI><a href="#[144]">&gt;&gt;</a>&nbsp;&nbsp;&nbsp;mbed::mbed_fdopen(mbed::FileHandle*, const char*)
</UL>

<P><STRONG><a name="[d1]"></a>_fclose_internal</STRONG> (Thumb, 76 bytes, Stack size 32 bytes, D:\Keil_v5\ARM\ARMCC\Bin\..\lib\armlib\c_w.l(fclose.o)(.text))
<BR><BR>[Stack]<UL><LI>Max Depth = 688 + Unknown Stack Size
<LI>Call Chain = _fclose_internal &rArr; _fflush &rArr; _writebuf &rArr; _sys_write &rArr; serial_baud &rArr; mbed_assert_internal &rArr; mbed_error_printf &rArr; serial_init &rArr;  serial_baud (Cycle)
</UL>
<BR>[Calls]<UL><LI><a href="#[d7]">&gt;&gt;</a>&nbsp;&nbsp;&nbsp;_sys_close
<LI><a href="#[d4]">&gt;&gt;</a>&nbsp;&nbsp;&nbsp;__aeabi_memclr4
<LI><a href="#[c2]">&gt;&gt;</a>&nbsp;&nbsp;&nbsp;free
<LI><a href="#[cd]">&gt;&gt;</a>&nbsp;&nbsp;&nbsp;_fflush
</UL>
<BR>[Called By]<UL><LI><a href="#[d0]">&gt;&gt;</a>&nbsp;&nbsp;&nbsp;freopen
<LI><a href="#[104]">&gt;&gt;</a>&nbsp;&nbsp;&nbsp;_terminateio
</UL>

<P><STRONG><a name="[158]"></a>fclose</STRONG> (Thumb, 0 bytes, Stack size 32 bytes, D:\Keil_v5\ARM\ARMCC\Bin\..\lib\armlib\c_w.l(fclose.o)(.text))
<BR><BR>[Stack]<UL><LI>Max Depth = 32<LI>Call Chain = fclose
</UL>
<BR>[Called By]<UL><LI><a href="#[71]">&gt;&gt;</a>&nbsp;&nbsp;&nbsp;mbed::Stream::~Stream__sub_object()
</UL>

<P><STRONG><a name="[164]"></a>strlen</STRONG> (Thumb, 62 bytes, Stack size 8 bytes, D:\Keil_v5\ARM\ARMCC\Bin\..\lib\armlib\c_w.l(strlen.o)(.text))
<BR><BR>[Stack]<UL><LI>Max Depth = 8<LI>Call Chain = strlen
</UL>
<BR>[Called By]<UL><LI><a href="#[161]">&gt;&gt;</a>&nbsp;&nbsp;&nbsp;mbed::FileBase::lookup(const char*, unsigned)
</UL>

<P><STRONG><a name="[163]"></a>strncmp</STRONG> (Thumb, 150 bytes, Stack size 16 bytes, D:\Keil_v5\ARM\ARMCC\Bin\..\lib\armlib\c_w.l(strncmp.o)(.text))
<BR><BR>[Stack]<UL><LI>Max Depth = 16<LI>Call Chain = strncmp
</UL>
<BR>[Called By]<UL><LI><a href="#[161]">&gt;&gt;</a>&nbsp;&nbsp;&nbsp;mbed::FileBase::lookup(const char*, unsigned)
</UL>

<P><STRONG><a name="[19f]"></a>__aeabi_memcpy4</STRONG> (Thumb, 0 bytes, Stack size 8 bytes, D:\Keil_v5\ARM\ARMCC\Bin\..\lib\armlib\c_w.l(rt_memcpy_w.o)(.text))
<BR><BR>[Stack]<UL><LI>Max Depth = 8<LI>Call Chain = __aeabi_memcpy4
</UL>
<BR>[Called By]<UL><LI><a href="#[b9]">&gt;&gt;</a>&nbsp;&nbsp;&nbsp;_platform_post_stackheap_init
</UL>

<P><STRONG><a name="[20f]"></a>__aeabi_memcpy8</STRONG> (Thumb, 0 bytes, Stack size 8 bytes, D:\Keil_v5\ARM\ARMCC\Bin\..\lib\armlib\c_w.l(rt_memcpy_w.o)(.text), UNUSED)

<P><STRONG><a name="[210]"></a>__rt_memcpy_w</STRONG> (Thumb, 100 bytes, Stack size 8 bytes, D:\Keil_v5\ARM\ARMCC\Bin\..\lib\armlib\c_w.l(rt_memcpy_w.o)(.text), UNUSED)

<P><STRONG><a name="[211]"></a>_memcpy_lastbytes_aligned</STRONG> (Thumb, 0 bytes, Stack size unknown bytes, D:\Keil_v5\ARM\ARMCC\Bin\..\lib\armlib\c_w.l(rt_memcpy_w.o)(.text), UNUSED)

<P><STRONG><a name="[d4]"></a>__aeabi_memclr4</STRONG> (Thumb, 0 bytes, Stack size 4 bytes, D:\Keil_v5\ARM\ARMCC\Bin\..\lib\armlib\c_w.l(rt_memclr_w.o)(.text))
<BR><BR>[Stack]<UL><LI>Max Depth = 4<LI>Call Chain = __aeabi_memclr4
</UL>
<BR>[Called By]<UL><LI><a href="#[82]">&gt;&gt;</a>&nbsp;&nbsp;&nbsp;__sti___8_main_cpp_monRobot
<LI><a href="#[d1]">&gt;&gt;</a>&nbsp;&nbsp;&nbsp;_fclose_internal
<LI><a href="#[d3]">&gt;&gt;</a>&nbsp;&nbsp;&nbsp;fopen
<LI><a href="#[b4]">&gt;&gt;</a>&nbsp;&nbsp;&nbsp;_initio
</UL>

<P><STRONG><a name="[212]"></a>__aeabi_memclr8</STRONG> (Thumb, 0 bytes, Stack size 4 bytes, D:\Keil_v5\ARM\ARMCC\Bin\..\lib\armlib\c_w.l(rt_memclr_w.o)(.text), UNUSED)

<P><STRONG><a name="[213]"></a>__rt_memclr_w</STRONG> (Thumb, 78 bytes, Stack size 4 bytes, D:\Keil_v5\ARM\ARMCC\Bin\..\lib\armlib\c_w.l(rt_memclr_w.o)(.text), UNUSED)

<P><STRONG><a name="[214]"></a>_memset_w</STRONG> (Thumb, 0 bytes, Stack size unknown bytes, D:\Keil_v5\ARM\ARMCC\Bin\..\lib\armlib\c_w.l(rt_memclr_w.o)(.text), UNUSED)

<P><STRONG><a name="[1a1]"></a>strcmp</STRONG> (Thumb, 128 bytes, Stack size 0 bytes, D:\Keil_v5\ARM\ARMCC\Bin\..\lib\armlib\c_w.l(strcmpv7m.o)(.text))
<BR><BR>[Called By]<UL><LI><a href="#[d2]">&gt;&gt;</a>&nbsp;&nbsp;&nbsp;_sys_open
<LI><a href="#[b2]">&gt;&gt;</a>&nbsp;&nbsp;&nbsp;_get_lc_numeric
<LI><a href="#[42]">&gt;&gt;</a>&nbsp;&nbsp;&nbsp;_get_lc_ctype
</UL>

<P><STRONG><a name="[85]"></a>__cpp_initialize__aeabi_</STRONG> (Thumb, 26 bytes, Stack size 16 bytes, D:\Keil_v5\ARM\ARMCC\Bin\..\lib\armlib\c_w.l(init_aeabi.o)(.text))
<BR><BR>[Stack]<UL><LI>Max Depth = 16<LI>Call Chain = __cpp_initialize__aeabi_
</UL>
[...]

<P><STRONG><a name="[183]"></a>__aeabi_cfcmple</STRONG> (Thumb, 0 bytes, Stack size 16 bytes, D:\Keil_v5\ARM\ARMCC\Bin\..\lib\armlib\fz_ws.l(fleqf.o)(x$fpl$fleqf))
<BR><BR>[Stack]<UL><LI>Max Depth = 16<LI>Call Chain = __aeabi_cfcmple
</UL>
<BR>[Called By]<UL><LI><a href="#[185]">&gt;&gt;</a>&nbsp;&nbsp;&nbsp;Moteur::controle(float)
<LI><a href="#[16e]">&gt;&gt;</a>&nbsp;&nbsp;&nbsp;Robot::tourner(float, bool, int, float, int)
<LI><a href="#[16d]">&gt;&gt;</a>&nbsp;&nbsp;&nbsp;Robot::aller(float, float, bool, float, int, int)
</UL>

<P><STRONG><a name="[1e2]"></a>_fcmple</STRONG> (Thumb, 104 bytes, Stack size 16 bytes, D:\Keil_v5\ARM\ARMCC\Bin\..\lib\armlib\fz_ws.l(fleqf.o)(x$fpl$fleqf), UNUSED)
<BR><BR>[Calls]<UL><LI><a href="#[1da]">&gt;&gt;</a>&nbsp;&nbsp;&nbsp;__fpl_fnaninf
<LI><a href="#[1e3]">&gt;&gt;</a>&nbsp;&nbsp;&nbsp;__fpl_fcmp_Inf
</UL>

<P><STRONG><a name="[1e6]"></a>__fpl_fcmple_InfNaN</STRONG> (Thumb, 0 bytes, Stack size unknown bytes, D:\Keil_v5\ARM\ARMCC\Bin\..\lib\armlib\fz_ws.l(fleqf.o)(x$fpl$fleqf), UNUSED)
<BR><BR>[Called By]<UL><LI><a href="#[1e5]">&gt;&gt;</a>&nbsp;&nbsp;&nbsp;_frcmple
</UL>

<P><STRONG><a name="[15b]"></a>__aeabi_fmul</STRONG> (Thumb, 0 bytes, Stack size 16 bytes, D:\Keil_v5\ARM\ARMCC\Bin\..\lib\armlib\fz_ws.l(fmul.o)(x$fpl$fmul))
<BR><BR>[Stack]<UL><LI>Max Depth = 16<LI>Call Chain = __aeabi_fmul
</UL>
<BR>[Called By]<UL><LI><a href="#[14b]">&gt;&gt;</a>&nbsp;&nbsp;&nbsp;pwmout_write
<LI><a href="#[14f]">&gt;&gt;</a>&nbsp;&nbsp;&nbsp;pwmout_init
<LI><a href="#[117]">&gt;&gt;</a>&nbsp;&nbsp;&nbsp;$Super$$main
<LI><a href="#[18c]">&gt;&gt;</a>&nbsp;&nbsp;&nbsp;Odometry::Odometry(QEI*, QEI*, float, float, float)
<LI><a href="#[53]">&gt;&gt;</a>&nbsp;&nbsp;&nbsp;Odometry::update()
<LI><a href="#[15a]">&gt;&gt;</a>&nbsp;&nbsp;&nbsp;mbed::Ticker::attach(mbed::Callback&lang;void()&rang;, float)
<LI><a href="#[16e]">&gt;&gt;</a>&nbsp;&nbsp;&nbsp;Robot::tourner(float, bool, int, float, int)
<LI><a href="#[186]">&gt;&gt;</a>&nbsp;&nbsp;&nbsp;Robot::avancer(float, bool, float, int)
<LI><a href="#[16d]">&gt;&gt;</a>&nbsp;&nbsp;&nbsp;Robot::aller(float, float, bool, float, int, int)
<LI><a href="#[16f]">&gt;&gt;</a>&nbsp;&nbsp;&nbsp;Robot::vitesseAngulaireVoulu(float&, float&)
<LI><a href="#[187]">&gt;&gt;</a>&nbsp;&nbsp;&nbsp;sinf
<LI><a href="#[188]">&gt;&gt;</a>&nbsp;&nbsp;&nbsp;cosf
<LI><a href="#[195]">&gt;&gt;</a>&nbsp;&nbsp;&nbsp;atan2f
<LI><a href="#[19b]">&gt;&gt;</a>&nbsp;&nbsp;&nbsp;__mathlib_rredf2
</UL>

<P><STRONG><a name="[1e4]"></a>_fmul</STRONG> (Thumb, 258 bytes, Stack size 16 bytes, D:\Keil_v5\ARM\ARMCC\Bin\..\lib\armlib\fz_ws.l(fmul.o)(x$fpl$fmul), UNUSED)
<BR><BR>[Calls]<UL><LI><a href="#[1cc]">&gt;&gt;</a>&nbsp;&nbsp;&nbsp;__fpl_fretinf
<LI><a href="#[1da]">&gt;&gt;</a>&nbsp;&nbsp;&nbsp;__fpl_fnaninf
</UL>

<P><STRONG><a name="[1da]"></a>__fpl_fnaninf</STRONG> (Thumb, 140 bytes, Stack size 8 bytes, D:\Keil_v5\ARM\ARMCC\Bin\..\lib\armlib\fz_ws.l(fnaninf.o)(x$fpl$fnaninf))
<BR><BR>[Stack]<UL><LI>Max Depth = 8<LI>Call Chain = __fpl_fnaninf
</UL>
<BR>[Called By]<UL><LI><a href="#[1e4]">&gt;&gt;</a>&nbsp;&nbsp;&nbsp;_fmul
<LI><a href="#[1e2]">&gt;&gt;</a>&nbsp;&nbsp;&nbsp;_fcmple
<LI><a href="#[1ea]">&gt;&gt;</a>&nbsp;&nbsp;&nbsp;_ll_ufrom_f
<LI><a href="#[1e1]">&gt;&gt;</a>&nbsp;&nbsp;&nbsp;_ffixu
<LI><a href="#[1e0]">&gt;&gt;</a>&nbsp;&nbsp;&nbsp;_ffix
<LI><a href="#[1df]">&gt;&gt;</a>&nbsp;&nbsp;&nbsp;_fdiv
<LI><a href="#[1e9]">&gt;&gt;</a>&nbsp;&nbsp;&nbsp;_fsub
<LI><a href="#[1db]">&gt;&gt;</a>&nbsp;&nbsp;&nbsp;_fadd
<LI><a href="#[1d9]">&gt;&gt;</a>&nbsp;&nbsp;&nbsp;_f2d
<LI><a href="#[1c5]">&gt;&gt;</a>&nbsp;&nbsp;&nbsp;_fsqrt
<LI><a href="#[1a7]">&gt;&gt;</a>&nbsp;&nbsp;&nbsp;_frnd
</UL>

<P><STRONG><a name="[1cc]"></a>__fpl_fretinf</STRONG> (Thumb, 10 bytes, Stack size 0 bytes, D:\Keil_v5\ARM\ARMCC\Bin\..\lib\armlib\fz_ws.l(fretinf.o)(x$fpl$fretinf), UNUSED)
<BR><BR>[Called By]<UL><LI><a href="#[1e4]">&gt;&gt;</a>&nbsp;&nbsp;&nbsp;_fmul
<LI><a href="#[1df]">&gt;&gt;</a>&nbsp;&nbsp;&nbsp;_fdiv
<LI><a href="#[1db]">&gt;&gt;</a>&nbsp;&nbsp;&nbsp;_fadd
<LI><a href="#[1cb]">&gt;&gt;</a>&nbsp;&nbsp;&nbsp;_d2f
</UL>

<P><STRONG><a name="[11c]"></a>__aeabi_cfrcmple</STRONG> (Thumb, 0 bytes, Stack size 0 bytes, D:\Keil_v5\ARM\ARMCC\Bin\..\lib\armlib\fz_ws.l(frleqf.o)(x$fpl$frleqf))
<BR><BR>[Called By]<UL><LI><a href="#[185]">&gt;&gt;</a>&nbsp;&nbsp;&nbsp;Moteur::controle(float)
<LI><a href="#[16e]">&gt;&gt;</a>&nbsp;&nbsp;&nbsp;Robot::tourner(float, bool, int, float, int)
<LI><a href="#[16d]">&gt;&gt;</a>&nbsp;&nbsp;&nbsp;Robot::aller(float, float, bool, float, int, int)
<LI><a href="#[16f]">&gt;&gt;</a>&nbsp;&nbsp;&nbsp;Robot::vitesseAngulaireVoulu(float&, float&)
<LI><a href="#[11b]">&gt;&gt;</a>&nbsp;&nbsp;&nbsp;sign(float)
</UL>

<P><STRONG><a name="[1e5]"></a>_frcmple</STRONG> (Thumb, 98 bytes, Stack size 0 bytes, D:\Keil_v5\ARM\ARMCC\Bin\..\lib\armlib\fz_ws.l(frleqf.o)(x$fpl$frleqf), UNUSED)
<BR><BR>[Calls]<UL><LI><a href="#[1e6]">&gt;&gt;</a>&nbsp;&nbsp;&nbsp;__fpl_fcmple_InfNaN
</UL>

<P><STRONG><a name="[1a7]"></a>_frnd</STRONG> (Thumb, 96 bytes, Stack size 8 bytes, D:\Keil_v5\ARM\ARMCC\Bin\..\lib\armlib\fz_ws.l(frnd.o)(x$fpl$frnd))
<BR><BR>[Stack]<UL><LI>Max Depth = 16<LI>Call Chain = _frnd &rArr; __fpl_fnaninf
</UL>
<BR>[Calls]<UL><LI><a href="#[1da]">&gt;&gt;</a>&nbsp;&nbsp;&nbsp;__fpl_fnaninf
</UL>
<BR>[Called By]<UL><LI><a href="#[187]">&gt;&gt;</a>&nbsp;&nbsp;&nbsp;sinf
<LI><a href="#[188]">&gt;&gt;</a>&nbsp;&nbsp;&nbsp;cosf
</UL>

<P><STRONG><a name="[17c]"></a>__aeabi_frsub</STRONG> (Thumb, 0 bytes, Stack size 0 bytes, D:\Keil_v5\ARM\ARMCC\Bin\..\lib\armlib\fz_ws.l(faddsub_clz.o)(x$fpl$frsb))
<BR><BR>[Called By]<UL><LI><a href="#[16e]">&gt;&gt;</a>&nbsp;&nbsp;&nbsp;Robot::tourner(float, bool, int, float, int)
<LI><a href="#[16d]">&gt;&gt;</a>&nbsp;&nbsp;&nbsp;Robot::aller(float, float, bool, float, int, int)
<LI><a href="#[187]">&gt;&gt;</a>&nbsp;&nbsp;&nbsp;sinf
<LI><a href="#[188]">&gt;&gt;</a>&nbsp;&nbsp;&nbsp;cosf
<LI><a href="#[195]">&gt;&gt;</a>&nbsp;&nbsp;&nbsp;atan2f
<LI><a href="#[19b]">&gt;&gt;</a>&nbsp;&nbsp;&nbsp;__mathlib_rredf2
</UL>

<P><STRONG><a name="[1e7]"></a>_frsb</STRONG> (Thumb, 20 bytes, Stack size 0 bytes, D:\Keil_v5\ARM\ARMCC\Bin\..\lib\armlib\fz_ws.l(faddsub_clz.o)(x$fpl$frsb), UNUSED)
<BR><BR>[Calls]<UL><LI><a href="#[1dc]">&gt;&gt;</a>&nbsp;&nbsp;&nbsp;_fsub1
<LI><a href="#[1e8]">&gt;&gt;</a>&nbsp;&nbsp;&nbsp;_fadd1
</UL>

<P><STRONG><a name="[1c5]"></a>_fsqrt</STRONG> (Thumb, 272 bytes, Stack size 24 bytes, D:\Keil_v5\ARM\ARMCC\Bin\..\lib\armlib\fz_ws.l(fsqrt.o)(x$fpl$fsqrt))
<BR><BR>[Stack]<UL><LI>Max Depth = 32<LI>Call Chain = _fsqrt &rArr; __fpl_fnaninf
</UL>
<BR>[Calls]<UL><LI><a href="#[1da]">&gt;&gt;</a>&nbsp;&nbsp;&nbsp;__fpl_fnaninf
</UL>
<BR>[Called By]<UL><LI><a href="#[194]">&gt;&gt;</a>&nbsp;&nbsp;&nbsp;sqrtf
</UL>

<P><STRONG><a name="[172]"></a>__aeabi_fsub</STRONG> (Thumb, 0 bytes, Stack size 16 bytes, D:\Keil_v5\ARM\ARMCC\Bin\..\lib\armlib\fz_ws.l(faddsub_clz.o)(x$fpl$fsub))
<BR><BR>[Stack]<UL><LI>Max Depth = 16<LI>Call Chain = __aeabi_fsub
</UL>
<BR>[Called By]<UL><LI><a href="#[53]">&gt;&gt;</a>&nbsp;&nbsp;&nbsp;Odometry::update()
<LI><a href="#[16e]">&gt;&gt;</a>&nbsp;&nbsp;&nbsp;Robot::tourner(float, bool, int, float, int)
<LI><a href="#[16d]">&gt;&gt;</a>&nbsp;&nbsp;&nbsp;Robot::aller(float, float, bool, float, int, int)
<LI><a href="#[16f]">&gt;&gt;</a>&nbsp;&nbsp;&nbsp;Robot::vitesseAngulaireVoulu(float&, float&)
<LI><a href="#[187]">&gt;&gt;</a>&nbsp;&nbsp;&nbsp;sinf
<LI><a href="#[188]">&gt;&gt;</a>&nbsp;&nbsp;&nbsp;cosf
<LI><a href="#[195]">&gt;&gt;</a>&nbsp;&nbsp;&nbsp;atan2f
<LI><a href="#[19b]">&gt;&gt;</a>&nbsp;&nbsp;&nbsp;__mathlib_rredf2
</UL>

<P><STRONG><a name="[1e9]"></a>_fsub</STRONG> (Thumb, 234 bytes, Stack size 16 bytes, D:\Keil_v5\ARM\ARMCC\Bin\..\lib\armlib\fz_ws.l(faddsub_clz.o)(x$fpl$fsub), UNUSED)
<BR><BR>[Calls]<UL><LI><a href="#[1e8]">&gt;&gt;</a>&nbsp;&nbsp;&nbsp;_fadd1
<LI><a href="#[1da]">&gt;&gt;</a>&nbsp;&nbsp;&nbsp;__fpl_fnaninf
</UL>

<P><STRONG><a name="[15c]"></a>__aeabi_f2ulz</STRONG> (Thumb, 0 bytes, Stack size 16 bytes, D:\Keil_v5\ARM\ARMCC\Bin\..\lib\armlib\fz_ws.l(ffixull.o)(x$fpl$llufromf))
<BR><BR>[Stack]<UL><LI>Max Depth = 16<LI>Call Chain = __aeabi_f2ulz
</UL>
<BR>[Called By]<UL><LI><a href="#[117]">&gt;&gt;</a>&nbsp;&nbsp;&nbsp;$Super$$main
<LI><a href="#[18c]">&gt;&gt;</a>&nbsp;&nbsp;&nbsp;Odometry::Odometry(QEI*, QEI*, float, float, float)
<LI><a href="#[15a]">&gt;&gt;</a>&nbsp;&nbsp;&nbsp;mbed::Ticker::attach(mbed::Callback&lang;void()&rang;, float)
</UL>

<P><STRONG><a name="[1ea]"></a>_ll_ufrom_f</STRONG> (Thumb, 92 bytes, Stack size 16 bytes, D:\Keil_v5\ARM\ARMCC\Bin\..\lib\armlib\fz_ws.l(ffixull.o)(x$fpl$llufromf), UNUSED)
<BR><BR>[Calls]<UL><LI><a href="#[1da]">&gt;&gt;</a>&nbsp;&nbsp;&nbsp;__fpl_fnaninf
</UL>

<P><STRONG><a name="[8f]"></a>_printf_fp_dec</STRONG> (Thumb, 4 bytes, Stack size 0 bytes, D:\Keil_v5\ARM\ARMCC\Bin\..\lib\armlib\fz_ws.l(printf1.o)(x$fpl$printf1))
<BR><BR>[Stack]<UL><LI>Max Depth = 324<LI>Call Chain = _printf_fp_dec &rArr; _printf_fp_dec_real &rArr; _fp_digits &rArr; _btod_etento &rArr; _btod_emul &rArr; _e2e
</UL>
<BR>[Calls]<UL><LI><a href="#[ed]">&gt;&gt;</a>&nbsp;&nbsp;&nbsp;_printf_fp_dec_real
</UL>
<BR>[Called By]<UL><LI><a href="#[8e]">&gt;&gt;</a>&nbsp;&nbsp;&nbsp;_printf_f
<LI><a href="#[91]">&gt;&gt;</a>&nbsp;&nbsp;&nbsp;_printf_g
<LI><a href="#[90]">&gt;&gt;</a>&nbsp;&nbsp;&nbsp;_printf_e
</UL>

<P><STRONG><a name="[93]"></a>_printf_fp_hex</STRONG> (Thumb, 4 bytes, Stack size 0 bytes, D:\Keil_v5\ARM\ARMCC\Bin\..\lib\armlib\fz_ws.l(printf2.o)(x$fpl$printf2))
<BR><BR>[Stack]<UL><LI>Max Depth = 112<LI>Call Chain = _printf_fp_hex &rArr; _printf_fp_hex_real &rArr; _printf_fp_infnan &rArr; _printf_post_padding
</UL>
<BR>[Calls]<UL><LI><a href="#[108]">&gt;&gt;</a>&nbsp;&nbsp;&nbsp;_printf_fp_hex_real
</UL>
<BR>[Called By]<UL><LI><a href="#[92]">&gt;&gt;</a>&nbsp;&nbsp;&nbsp;_printf_a
</UL>

<P><STRONG><a name="[1de]"></a>__fpl_return_NaN</STRONG> (Thumb, 100 bytes, Stack size 0 bytes, D:\Keil_v5\ARM\ARMCC\Bin\..\lib\armlib\fz_ws.l(retnan.o)(x$fpl$retnan))
<BR><BR>[Calls]<UL><LI><a href="#[1eb]">&gt;&gt;</a>&nbsp;&nbsp;&nbsp;__fpl_cmpreturn
</UL>
<BR>[Called By]<UL><LI><a href="#[1dd]">&gt;&gt;</a>&nbsp;&nbsp;&nbsp;__fpl_fcheck_NaN1
</UL>

<P><STRONG><a name="[197]"></a>__ARM_scalbnf</STRONG> (Thumb, 76 bytes, Stack size 0 bytes, D:\Keil_v5\ARM\ARMCC\Bin\..\lib\armlib\fz_ws.l(scalbnf.o)(x$fpl$scalbnf))
<BR><BR>[Calls]<UL><LI><a href="#[1dd]">&gt;&gt;</a>&nbsp;&nbsp;&nbsp;__fpl_fcheck_NaN1
</UL>
<BR>[Called By]<UL><LI><a href="#[19b]">&gt;&gt;</a>&nbsp;&nbsp;&nbsp;__mathlib_rredf2
<LI><a href="#[19a]">&gt;&gt;</a>&nbsp;&nbsp;&nbsp;__mathlib_flt_underflow
<LI><a href="#[196]">&gt;&gt;</a>&nbsp;&nbsp;&nbsp;__mathlib_flt_infnan
</UL>

<P><STRONG><a name="[1eb]"></a>__fpl_cmpreturn</STRONG> (Thumb, 48 bytes, Stack size 0 bytes, D:\Keil_v5\ARM\ARMCC\Bin\..\lib\armlib\fz_ws.l(trapv.o)(x$fpl$trapveneer))
<BR><BR>[Called By]<UL><LI><a href="#[1de]">&gt;&gt;</a>&nbsp;&nbsp;&nbsp;__fpl_return_NaN
</UL>
<P>
<H3>
Local Symbols
</H3>
<P><STRONG><a name="[4c]"></a>handle_interrupt_in</STRONG> (Thumb, 226 bytes, Stack size 40 bytes, mbed/TARGET_LPC1768/TOOLCHAIN_ARM_STD/gpio_irq_api.o(i.handle_interrupt_in))
<BR><BR>[Stack]<UL><LI>Max Depth = 40<LI>Call Chain = handle_interrupt_in
</UL>
<BR>[Address Reference Count : 1]<UL><LI> gpio_irq_api.o(i.gpio_irq_init)
</UL>
<P><STRONG><a name="[1c3]"></a>serial_irq_set_internal</STRONG> (Thumb, 222 bytes, Stack size 12 bytes, mbed/TARGET_LPC1768/TOOLCHAIN_ARM_STD/serial_api.o(i.serial_irq_set_internal))
<BR><BR>[Stack]<UL><LI>Max Depth = 12<LI>Call Chain = serial_irq_set_internal
</UL>
<BR>[Called By]<UL><LI><a href="#[1c2]">&gt;&gt;</a>&nbsp;&nbsp;&nbsp;serial_set_flow_control
<LI><a href="#[132]">&gt;&gt;</a>&nbsp;&nbsp;&nbsp;serial_irq_set
</UL>

<P><STRONG><a name="[1c7]"></a>uart_irq</STRONG> (Thumb, 94 bytes, Stack size 8 bytes, mbed/TARGET_LPC1768/TOOLCHAIN_ARM_STD/serial_api.o(i.uart_irq))
<BR><BR>[Stack]<UL><LI>Max Depth = 8<LI>Call Chain = uart_irq
</UL>
<BR>[Called By]<UL><LI><a href="#[51]">&gt;&gt;</a>&nbsp;&nbsp;&nbsp;uart3_irq
<LI><a href="#[50]">&gt;&gt;</a>&nbsp;&nbsp;&nbsp;uart2_irq
<LI><a href="#[4f]">&gt;&gt;</a>&nbsp;&nbsp;&nbsp;uart1_irq
<LI><a href="#[4e]">&gt;&gt;</a>&nbsp;&nbsp;&nbsp;uart0_irq
</UL>

<P><STRONG><a name="[81]"></a>__sti___9_Robot_cpp__Z4signf</STRONG> (Thumb, 96 bytes, Stack size 16 bytes, .\build\robot.o(i.__sti___9_Robot_cpp__Z4signf))
<BR><BR>[Stack]<UL><LI>Max Depth = 792 + Unknown Stack Size
<LI>Call Chain = __sti___9_Robot_cpp__Z4signf &rArr; mbed::Serial::Serial(PinName, PinName, int) &rArr; mbed::Stream::Stream__sub_object(const char*) &rArr; mbed::fdopen(mbed::FileHandle*, const char*) &rArr; mbed::mbed_fdopen(mbed::FileHandle*, const char*) &rArr; fopen &rArr; freopen &rArr; _fclose_internal &rArr; _fflush &rArr; _writebuf &rArr; _sys_write &rArr; serial_baud &rArr; mbed_assert_internal &rArr; mbed_error_printf &rArr; serial_init &rArr;  serial_baud (Cycle)
</UL>
<BR>[Calls]<UL><LI><a href="#[19d]">&gt;&gt;</a>&nbsp;&nbsp;&nbsp;__aeabi_atexit
<LI><a href="#[13a]">&gt;&gt;</a>&nbsp;&nbsp;&nbsp;mbed::TimerEvent::TimerEvent__sub_object()
<LI><a href="#[17a]">&gt;&gt;</a>&nbsp;&nbsp;&nbsp;mbed::Callback&lang;void()&rang;::Callback(void(*)())
<LI><a href="#[152]">&gt;&gt;</a>&nbsp;&nbsp;&nbsp;mbed::Serial::Serial(PinName, PinName, int)
</UL>
<BR>[Address Reference Count : 1]<UL><LI> robot.o(.init_array)
</UL>
<P><STRONG><a name="[82]"></a>__sti___8_main_cpp_monRobot</STRONG> (Thumb, 170 bytes, Stack size 40 bytes, .\build\main.o(i.__sti___8_main_cpp_monRobot))
<BR><BR>[Stack]<UL><LI>Max Depth = 816 + Unknown Stack Size
<LI>Call Chain = __sti___8_main_cpp_monRobot &rArr; mbed::Serial::Serial(PinName, PinName, int) &rArr; mbed::Stream::Stream__sub_object(const char*) &rArr; mbed::fdopen(mbed::FileHandle*, const char*) &rArr; mbed::mbed_fdopen(mbed::FileHandle*, const char*) &rArr; fopen &rArr; freopen &rArr; _fclose_internal &rArr; _fflush &rArr; _writebuf &rArr; _sys_write &rArr; serial_baud &rArr; mbed_assert_internal &rArr; mbed_error_printf &rArr; serial_init &rArr;  serial_baud (Cycle)
</UL>
<BR>[Calls]<UL><LI><a href="#[142]">&gt;&gt;</a>&nbsp;&nbsp;&nbsp;gpio_init_in
<LI><a href="#[19d]">&gt;&gt;</a>&nbsp;&nbsp;&nbsp;__aeabi_atexit
<LI><a href="#[13a]">&gt;&gt;</a>&nbsp;&nbsp;&nbsp;mbed::TimerEvent::TimerEvent__sub_object()
<LI><a href="#[17a]">&gt;&gt;</a>&nbsp;&nbsp;&nbsp;mbed::Callback&lang;void()&rang;::Callback(void(*)())
<LI><a href="#[152]">&gt;&gt;</a>&nbsp;&nbsp;&nbsp;mbed::Serial::Serial(PinName, PinName, int)
<LI><a href="#[189]">&gt;&gt;</a>&nbsp;&nbsp;&nbsp;Robot::Robot(PinName, PinName, PinName, PinName, PinName, PinName, PinName, PinName)
<LI><a href="#[d4]">&gt;&gt;</a>&nbsp;&nbsp;&nbsp;__aeabi_memclr4
</UL>
<BR>[Address Reference Count : 1]<UL><LI> main.o(.init_array)
</UL>
<P><STRONG><a name="[43]"></a>&lang;Func1&rang;</STRONG> (Thumb, 12 bytes, Stack size 0 bytes, mbed/TARGET_LPC1768/TOOLCHAIN_ARM_STD/mbed.ar(SerialBase.o)(i.<Func1>))
<BR>[Address Reference Count : 1]<UL><LI> SerialBase.o(i._ZN4mbed10SerialBaseC1E7PinNameS1_i)
</UL>
<P><STRONG><a name="[1b6]"></a>initialize</STRONG> (Thumb, 198 bytes, Stack size 32 bytes, mbed/TARGET_LPC1768/TOOLCHAIN_ARM_STD/mbed.ar(mbed_ticker_api.o)(i.initialize))
<BR><BR>[Stack]<UL><LI>Max Depth = 144 + In Cycle
<LI>Call Chain = initialize &rArr;  mbed_assert_internal (Cycle)
</UL>
<BR>[Calls]<UL><LI><a href="#[13f]">&gt;&gt;</a>&nbsp;&nbsp;&nbsp;mbed_assert_internal
<LI><a href="#[1b8]">&gt;&gt;</a>&nbsp;&nbsp;&nbsp;__aeabi_llsl
<LI><a href="#[1b7]">&gt;&gt;</a>&nbsp;&nbsp;&nbsp;__aeabi_uldivmod
<LI><a href="#[1b9]">&gt;&gt;</a>&nbsp;&nbsp;&nbsp;update_present_time
<LI><a href="#[1ba]">&gt;&gt;</a>&nbsp;&nbsp;&nbsp;schedule_interrupt
</UL>
<BR>[Called By]<UL><LI><a href="#[1c6]">&gt;&gt;</a>&nbsp;&nbsp;&nbsp;ticker_read
<LI><a href="#[13c]">&gt;&gt;</a>&nbsp;&nbsp;&nbsp;ticker_set_handler
<LI><a href="#[148]">&gt;&gt;</a>&nbsp;&nbsp;&nbsp;ticker_read_us
</UL>

<P><STRONG><a name="[1ba]"></a>schedule_interrupt</STRONG> (Thumb, 224 bytes, Stack size 32 bytes, mbed/TARGET_LPC1768/TOOLCHAIN_ARM_STD/mbed.ar(mbed_ticker_api.o)(i.schedule_interrupt))
<BR><BR>[Stack]<UL><LI>Max Depth = 112<LI>Call Chain = schedule_interrupt &rArr; update_present_time &rArr; __aeabi_uldivmod
</UL>
<BR>[Calls]<UL><LI><a href="#[1b7]">&gt;&gt;</a>&nbsp;&nbsp;&nbsp;__aeabi_uldivmod
<LI><a href="#[1b9]">&gt;&gt;</a>&nbsp;&nbsp;&nbsp;update_present_time
</UL>
<BR>[Called By]<UL><LI><a href="#[1b6]">&gt;&gt;</a>&nbsp;&nbsp;&nbsp;initialize
<LI><a href="#[83]">&gt;&gt;</a>&nbsp;&nbsp;&nbsp;ticker_irq_handler
<LI><a href="#[139]">&gt;&gt;</a>&nbsp;&nbsp;&nbsp;ticker_remove_event
<LI><a href="#[137]">&gt;&gt;</a>&nbsp;&nbsp;&nbsp;ticker_insert_event_us
</UL>

<P><STRONG><a name="[1b9]"></a>update_present_time</STRONG> (Thumb, 254 bytes, Stack size 32 bytes, mbed/TARGET_LPC1768/TOOLCHAIN_ARM_STD/mbed.ar(mbed_ticker_api.o)(i.update_present_time))
<BR><BR>[Stack]<UL><LI>Max Depth = 80<LI>Call Chain = update_present_time &rArr; __aeabi_uldivmod
</UL>
<BR>[Calls]<UL><LI><a href="#[1b7]">&gt;&gt;</a>&nbsp;&nbsp;&nbsp;__aeabi_uldivmod
</UL>
<BR>[Called By]<UL><LI><a href="#[1c6]">&gt;&gt;</a>&nbsp;&nbsp;&nbsp;ticker_read
<LI><a href="#[1ba]">&gt;&gt;</a>&nbsp;&nbsp;&nbsp;schedule_interrupt
<LI><a href="#[1b6]">&gt;&gt;</a>&nbsp;&nbsp;&nbsp;initialize
<LI><a href="#[83]">&gt;&gt;</a>&nbsp;&nbsp;&nbsp;ticker_irq_handler
<LI><a href="#[137]">&gt;&gt;</a>&nbsp;&nbsp;&nbsp;ticker_insert_event_us
<LI><a href="#[148]">&gt;&gt;</a>&nbsp;&nbsp;&nbsp;ticker_read_us
</UL>

<P><STRONG><a name="[1d8]"></a>_dadd1</STRONG> (Thumb, 0 bytes, Stack size unknown bytes, D:\Keil_v5\ARM\ARMCC\Bin\..\lib\armlib\fz_ws.l(daddsub_clz.o)(x$fpl$dadd), UNUSED)
<BR><BR>[Called By]<UL><LI><a href="#[1d7]">&gt;&gt;</a>&nbsp;&nbsp;&nbsp;_dsub
</UL>

<P><STRONG><a name="[1cf]"></a>_dsub1</STRONG> (Thumb, 0 bytes, Stack size unknown bytes, D:\Keil_v5\ARM\ARMCC\Bin\..\lib\armlib\fz_ws.l(daddsub_clz.o)(x$fpl$dsub), UNUSED)
<BR><BR>[Called By]<UL><LI><a href="#[1ce]">&gt;&gt;</a>&nbsp;&nbsp;&nbsp;_dadd
</UL>

<P><STRONG><a name="[1e8]"></a>_fadd1</STRONG> (Thumb, 0 bytes, Stack size unknown bytes, D:\Keil_v5\ARM\ARMCC\Bin\..\lib\armlib\fz_ws.l(faddsub_clz.o)(x$fpl$fadd), UNUSED)
<BR><BR>[Called By]<UL><LI><a href="#[1e9]">&gt;&gt;</a>&nbsp;&nbsp;&nbsp;_fsub
<LI><a href="#[1e7]">&gt;&gt;</a>&nbsp;&nbsp;&nbsp;_frsb
</UL>

<P><STRONG><a name="[1dc]"></a>_fsub1</STRONG> (Thumb, 0 bytes, Stack size unknown bytes, D:\Keil_v5\ARM\ARMCC\Bin\..\lib\armlib\fz_ws.l(faddsub_clz.o)(x$fpl$fsub), UNUSED)
<BR><BR>[Called By]<UL><LI><a href="#[1e7]">&gt;&gt;</a>&nbsp;&nbsp;&nbsp;_frsb
<LI><a href="#[1db]">&gt;&gt;</a>&nbsp;&nbsp;&nbsp;_fadd
</UL>

<P><STRONG><a name="[e7]"></a>_fp_digits</STRONG> (Thumb, 432 bytes, Stack size 96 bytes, D:\Keil_v5\ARM\ARMCC\Bin\..\lib\armlib\c_w.l(_printf_fp_dec.o)(.text))
<BR><BR>[Stack]<UL><LI>Max Depth = 220<LI>Call Chain = _fp_digits &rArr; _btod_etento &rArr; _btod_emul &rArr; _e2e
</UL>
<BR>[Calls]<UL><LI><a href="#[eb]">&gt;&gt;</a>&nbsp;&nbsp;&nbsp;_btod_emul
<LI><a href="#[ea]">&gt;&gt;</a>&nbsp;&nbsp;&nbsp;_btod_ediv
<LI><a href="#[e9]">&gt;&gt;</a>&nbsp;&nbsp;&nbsp;_btod_d2e
<LI><a href="#[e8]">&gt;&gt;</a>&nbsp;&nbsp;&nbsp;_btod_etento
<LI><a href="#[ec]">&gt;&gt;</a>&nbsp;&nbsp;&nbsp;_ll_udiv10
</UL>
<BR>[Called By]<UL><LI><a href="#[ed]">&gt;&gt;</a>&nbsp;&nbsp;&nbsp;_printf_fp_dec_real
</UL>

<P><STRONG><a name="[40]"></a>_printf_input_char</STRONG> (Thumb, 10 bytes, Stack size 0 bytes, D:\Keil_v5\ARM\ARMCC\Bin\..\lib\armlib\c_w.l(_printf_char_common.o)(.text))
<BR>[Address Reference Count : 1]<UL><LI> _printf_char_common.o(.text)
</UL><P>
<H3>
Undefined Global Symbols
</H3><HR></body></html>
